2026-05-11 08:47:06,375 - ERROR - [database.db] - Failed to initialize database connection pool. Ensure PostgreSQL is running. Error: connection to server at "localhost" (127.0.0.1), port 5432 failed: FATAL:  password authentication failed for user "postgres"
connection to server at "localhost" (127.0.0.1), port 5432 failed: FATAL:  password authentication failed for user "postgres"

2026-05-11 08:47:06,376 - ERROR - [database.db] - Failed to execute schema: Database pool is not initialized. Check connection credentials.
2026-05-11 08:53:23,479 - ERROR - [database.db] - Failed to initialize database connection pool. Ensure PostgreSQL is running. Error: connection to server at "localhost" (127.0.0.1), port 5432 failed: FATAL:  password authentication failed for user "postgres"
connection to server at "localhost" (127.0.0.1), port 5432 failed: FATAL:  password authentication failed for user "postgres"

2026-05-11 08:53:23,479 - ERROR - [database.db] - Failed to execute schema: Database pool is not initialized. Check connection credentials.
2026-05-11 09:02:42,100 - INFO - [database.db] - Database connection pool initialized.
2026-05-11 09:02:44,284 - INFO - [database.db] - Database schema executed successfully.
2026-05-11 22:06:42,332 - INFO - [database.db] - Database connection pool initialized.
2026-05-11 22:06:42,822 - INFO - [database.db] - Database schema executed successfully.
2026-05-11 22:19:00,108 - INFO - [database.db] - Database connection pool initialized.
2026-05-11 22:19:00,214 - INFO - [database.db] - Database schema executed successfully.
2026-05-11 22:31:33,183 - INFO - [database.db] - Database connection pool initialized.
2026-05-11 22:31:33,185 - INFO - [database.db] - Database schema executed successfully.
2026-05-15 20:47:01,851 - INFO - [database.db] - Database connection pool initialized.
2026-05-15 20:47:03,350 - INFO - [database.db] - Database schema executed successfully.
2026-05-15 20:50:00,311 - INFO - [database.db] - Database connection pool initialized.
2026-05-15 20:50:00,314 - INFO - [database.db] - Database schema executed successfully.
2026-05-15 23:35:17,244 - INFO - [database.db] - Database connection pool initialized.
2026-05-15 23:35:17,367 - INFO - [database.db] - Database schema executed successfully.
2026-05-15 23:37:05,602 - INFO - [database.db] - Database connection pool initialized.
2026-05-15 23:37:05,605 - INFO - [database.db] - Database schema executed successfully.
2026-05-15 23:41:06,079 - INFO - [database.db] - Database connection pool initialized.
2026-05-15 23:41:06,082 - INFO - [database.db] - Database schema executed successfully.
2026-05-16 00:09:27,539 - INFO - [database.db] - Database connection pool initialized.
2026-05-16 00:09:27,629 - INFO - [database.db] - Database schema executed successfully.
2026-05-16 01:02:00,935 - INFO - [database.db] - Database connection pool initialized.
2026-05-16 01:02:01,041 - INFO - [database.db] - Database schema executed successfully.
2026-05-16 01:08:24,509 - INFO - [database.db] - Database connection pool initialized.
2026-05-16 01:08:24,511 - INFO - [database.db] - Database schema executed successfully.
2026-05-16 01:08:56,994 - INFO - [database.db] - Database connection pool initialized.
2026-05-16 01:08:56,997 - INFO - [database.db] - Database schema executed successfully.
2026-05-16 01:19:09,469 - INFO - [database.db] - Database connection pool initialized.
2026-05-16 01:19:09,472 - INFO - [database.db] - Database schema executed successfully.
2026-05-16 01:20:37,652 - INFO - [database.db] - Database connection pool initialized.
2026-05-16 01:20:37,654 - INFO - [database.db] - Database schema executed successfully.
2026-05-16 02:03:43,401 - INFO - [database.db] - Database connection pool initialized.
2026-05-16 02:03:43,508 - INFO - [database.db] - Database schema executed successfully.
2026-05-16 02:03:47,982 - INFO - [database.db] - Database connection pool initialized.
2026-05-16 02:03:47,984 - INFO - [database.db] - Database schema executed successfully.
2026-05-16 02:04:17,693 - INFO - [database.db] - Database connection pool initialized.
2026-05-16 02:04:17,695 - INFO - [database.db] - Database schema executed successfully.
2026-05-16 02:04:46,866 - INFO - [database.db] - Database connection pool initialized.
2026-05-16 02:04:46,869 - INFO - [database.db] - Database schema executed successfully.
2026-05-16 04:28:55,806 - INFO - [database.db] - Database connection pool initialized.
2026-05-16 04:28:56,474 - INFO - [database.db] - Database schema executed successfully.
2026-05-16 12:21:42,321 - INFO - [database.db] - Database connection pool initialized.
2026-05-16 12:21:42,894 - INFO - [database.db] - Database schema executed successfully.
2026-05-16 12:23:11,117 - INFO - [database.db] - Database connection pool initialized.
2026-05-16 12:23:11,119 - INFO - [database.db] - Database schema executed successfully.
2026-05-17 12:13:23,982 - INFO - [database.db] - Database connection pool initialized.
2026-05-17 12:13:24,223 - INFO - [database.db] - Database schema executed successfully.
2026-05-17 13:36:13,325 - INFO - [database.db] - Database connection pool initialized.
2026-05-17 13:36:13,541 - INFO - [database.db] - Database schema executed successfully.
2026-05-17 14:00:51,532 - INFO - [database.db] - Database connection pool initialized.
2026-05-17 14:00:52,748 - INFO - [database.db] - Database schema executed successfully.
2026-05-17 14:02:21,518 - INFO - [database.db] - Database connection pool initialized.
2026-05-17 14:02:21,522 - INFO - [database.db] - Database schema executed successfully.
2026-05-17 14:03:09,552 - INFO - [database.db] - Database connection pool initialized.
2026-05-17 14:03:09,556 - INFO - [database.db] - Database schema executed successfully.
