2026-05-15 23:36:45,179 - INFO - [analyzer.outreach_generator] - Generated outreach materials for George Dimov CPA.
2026-05-15 23:36:45,415 - INFO - [analyzer.outreach_generator] - Generated outreach materials for Miller & Company LLP: CPA of NYC.
2026-05-15 23:36:45,659 - INFO - [analyzer.outreach_generator] - Generated outreach materials for CHAN & COMPANY LLC.
2026-05-15 23:37:46,563 - INFO - [analyzer.outreach_generator] - Generated outreach materials for George Dimov CPA.
2026-05-15 23:37:46,857 - INFO - [analyzer.outreach_generator] - Generated outreach materials for Miller & Company LLP: CPA of NYC.
2026-05-15 23:37:47,101 - INFO - [analyzer.outreach_generator] - Generated outreach materials for CHAN & COMPANY LLC.
2026-05-15 23:41:43,375 - INFO - [analyzer.outreach_generator] - Generated outreach materials for Supreme Bakers.
2026-05-15 23:41:43,628 - INFO - [analyzer.outreach_generator] - Generated outreach materials for Ambrosia ( a classic bakehouse).
2026-05-15 23:41:43,922 - INFO - [analyzer.outreach_generator] - Generated outreach materials for The Muffin House.
2026-05-16 00:11:00,929 - INFO - [analyzer.outreach_generator] - Generated outreach materials for Jones Gym Trivandrum.
2026-05-16 00:11:01,371 - INFO - [analyzer.outreach_generator] - Generated outreach materials for Lifetime Unisex Gym.
2026-05-16 00:11:01,667 - INFO - [analyzer.outreach_generator] - Generated outreach materials for Spartan fitness.
2026-05-16 00:11:02,010 - INFO - [analyzer.outreach_generator] - Generated outreach materials for Lion Gym Vazhuthacaud.
2026-05-16 00:11:02,296 - INFO - [analyzer.outreach_generator] - Generated outreach materials for Liger Gym.
2026-05-16 01:03:25,435 - INFO - [analyzer.outreach_generator] - Generated outreach materials for Jones Gym Trivandrum.
2026-05-16 01:09:38,823 - INFO - [analyzer.outreach_generator] - Generated outreach materials for MACS Edge | Company Registration in Thiruvananthapuram | Startup Registration | GST Registration | Trademark | Accounting.
2026-05-16 01:09:39,206 - INFO - [analyzer.outreach_generator] - Generated outreach materials for Kerala Business Group.
2026-05-16 01:09:39,451 - INFO - [analyzer.outreach_generator] - Generated outreach materials for BIZPOLE TRIVANDRUM.
2026-05-16 01:09:39,695 - INFO - [analyzer.outreach_generator] - Generated outreach materials for ECS Business Solutions PVT LTD.
2026-05-16 01:09:39,907 - INFO - [analyzer.outreach_generator] - Generated outreach materials for Btalks Innovations Private Limited.
2026-05-16 01:19:54,575 - INFO - [analyzer.outreach_generator] - Generated outreach materials for MACS Edge | Company Registration in Thiruvananthapuram | Startup Registration | GST Registration | Trademark | Accounting.
2026-05-16 01:19:54,817 - INFO - [analyzer.outreach_generator] - Generated outreach materials for Kerala Business Group.
2026-05-16 01:19:55,026 - INFO - [analyzer.outreach_generator] - Generated outreach materials for BIZPOLE TRIVANDRUM.
2026-05-16 01:19:55,267 - INFO - [analyzer.outreach_generator] - Generated outreach materials for ECS Business Solutions PVT LTD.
2026-05-16 01:19:55,508 - INFO - [analyzer.outreach_generator] - Generated outreach materials for BRAND PROFILE.
2026-05-16 01:21:19,399 - INFO - [analyzer.outreach_generator] - Generated outreach materials for MACS Edge | Company Registration in Thiruvananthapuram | Startup Registration | GST Registration | Trademark | Accounting.
2026-05-16 01:21:19,644 - INFO - [analyzer.outreach_generator] - Generated outreach materials for Kerala Business Group.
2026-05-16 01:21:19,888 - INFO - [analyzer.outreach_generator] - Generated outreach materials for BIZPOLE TRIVANDRUM.
2026-05-16 01:21:20,181 - INFO - [analyzer.outreach_generator] - Generated outreach materials for ECS Business Solutions PVT LTD.
2026-05-16 01:21:20,425 - INFO - [analyzer.outreach_generator] - Generated outreach materials for BRAND PROFILE.
2026-05-16 02:06:24,407 - INFO - [analyzer.outreach_generator] - Generated outreach materials for SP Medifort Hospital.
2026-05-16 02:06:24,457 - INFO - [analyzer.outreach_generator] - Generated outreach materials for SP Medifort Hospital.
2026-05-16 02:06:24,849 - INFO - [analyzer.outreach_generator] - Generated outreach materials for Sree Uthradom Thirunal (SUT) Hospital.
2026-05-16 02:06:25,074 - INFO - [analyzer.outreach_generator] - Generated outreach materials for Sree Uthradom Thirunal (SUT) Hospital.
2026-05-16 02:06:25,285 - INFO - [analyzer.outreach_generator] - Generated outreach materials for GG Hospital.
2026-05-16 02:07:51,472 - INFO - [analyzer.outreach_generator] - Generated outreach materials for Sree Uthradom Thirunal (SUT) Hospital.
2026-05-16 02:07:51,702 - INFO - [analyzer.outreach_generator] - Generated outreach materials for India Hospital.
2026-05-16 02:07:51,931 - INFO - [analyzer.outreach_generator] - Generated outreach materials for Ananthapuri Hospitals and Research Institute (AHRI).
2026-05-16 02:07:55,163 - INFO - [analyzer.outreach_generator] - Generated outreach materials for Alpha Heal MG Road Trivandrum.
2026-05-16 02:07:55,819 - INFO - [analyzer.outreach_generator] - Generated outreach materials for Chaithanya Eye Hospital & Research Institute.
2026-05-16 02:07:56,640 - INFO - [analyzer.outreach_generator] - Generated outreach materials for Therefore I'm Trivandrum - Best Skin, Body & Hair Clinic in Trivandrum.
2026-05-16 02:09:26,664 - INFO - [analyzer.outreach_generator] - Generated outreach materials for Dr. Yogiraj Centre for Dermatology & Cosmetology Hair transplantation.
2026-05-16 02:09:27,141 - INFO - [analyzer.outreach_generator] - Generated outreach materials for Dr.Nathanis Diagnostic Clinic.
2026-05-16 02:09:27,298 - INFO - [analyzer.outreach_generator] - Generated outreach materials for Aryaas Park Veg Restaurant.
2026-05-16 02:09:32,294 - INFO - [analyzer.outreach_generator] - Generated outreach materials for Therefore I'm Trivandrum - Best Skin, Body & Hair Clinic in Trivandrum.
2026-05-16 02:09:32,812 - INFO - [analyzer.outreach_generator] - Generated outreach materials for Restaurant Chef Pillai Trivandrum.
2026-05-16 02:09:33,200 - INFO - [analyzer.outreach_generator] - Generated outreach materials for Cafe Jade - All Day Dining (24X7).
2026-05-16 02:11:28,405 - INFO - [analyzer.outreach_generator] - Generated outreach materials for Villa Maya.
2026-05-16 02:11:29,018 - INFO - [analyzer.outreach_generator] - Generated outreach materials for Paragon Restaurant.
2026-05-16 02:11:29,706 - INFO - [analyzer.outreach_generator] - Generated outreach materials for Aryaas Park Veg Restaurant.
2026-05-16 02:12:15,379 - INFO - [analyzer.outreach_generator] - Generated outreach materials for Worldstar Enterprises, Trivandrum jobs.
2026-05-16 02:12:15,948 - INFO - [analyzer.outreach_generator] - Generated outreach materials for RCD HR SOLUTIONS.
2026-05-16 02:12:17,854 - INFO - [analyzer.outreach_generator] - Generated outreach materials for Connecting2Work HR Solutions.
2026-05-16 02:14:09,981 - INFO - [analyzer.outreach_generator] - Generated outreach materials for AM Customer Service Point.
2026-05-16 02:14:10,650 - INFO - [analyzer.outreach_generator] - Generated outreach materials for My Secretary Services.
2026-05-16 02:14:11,206 - INFO - [analyzer.outreach_generator] - Generated outreach materials for Trinity Solutions- Sony Authorized Service Center, Trivandrum.
2026-05-16 02:14:59,993 - INFO - [analyzer.outreach_generator] - Generated outreach materials for Worldstar Enterprises, Trivandrum jobs.
2026-05-16 02:15:00,736 - INFO - [analyzer.outreach_generator] - Generated outreach materials for RCD HR SOLUTIONS.
2026-05-16 02:15:01,403 - INFO - [analyzer.outreach_generator] - Generated outreach materials for Connecting2Work HR Solutions.
2026-05-16 02:16:44,079 - INFO - [analyzer.outreach_generator] - Generated outreach materials for MAHASREEVARI FOOD INDUSTRIES PRIVATE LIMITED.
2026-05-16 02:16:46,189 - INFO - [analyzer.outreach_generator] - Generated outreach materials for Dr. FOOD NUTRI INDUSTRIES.
2026-05-16 02:16:52,540 - INFO - [analyzer.outreach_generator] - Generated outreach materials for The India Cements Ltd.
2026-05-16 02:17:06,250 - INFO - [analyzer.outreach_generator] - Generated outreach materials for Capital house keeping service.
2026-05-16 02:17:06,605 - INFO - [analyzer.outreach_generator] - Generated outreach materials for AM Customer Service Point.
2026-05-16 02:17:06,954 - INFO - [analyzer.outreach_generator] - Generated outreach materials for KERALA UNIVERSITY TRANSCRIPT/ATTESTATION SERVICES/ABS TRANSCRIPT/ABSEDUCATIONSERVICE.
2026-05-16 03:13:41,357 - INFO - [analyzer.outreach_generator] - Generated outreach materials for Dr Anugra Baburaj Cosmetologist | Skin Care Clinic Trivandrum.
2026-05-16 03:13:41,658 - INFO - [analyzer.outreach_generator] - Generated outreach materials for Alpha Heal MG Road Trivandrum.
2026-05-16 03:13:41,970 - INFO - [analyzer.outreach_generator] - Generated outreach materials for Dr. Yogiraj Centre for Dermatology & Cosmetology Hair transplantation.
2026-05-16 03:13:42,368 - INFO - [analyzer.outreach_generator] - Generated outreach materials for Dr.Nathanis Diagnostic Clinic.
2026-05-16 03:13:42,702 - INFO - [analyzer.outreach_generator] - Generated outreach materials for Dr Sai Ganesh Medical Centre - Trivandrum.
2026-05-16 03:13:42,987 - INFO - [analyzer.outreach_generator] - Generated outreach materials for Therefore I'm Trivandrum - Best Skin, Body & Hair Clinic in Trivandrum.
2026-05-16 03:13:43,434 - INFO - [analyzer.outreach_generator] - Generated outreach materials for UpHeal.Clinic.
2026-05-16 03:13:43,792 - INFO - [analyzer.outreach_generator] - Generated outreach materials for VSSC Poly Clinic.
2026-05-16 03:13:44,077 - INFO - [analyzer.outreach_generator] - Generated outreach materials for SP Medifort Hospital.
2026-05-16 03:13:44,451 - INFO - [analyzer.outreach_generator] - Generated outreach materials for Clinic.
2026-05-16 03:13:44,793 - INFO - [analyzer.outreach_generator] - Generated outreach materials for WowFactor MediCosmetic Skin & Laser Centre.
2026-05-16 03:13:45,143 - INFO - [analyzer.outreach_generator] - Generated outreach materials for Chaithanya Eye Hospital & Research Institute.
2026-05-16 03:13:45,477 - INFO - [analyzer.outreach_generator] - Generated outreach materials for SPOTLESS SKIN & HAIR CLINIC.
2026-05-16 03:13:45,843 - INFO - [analyzer.outreach_generator] - Generated outreach materials for Ageless Skin Clinic.
2026-05-16 03:13:46,128 - INFO - [analyzer.outreach_generator] - Generated outreach materials for Aeka Holistic Skin Clinic.
2026-05-16 03:13:46,583 - INFO - [analyzer.outreach_generator] - Generated outreach materials for Wellness Clinic.
2026-05-16 03:13:47,153 - INFO - [analyzer.outreach_generator] - Generated outreach materials for V Care Skin Clinic& Piles Centre.
2026-05-16 03:13:47,625 - INFO - [analyzer.outreach_generator] - Generated outreach materials for Cosmopolitan Hospital Pvt.Ltd.
2026-05-16 03:13:47,959 - INFO - [analyzer.outreach_generator] - Generated outreach materials for Clear Clinic - Best ENT Clinic in Trivandrum.
2026-05-16 03:13:48,292 - INFO - [analyzer.outreach_generator] - Generated outreach materials for SP Fort Hospital.
2026-05-16 03:13:48,788 - INFO - [analyzer.outreach_generator] - Generated outreach materials for Rainbow Speciality Clinics.
2026-05-16 03:13:49,203 - INFO - [analyzer.outreach_generator] - Generated outreach materials for Serene Derma.
2026-05-16 03:13:49,513 - INFO - [analyzer.outreach_generator] - Generated outreach materials for GG Hospital.
2026-05-16 03:13:49,838 - INFO - [analyzer.outreach_generator] - Generated outreach materials for Ananthapuri Hospitals and Research Institute (AHRI).
2026-05-16 03:13:50,156 - INFO - [analyzer.outreach_generator] - Generated outreach materials for Karthika Clinic.
2026-05-16 03:13:50,489 - INFO - [analyzer.outreach_generator] - Generated outreach materials for Diabetes Care Centre.
2026-05-16 03:13:50,790 - INFO - [analyzer.outreach_generator] - Generated outreach materials for PRS Hospital.
2026-05-16 03:13:51,148 - INFO - [analyzer.outreach_generator] - Generated outreach materials for Dr Suchithra's Skin and Hair care.
2026-05-16 03:13:51,408 - INFO - [analyzer.outreach_generator] - Generated outreach materials for Trivandrum Medical Centre.
2026-05-16 03:13:51,824 - INFO - [analyzer.outreach_generator] - Generated outreach materials for Saatwika Ayurveda Treatment Centre and Hospital Trivandrum.
2026-05-16 03:13:52,133 - INFO - [analyzer.outreach_generator] - Generated outreach materials for Credence Hospital - Multi-speciality Family Hospital and IVF Center.
2026-05-16 03:13:52,385 - INFO - [analyzer.outreach_generator] - Generated outreach materials for Sree Uthradom Thirunal (SUT) Hospital.
2026-05-16 03:13:52,694 - INFO - [analyzer.outreach_generator] - Generated outreach materials for Jubilee Memorial Hospital.
2026-05-16 03:13:52,995 - INFO - [analyzer.outreach_generator] - Generated outreach materials for Aeka Skin Care Clinic - Lulu Mall Trivandrum.
2026-05-16 03:13:54,093 - INFO - [analyzer.outreach_generator] - Generated outreach materials for Dr. Mohan's Diabetes Specialities Centre - Trivandrum | Best Diabetes Clinic | Best Diabetologist.
2026-05-16 03:13:54,516 - INFO - [analyzer.outreach_generator] - Generated outreach materials for Skin Essential Clinic.
2026-05-16 03:13:55,981 - INFO - [analyzer.outreach_generator] - Generated outreach materials for SkinCare Speciality Centre.
2026-05-16 03:13:56,290 - INFO - [analyzer.outreach_generator] - Generated outreach materials for Sasikala Poly Clinic.
2026-05-16 03:13:56,592 - INFO - [analyzer.outreach_generator] - Generated outreach materials for Skinn Health By Dr.Shruthi.
2026-05-16 03:13:56,859 - INFO - [analyzer.outreach_generator] - Generated outreach materials for SKINFINITY- Skin Hair Lasers and Anti-aging Clinic.
2026-05-16 03:13:57,185 - INFO - [analyzer.outreach_generator] - Generated outreach materials for AJ Hospital.
2026-05-16 03:13:57,617 - INFO - [analyzer.outreach_generator] - Generated outreach materials for Hormone India ENDOCRINOLOGY & UROLOGY.
2026-05-16 03:13:57,860 - INFO - [analyzer.outreach_generator] - Generated outreach materials for The Royal Medical Centre.
2026-05-16 03:13:58,081 - INFO - [analyzer.outreach_generator] - Generated outreach materials for Dr M Vipin Das Dermatologist.
2026-05-16 03:13:58,324 - INFO - [analyzer.outreach_generator] - Generated outreach materials for Cutis International Cosmetic Clinics | Best Hair Transplant & Skin Care Clinic in Trivandrum.
2026-05-16 03:13:58,544 - INFO - [analyzer.outreach_generator] - Generated outreach materials for KIMSHEALTH Hospital Trivandrum.
2026-05-16 03:13:58,813 - INFO - [analyzer.outreach_generator] - Generated outreach materials for Dr. Derma Skin, Hair & Cosmetic Center.
2026-05-16 03:13:59,032 - INFO - [analyzer.outreach_generator] - Generated outreach materials for DermaVue Skin & Plastic Surgery, Lasers & Hair Transplant | Dermatologist Thiruvananthapuram.
2026-05-16 03:13:59,415 - INFO - [analyzer.outreach_generator] - Generated outreach materials for The Skin Clinic.
2026-05-16 03:13:59,577 - INFO - [analyzer.outreach_generator] - Generated outreach materials for Dr. Zeen Aesthetics Clinic Pvt Ltd (poly clinic).
2026-05-16 03:13:59,927 - INFO - [analyzer.outreach_generator] - Generated outreach materials for Gitanjali Eye and ENT Hospital.
2026-05-16 03:14:00,301 - INFO - [analyzer.outreach_generator] - Generated outreach materials for La Densitae Hair Transplant Clinic in Trivandrum.
2026-05-16 03:14:00,513 - INFO - [analyzer.outreach_generator] - Generated outreach materials for Yana IVF - Yana Women's Hospital and Fertility Centre - Thiruvananthapuram.
2026-05-16 03:14:06,877 - INFO - [analyzer.outreach_generator] - Generated outreach materials for ARYA NAVEEN / Physiotherapist /Thiruvananthapuram/ Remambika Pain Clinic and Physiotherapy Centre.
2026-05-16 03:14:07,301 - INFO - [analyzer.outreach_generator] - Generated outreach materials for Dr.RK's Laser Skin Care Center.
2026-05-16 03:14:07,471 - INFO - [analyzer.outreach_generator] - Generated outreach materials for Pran Hospital.
2026-05-16 03:14:07,683 - INFO - [analyzer.outreach_generator] - Generated outreach materials for CLINIC.
2026-05-16 03:14:07,968 - INFO - [analyzer.outreach_generator] - Generated outreach materials for Chitra MultiSpeciality Dental Clinic.
2026-05-16 03:14:08,228 - INFO - [analyzer.outreach_generator] - Generated outreach materials for WE CARE CLINIC.
2026-05-16 03:14:08,472 - INFO - [analyzer.outreach_generator] - Generated outreach materials for Sree Avittam Thirunal Hospital(SAT).
2026-05-16 03:14:08,635 - INFO - [analyzer.outreach_generator] - Generated outreach materials for Santhwana Hospital.
2026-05-16 03:14:08,854 - INFO - [analyzer.outreach_generator] - Generated outreach materials for Dr Kashi's Super Speciality Dental Centre.
2026-05-16 03:14:09,082 - INFO - [analyzer.outreach_generator] - Generated outreach materials for Dr.Jose Mammen Clinic.
2026-05-16 03:14:09,302 - INFO - [analyzer.outreach_generator] - Generated outreach materials for Keyhole Clinic.
2026-05-16 03:14:09,613 - INFO - [analyzer.outreach_generator] - Generated outreach materials for Facelit Skin Hair Wellness.
2026-05-16 03:14:09,896 - INFO - [analyzer.outreach_generator] - Generated outreach materials for Elixir Ayurveda Hospital & Wellness Center.
2026-05-16 03:14:10,107 - INFO - [analyzer.outreach_generator] - Generated outreach materials for TSC Hospital.
2026-05-16 03:14:10,327 - INFO - [analyzer.outreach_generator] - Generated outreach materials for Precise Speciality Eye Care Thiruvananthapuram.
2026-05-16 03:14:10,554 - INFO - [analyzer.outreach_generator] - Generated outreach materials for Mittayi clinic.
2026-05-16 03:14:10,766 - INFO - [analyzer.outreach_generator] - Generated outreach materials for Nirmala Hospital.
2026-05-16 03:14:10,977 - INFO - [analyzer.outreach_generator] - Generated outreach materials for Chitra Multispeciality Dental Centre.
2026-05-16 03:14:11,140 - INFO - [analyzer.outreach_generator] - Generated outreach materials for Palazhi Multispeciality Ayush Clinic - Thirumala.
2026-05-16 03:14:11,352 - INFO - [analyzer.outreach_generator] - Generated outreach materials for Dr Akhil Krishna - AKNA Diabetes and Endocrine Centre.
2026-05-16 03:14:11,572 - INFO - [analyzer.outreach_generator] - Generated outreach materials for Longevity Diet Clinic.
2026-05-16 03:14:11,791 - INFO - [analyzer.outreach_generator] - Generated outreach materials for Hindlabs Diagnostic Centre and Specialty Clinic.
2026-05-16 03:14:12,003 - INFO - [analyzer.outreach_generator] - Generated outreach materials for Vedic Wellness Center.
2026-05-16 03:14:12,214 - INFO - [analyzer.outreach_generator] - Generated outreach materials for Kaigo Home Healthcare.
2026-05-16 03:14:12,491 - INFO - [analyzer.outreach_generator] - Generated outreach materials for REVIV Trivandrum.
2026-05-16 03:14:12,767 - INFO - [analyzer.outreach_generator] - Generated outreach materials for Amicus Plastic Surgery Clinic.
2026-05-16 03:14:12,987 - INFO - [analyzer.outreach_generator] - Generated outreach materials for Royal Ortho Care.
2026-05-16 03:14:13,231 - INFO - [analyzer.outreach_generator] - Generated outreach materials for Allergy And Chest Clinic.
2026-05-16 03:14:13,630 - INFO - [analyzer.outreach_generator] - Generated outreach materials for Dr Jacob's Omega Dental Clinic & Implant Centre.
2026-05-16 03:14:14,118 - INFO - [analyzer.outreach_generator] - Generated outreach materials for DDRC Agilus Diagnostics - Ulloor, Trivandrum.
2026-05-16 03:14:14,362 - INFO - [analyzer.outreach_generator] - Generated outreach materials for Royal Health care.
2026-05-16 03:14:14,814 - INFO - [analyzer.outreach_generator] - Generated outreach materials for Metro Scans and Laboratory,Trivandrum.
2026-05-16 03:14:15,061 - INFO - [analyzer.outreach_generator] - Generated outreach materials for Ayurchakra Ayurveda Wellness Center.
2026-05-16 03:14:15,298 - INFO - [analyzer.outreach_generator] - Generated outreach materials for Santhigiri Ayurveda & Siddha Hospital Pattom.
2026-05-16 03:14:15,526 - INFO - [analyzer.outreach_generator] - Generated outreach materials for Thejaswini Ayurveda Clinic & Panchakarma Center.
2026-05-16 03:14:15,745 - INFO - [analyzer.outreach_generator] - Generated outreach materials for VAYALIL MAXILLOFACIAL CENTRE & SPECIALIST DENTAL CARE.
2026-05-16 03:14:15,965 - INFO - [analyzer.outreach_generator] - Generated outreach materials for Spring Garden Health Care.
2026-05-16 03:14:16,209 - INFO - [analyzer.outreach_generator] - Generated outreach materials for Regional Cancer Centre, Thiruvananthapuram.
2026-05-16 03:14:16,429 - INFO - [analyzer.outreach_generator] - Generated outreach materials for Impulse Evening Clinic.
2026-05-16 03:14:16,657 - INFO - [analyzer.outreach_generator] - Generated outreach materials for Sree Agasthya Clinical Laboratory And Research Centre.
2026-05-16 03:14:16,819 - INFO - [analyzer.outreach_generator] - Generated outreach materials for ENT CLINIC.
2026-05-16 03:14:17,031 - INFO - [analyzer.outreach_generator] - Generated outreach materials for Your Center Diagnostic Services.
2026-05-16 03:14:17,242 - INFO - [analyzer.outreach_generator] - Generated outreach materials for Royal Medical Center.
2026-05-16 03:14:17,454 - INFO - [analyzer.outreach_generator] - Generated outreach materials for TrueSelf Aesthetic Makeovers*.
2026-05-16 03:14:17,738 - INFO - [analyzer.outreach_generator] - Generated outreach materials for S S POLYCLINIC & SURGICAL CENTRE.
2026-05-16 03:14:17,958 - INFO - [analyzer.outreach_generator] - Generated outreach materials for DDNMRC PVT LTD.
2026-05-16 03:14:18,186 - INFO - [analyzer.outreach_generator] - Generated outreach materials for Dr Lawrence Healthcare & Diagnostic centre.
2026-05-16 03:37:45,911 - INFO - [analyzer.outreach_generator] - Generated outreach materials for Villa Maya.
2026-05-16 03:37:46,122 - INFO - [analyzer.outreach_generator] - Generated outreach materials for Aryaas Park Veg Restaurant.
2026-05-16 03:37:46,349 - INFO - [analyzer.outreach_generator] - Generated outreach materials for Restaurant Chef Pillai Trivandrum.
2026-05-16 03:37:46,512 - INFO - [analyzer.outreach_generator] - Generated outreach materials for Cafe Jade - All Day Dining (24X7).
2026-05-16 03:37:46,722 - INFO - [analyzer.outreach_generator] - Generated outreach materials for Imperial Kitchen Venpalavattom.
2026-05-16 03:37:46,974 - INFO - [analyzer.outreach_generator] - Generated outreach materials for The Olive Restaurant.
2026-05-16 03:37:47,185 - INFO - [analyzer.outreach_generator] - Generated outreach materials for Zam Zam Restaurant.
2026-05-16 03:37:47,437 - INFO - [analyzer.outreach_generator] - Generated outreach materials for Azad Restaurant at Over Bridge.
2026-05-16 03:37:47,647 - INFO - [analyzer.outreach_generator] - Generated outreach materials for Pankayam.
2026-05-16 03:37:47,810 - INFO - [analyzer.outreach_generator] - Generated outreach materials for Longtime.
2026-05-16 03:37:48,020 - INFO - [analyzer.outreach_generator] - Generated outreach materials for Imperial Kitchen Kowdiar.
2026-05-16 03:37:48,232 - INFO - [analyzer.outreach_generator] - Generated outreach materials for Nadan Restaurant.
2026-05-16 03:37:48,442 - INFO - [analyzer.outreach_generator] - Generated outreach materials for Deyvee Restaurant.
2026-05-16 03:37:48,653 - INFO - [analyzer.outreach_generator] - Generated outreach materials for Paragon Restaurant.
2026-05-16 03:37:48,929 - INFO - [analyzer.outreach_generator] - Generated outreach materials for O Café.
2026-05-16 03:37:49,091 - INFO - [analyzer.outreach_generator] - Generated outreach materials for The Yellow Chilli.
2026-05-16 03:37:49,310 - INFO - [analyzer.outreach_generator] - Generated outreach materials for Plated Trivandrum.
2026-05-16 03:37:49,521 - INFO - [analyzer.outreach_generator] - Generated outreach materials for Amrutam Vegetarian Restaurant.
2026-05-16 03:37:49,740 - INFO - [analyzer.outreach_generator] - Generated outreach materials for Lantern Grove Restaurant.
2026-05-16 03:37:49,951 - INFO - [analyzer.outreach_generator] - Generated outreach materials for Alibaba & 41 Dishes - Trivandrum.
2026-05-16 03:37:50,245 - INFO - [analyzer.outreach_generator] - Generated outreach materials for Bab Arabia.
2026-05-16 03:37:50,462 - INFO - [analyzer.outreach_generator] - Generated outreach materials for The Kanchipuram Cafe.
2026-05-16 03:37:50,698 - INFO - [analyzer.outreach_generator] - Generated outreach materials for Sree Arul Jyothi.
2026-05-16 03:37:50,909 - INFO - [analyzer.outreach_generator] - Generated outreach materials for Trivanz Food Court – Seafood Restaurant in Trivandrum.
2026-05-16 03:37:51,119 - INFO - [analyzer.outreach_generator] - Generated outreach materials for Café Mojo.
2026-05-16 03:37:51,282 - INFO - [analyzer.outreach_generator] - Generated outreach materials for Steampot Restaurant.
2026-05-16 03:37:51,485 - INFO - [analyzer.outreach_generator] - Generated outreach materials for Zam Zam Restaurants YMR.
2026-05-16 03:37:51,695 - INFO - [analyzer.outreach_generator] - Generated outreach materials for Mothers Veg Plaza.
2026-05-16 03:37:51,906 - INFO - [analyzer.outreach_generator] - Generated outreach materials for Garden Grille & Bar.
2026-05-16 03:37:52,109 - INFO - [analyzer.outreach_generator] - Generated outreach materials for BLND Restobar.
2026-05-16 03:37:52,320 - INFO - [analyzer.outreach_generator] - Generated outreach materials for Khana Peena.
2026-05-16 03:37:52,483 - INFO - [analyzer.outreach_generator] - Generated outreach materials for Varnam Seafood Restaurant.
2026-05-16 03:37:52,701 - INFO - [analyzer.outreach_generator] - Generated outreach materials for Ruchi Veg Restaurant.
2026-05-16 03:37:52,961 - INFO - [analyzer.outreach_generator] - Generated outreach materials for Diners' Summit - Restaurant, North Indian, Naden food, buffet, vegetarian restaurant.
2026-05-16 03:37:53,285 - INFO - [analyzer.outreach_generator] - Generated outreach materials for PLAV.
2026-05-16 03:37:53,545 - INFO - [analyzer.outreach_generator] - Generated outreach materials for Vayalil Restaurant, The Finedine, eanchakkal.
2026-05-16 03:37:53,756 - INFO - [analyzer.outreach_generator] - Generated outreach materials for Ariya Nivaas Restaurant.
2026-05-16 03:37:53,975 - INFO - [analyzer.outreach_generator] - Generated outreach materials for Supreme Upper Crust.
2026-05-16 03:37:54,194 - INFO - [analyzer.outreach_generator] - Generated outreach materials for Mani Mess.
2026-05-16 03:37:54,405 - INFO - [analyzer.outreach_generator] - Generated outreach materials for Aryaas Vegetarian Restaurant.
2026-05-16 03:37:54,664 - INFO - [analyzer.outreach_generator] - Generated outreach materials for Salkkaram Edavazhi.
2026-05-16 03:37:54,883 - INFO - [analyzer.outreach_generator] - Generated outreach materials for Taste of Kerala.
2026-05-16 03:37:55,260 - INFO - [analyzer.outreach_generator] - Generated outreach materials for Burj Al Mandi Restaurant.
2026-05-16 03:37:55,589 - INFO - [analyzer.outreach_generator] - Generated outreach materials for Neerali Restaurant.
2026-05-16 03:37:55,816 - INFO - [analyzer.outreach_generator] - Generated outreach materials for The Chef's Studio.
2026-05-16 03:37:55,979 - INFO - [analyzer.outreach_generator] - Generated outreach materials for Azad Star at Vazhuthacaud.
2026-05-16 03:37:56,181 - INFO - [analyzer.outreach_generator] - Generated outreach materials for Pai's kitchen.
2026-05-16 03:37:56,392 - INFO - [analyzer.outreach_generator] - Generated outreach materials for Huddles Cafe.
2026-05-16 03:37:56,604 - INFO - [analyzer.outreach_generator] - Generated outreach materials for Kerala Hotel.
2026-05-16 03:37:56,814 - INFO - [analyzer.outreach_generator] - Generated outreach materials for Open House Restaurant.
2026-05-16 03:37:57,033 - INFO - [analyzer.outreach_generator] - Generated outreach materials for Sri Aiswariya Vegetarian Restaurant.
2026-05-16 03:37:57,195 - INFO - [analyzer.outreach_generator] - Generated outreach materials for RASOI by RUCHI.
2026-05-16 03:37:57,512 - INFO - [analyzer.outreach_generator] - Generated outreach materials for Malabar Cafe.
2026-05-16 03:37:57,715 - INFO - [analyzer.outreach_generator] - Generated outreach materials for Cafe Hive.
2026-05-16 03:37:57,966 - INFO - [analyzer.outreach_generator] - Generated outreach materials for Dindigul Thalappakatti Restaurant.
2026-05-16 03:37:58,218 - INFO - [analyzer.outreach_generator] - Generated outreach materials for The Tides.
2026-05-16 03:37:58,469 - INFO - [analyzer.outreach_generator] - Generated outreach materials for PARAGON RESTAURANT LULU TRIVANDRUM.
2026-05-16 03:37:58,721 - INFO - [analyzer.outreach_generator] - Generated outreach materials for Le Lumiere Restaurant.
2026-05-16 03:37:58,972 - INFO - [analyzer.outreach_generator] - Generated outreach materials for Poorna Family Restaurant.
2026-05-16 03:37:59,175 - INFO - [analyzer.outreach_generator] - Generated outreach materials for Poomaram Ram's Kitchen.
2026-05-16 03:37:59,418 - INFO - [analyzer.outreach_generator] - Generated outreach materials for Narayana Bhavan NB.
2026-05-16 03:37:59,670 - INFO - [analyzer.outreach_generator] - Generated outreach materials for Nikunjam Restaurant.
2026-05-16 03:37:59,914 - INFO - [analyzer.outreach_generator] - Generated outreach materials for SK Restaurant.
2026-05-16 03:38:00,249 - INFO - [analyzer.outreach_generator] - Generated outreach materials for Good Morning Hotel.
2026-05-16 03:38:00,554 - INFO - [analyzer.outreach_generator] - Generated outreach materials for Malabar BitEs Restaurant.
2026-05-16 03:38:00,798 - INFO - [analyzer.outreach_generator] - Generated outreach materials for Hotel Aruna (Pure veg).
2026-05-16 03:38:01,049 - INFO - [analyzer.outreach_generator] - Generated outreach materials for Oriental Spice.
2026-05-16 03:38:06,328 - INFO - [analyzer.outreach_generator] - Generated outreach materials for MANDI MANZIL.
2026-05-16 03:38:06,563 - INFO - [analyzer.outreach_generator] - Generated outreach materials for Hotel Dimora Thiruvananthapuram.
2026-05-16 03:38:06,782 - INFO - [analyzer.outreach_generator] - Generated outreach materials for O by Tamara Trivandrum.
2026-05-16 03:38:07,026 - INFO - [analyzer.outreach_generator] - Generated outreach materials for Paradise Family Restaurant.
2026-05-16 03:38:07,270 - INFO - [analyzer.outreach_generator] - Generated outreach materials for Ummees Seafood Restaurant.
2026-05-16 03:38:07,505 - INFO - [analyzer.outreach_generator] - Generated outreach materials for Irani kuzhimandi restaurant.
2026-05-16 03:38:07,797 - INFO - [analyzer.outreach_generator] - Generated outreach materials for The Central Residency.
2026-05-16 03:38:08,130 - INFO - [analyzer.outreach_generator] - Generated outreach materials for Porotta Hut.
2026-05-16 03:38:08,373 - INFO - [analyzer.outreach_generator] - Generated outreach materials for Azad Restaurant at Medical College.
2026-05-16 03:38:08,560 - INFO - [analyzer.outreach_generator] - Generated outreach materials for Jasmine Bay Restaurant.
2026-05-16 03:38:08,868 - INFO - [analyzer.outreach_generator] - Generated outreach materials for Ariya Jyothi Vegetarian Restaurant.
2026-05-16 03:38:09,079 - INFO - [analyzer.outreach_generator] - Generated outreach materials for Palace Restaurant.
2026-05-16 03:38:09,298 - INFO - [analyzer.outreach_generator] - Generated outreach materials for Mynt.
2026-05-16 03:38:09,534 - INFO - [analyzer.outreach_generator] - Generated outreach materials for Ambadi Kannan Restaurant.
2026-05-16 03:38:09,761 - INFO - [analyzer.outreach_generator] - Generated outreach materials for Park Rajadhani.
2026-05-16 03:38:10,014 - INFO - [analyzer.outreach_generator] - Generated outreach materials for Kuttanadan Puncha Family Restaurant.
2026-05-16 03:38:10,272 - INFO - [analyzer.outreach_generator] - Generated outreach materials for Ambalapatt Restaurant.
2026-05-16 03:38:10,508 - INFO - [analyzer.outreach_generator] - Generated outreach materials for Al Taza - Trivandrum.
2026-05-16 03:38:10,719 - INFO - [analyzer.outreach_generator] - Generated outreach materials for Sri Ananthapuri Vegetarian Restaurant.
2026-05-16 03:38:11,108 - INFO - [analyzer.outreach_generator] - Generated outreach materials for Le Capital Seafood & Grills.
2026-05-16 03:38:11,392 - INFO - [analyzer.outreach_generator] - Generated outreach materials for Meenamma's Kitchen.
2026-05-16 03:38:11,619 - INFO - [analyzer.outreach_generator] - Generated outreach materials for Konkan Café Vivanta Thiruvananthapuram.
2026-05-16 03:38:11,830 - INFO - [analyzer.outreach_generator] - Generated outreach materials for Park Malabar Restaurant Trivandrum.
2026-05-16 03:38:11,992 - INFO - [analyzer.outreach_generator] - Generated outreach materials for T & Company (T & Co).
2026-05-16 03:38:12,228 - INFO - [analyzer.outreach_generator] - Generated outreach materials for Krishna Hotel.
2026-05-16 03:38:12,439 - INFO - [analyzer.outreach_generator] - Generated outreach materials for Garam Masala Restaurant.
2026-05-16 03:38:13,713 - INFO - [analyzer.outreach_generator] - Generated outreach materials for Akshayam Pure Vegetarian Restaurant.
2026-05-16 03:38:13,964 - INFO - [analyzer.outreach_generator] - Generated outreach materials for Sri Gavuri Nivas.
2026-05-16 03:38:14,175 - INFO - [analyzer.outreach_generator] - Generated outreach materials for Food in style.
2026-05-16 03:38:14,435 - INFO - [analyzer.outreach_generator] - Generated outreach materials for MANDI MANZIL ULLOOR.
2026-05-16 03:38:14,654 - INFO - [analyzer.outreach_generator] - Generated outreach materials for Indian Coffee House.
2026-05-16 03:38:14,865 - INFO - [analyzer.outreach_generator] - Generated outreach materials for Thakazhi Pedika - Restaurant.
2026-05-16 03:38:15,027 - INFO - [analyzer.outreach_generator] - Generated outreach materials for New Pantry Restaurant.
2026-05-16 03:51:32,615 - INFO - [analyzer.outreach_generator] - Generated outreach materials for Ramachandran Textiles.
2026-05-16 03:51:32,826 - INFO - [analyzer.outreach_generator] - Generated outreach materials for Fashion Factory.
2026-05-16 03:51:33,045 - INFO - [analyzer.outreach_generator] - Generated outreach materials for Style PLUS.
2026-05-16 03:51:33,257 - INFO - [analyzer.outreach_generator] - Generated outreach materials for Reliance SMART Bazaar.
2026-05-16 03:51:33,476 - INFO - [analyzer.outreach_generator] - Generated outreach materials for LuLu Fashion Store.
2026-05-16 03:51:33,638 - INFO - [analyzer.outreach_generator] - Generated outreach materials for Variety Mall.
2026-05-16 03:51:33,857 - INFO - [analyzer.outreach_generator] - Generated outreach materials for Mall of Travancore.
2026-05-16 03:51:34,084 - INFO - [analyzer.outreach_generator] - Generated outreach materials for EasyBuy.
2026-05-16 03:51:34,303 - INFO - [analyzer.outreach_generator] - Generated outreach materials for Bean Town, The Pop-Up Store, Trivandrum.
2026-05-16 03:51:34,514 - INFO - [analyzer.outreach_generator] - Generated outreach materials for LuLu Hypermarket Thiruvananthapuram.
2026-05-16 03:51:34,725 - INFO - [analyzer.outreach_generator] - Generated outreach materials for City Stores.
2026-05-16 03:51:34,887 - INFO - [analyzer.outreach_generator] - Generated outreach materials for Babu Store Wholesale and Retail.
2026-05-16 03:51:35,098 - INFO - [analyzer.outreach_generator] - Generated outreach materials for RETAIL.ROAD EXPORT SURPLUS.
2026-05-16 03:51:35,309 - INFO - [analyzer.outreach_generator] - Generated outreach materials for Max.
2026-05-16 03:51:35,528 - INFO - [analyzer.outreach_generator] - Generated outreach materials for Basics Life. Trivandrum.
2026-05-16 03:51:35,739 - INFO - [analyzer.outreach_generator] - Generated outreach materials for Vibe Company.
2026-05-16 03:51:35,950 - INFO - [analyzer.outreach_generator] - Generated outreach materials for LuLu Mall Thiruvananthapuram.
2026-05-16 03:51:36,112 - INFO - [analyzer.outreach_generator] - Generated outreach materials for Family Shopping Centre.
2026-05-16 04:28:03,114 - INFO - [analyzer.outreach_generator] - Generated outreach materials for Cafe Jade - All Day Dining (24X7).
2026-05-16 04:28:03,643 - INFO - [analyzer.outreach_generator] - Generated outreach materials for Villa Maya.
2026-05-16 04:28:04,115 - INFO - [analyzer.outreach_generator] - Generated outreach materials for Paragon Restaurant.
2026-05-16 04:28:04,554 - INFO - [analyzer.outreach_generator] - Generated outreach materials for Aryaas Park Veg Restaurant.
2026-05-16 04:28:05,051 - INFO - [analyzer.outreach_generator] - Generated outreach materials for O Café.
2026-05-16 04:28:05,475 - INFO - [analyzer.outreach_generator] - Generated outreach materials for Restaurant Chef Pillai Trivandrum.
2026-05-16 04:28:05,890 - INFO - [analyzer.outreach_generator] - Generated outreach materials for Mothers Veg Plaza.
2026-05-16 04:28:06,443 - INFO - [analyzer.outreach_generator] - Generated outreach materials for Imperial Kitchen Venpalavattom.
2026-05-16 04:28:07,029 - INFO - [analyzer.outreach_generator] - Generated outreach materials for PLAV.
2026-05-16 04:28:07,493 - INFO - [analyzer.outreach_generator] - Generated outreach materials for Ruchi Veg Restaurant.
2026-05-16 04:28:07,738 - INFO - [analyzer.outreach_generator] - Generated outreach materials for Zam Zam Restaurant.
2026-05-16 04:28:08,063 - INFO - [analyzer.outreach_generator] - Generated outreach materials for Café Mojo.
2026-05-16 04:28:08,307 - INFO - [analyzer.outreach_generator] - Generated outreach materials for The Olive Restaurant.
2026-05-16 04:28:08,617 - INFO - [analyzer.outreach_generator] - Generated outreach materials for Bab Arabia.
2026-05-16 04:28:08,991 - INFO - [analyzer.outreach_generator] - Generated outreach materials for Pankayam.
2026-05-16 04:28:09,252 - INFO - [analyzer.outreach_generator] - Generated outreach materials for Longtime.
2026-05-16 04:28:09,455 - INFO - [analyzer.outreach_generator] - Generated outreach materials for Diners' Summit - Restaurant, North Indian, Naden food, buffet, vegetarian restaurant.
2026-05-16 04:28:09,699 - INFO - [analyzer.outreach_generator] - Generated outreach materials for Garden Grille & Bar.
2026-05-16 04:28:10,179 - INFO - [analyzer.outreach_generator] - Generated outreach materials for Azad Restaurant at Over Bridge.
2026-05-16 04:28:10,553 - INFO - [analyzer.outreach_generator] - Generated outreach materials for Plated Trivandrum.
2026-05-16 04:28:10,928 - INFO - [analyzer.outreach_generator] - Generated outreach materials for Taste of Kerala.
2026-05-16 04:28:11,375 - INFO - [analyzer.outreach_generator] - Generated outreach materials for Amrutam Vegetarian Restaurant.
2026-05-16 04:28:11,701 - INFO - [analyzer.outreach_generator] - Generated outreach materials for Imperial Kitchen Kowdiar.
2026-05-16 04:28:12,253 - INFO - [analyzer.outreach_generator] - Generated outreach materials for Nadan Restaurant.
2026-05-16 04:28:12,742 - INFO - [analyzer.outreach_generator] - Generated outreach materials for Deyvee Restaurant.
2026-05-16 04:28:13,181 - INFO - [analyzer.outreach_generator] - Generated outreach materials for The Kanchipuram Cafe.
2026-05-16 04:28:13,637 - INFO - [analyzer.outreach_generator] - Generated outreach materials for BLND Restobar.
2026-05-16 04:28:14,149 - INFO - [analyzer.outreach_generator] - Generated outreach materials for Trivanz Food Court – Seafood Restaurant in Trivandrum.
2026-05-16 04:28:14,678 - INFO - [analyzer.outreach_generator] - Generated outreach materials for The Yellow Chilli.
2026-05-16 04:28:15,679 - INFO - [analyzer.outreach_generator] - Generated outreach materials for PARAGON RESTAURANT LULU TRIVANDRUM.
2026-05-16 04:28:16,256 - INFO - [analyzer.outreach_generator] - Generated outreach materials for Sree Arul Jyothi.
2026-05-16 04:28:16,850 - INFO - [analyzer.outreach_generator] - Generated outreach materials for Good Morning Hotel.
2026-05-16 04:28:16,915 - INFO - [analyzer.outreach_generator] - Generated outreach materials for RCD HR SOLUTIONS.
2026-05-16 04:28:17,542 - INFO - [analyzer.outreach_generator] - Generated outreach materials for Steampot Restaurant.
2026-05-16 04:28:17,648 - INFO - [analyzer.outreach_generator] - Generated outreach materials for Worldstar Enterprises, Trivandrum jobs.
2026-05-16 04:28:18,388 - INFO - [analyzer.outreach_generator] - Generated outreach materials for Pai's kitchen.
2026-05-16 04:28:18,453 - INFO - [analyzer.outreach_generator] - Generated outreach materials for Suhail Enterprises.
2026-05-16 04:28:19,258 - INFO - [analyzer.outreach_generator] - Generated outreach materials for Lantern Grove Restaurant.
2026-05-16 04:28:19,333 - INFO - [analyzer.outreach_generator] - Generated outreach materials for Connecting2Work - HR Solutions.
2026-05-16 04:28:20,015 - INFO - [analyzer.outreach_generator] - Generated outreach materials for Alibaba & 41 Dishes - Trivandrum.
2026-05-16 04:28:20,121 - INFO - [analyzer.outreach_generator] - Generated outreach materials for Connecting2Work HR Solutions.
2026-05-16 04:28:20,837 - INFO - [analyzer.outreach_generator] - Generated outreach materials for Zam Zam Restaurants YMR.
2026-05-16 04:28:20,902 - INFO - [analyzer.outreach_generator] - Generated outreach materials for Career Home | Placement Service, Facility Management and Job consultancy.
2026-05-16 04:28:22,114 - INFO - [analyzer.outreach_generator] - Generated outreach materials for Vayalil Restaurant, The Finedine, eanchakkal.
2026-05-16 04:28:22,220 - INFO - [analyzer.outreach_generator] - Generated outreach materials for Friends Home Nurse Consultancy.
2026-05-16 04:28:23,026 - INFO - [analyzer.outreach_generator] - Generated outreach materials for Aryaas Vegetarian Restaurant.
2026-05-16 04:28:23,091 - INFO - [analyzer.outreach_generator] - Generated outreach materials for JOBS 'n TA HR Services.
2026-05-16 04:28:23,793 - INFO - [analyzer.outreach_generator] - Generated outreach materials for Ariya Nivaas Restaurant.
2026-05-16 04:28:23,906 - INFO - [analyzer.outreach_generator] - Generated outreach materials for New Belief Overseas Recruitment services Pvt.Ltd.
2026-05-16 04:28:24,728 - INFO - [analyzer.outreach_generator] - Generated outreach materials for Malabar Cafe.
2026-05-16 04:28:24,889 - INFO - [analyzer.outreach_generator] - Generated outreach materials for Career world jobs.
2026-05-16 04:28:25,640 - INFO - [analyzer.outreach_generator] - Generated outreach materials for Khana Peena.
2026-05-16 04:28:25,811 - INFO - [analyzer.outreach_generator] - Generated outreach materials for Chinmaya Jobs & Travel services.
2026-05-16 04:28:26,875 - INFO - [analyzer.outreach_generator] - Generated outreach materials for Supreme Upper Crust.
2026-05-16 04:28:27,086 - INFO - [analyzer.outreach_generator] - Generated outreach materials for Dial A Job.
2026-05-16 04:28:27,827 - INFO - [analyzer.outreach_generator] - Generated outreach materials for Mani Mess.
2026-05-16 04:28:27,894 - INFO - [analyzer.outreach_generator] - Generated outreach materials for Space International Travel Service Manpower Consultant.
2026-05-16 04:28:28,543 - INFO - [analyzer.outreach_generator] - Generated outreach materials for Salkkaram Edavazhi.
2026-05-16 04:28:28,608 - INFO - [analyzer.outreach_generator] - Generated outreach materials for Jobcaps HR Consultancy.
2026-05-16 04:28:29,449 - INFO - [analyzer.outreach_generator] - Generated outreach materials for Huddles Cafe.
2026-05-16 04:28:29,531 - INFO - [analyzer.outreach_generator] - Generated outreach materials for Sujina Manpower Consultants.
2026-05-16 04:28:30,319 - INFO - [analyzer.outreach_generator] - Generated outreach materials for Malabar BitEs Restaurant.
2026-05-16 04:28:30,409 - INFO - [analyzer.outreach_generator] - Generated outreach materials for C2W.
2026-05-16 04:28:31,285 - INFO - [analyzer.outreach_generator] - Generated outreach materials for Cafe Hive.
2026-05-16 04:28:31,557 - INFO - [analyzer.outreach_generator] - Generated outreach materials for Lakshya job consultancy.
2026-05-16 04:28:32,254 - INFO - [analyzer.outreach_generator] - Generated outreach materials for Neerali Restaurant.
2026-05-16 04:28:32,330 - INFO - [analyzer.outreach_generator] - Generated outreach materials for Deepam Employment Service.
2026-05-16 04:28:33,087 - INFO - [analyzer.outreach_generator] - Generated outreach materials for Rajila Hotel.
2026-05-16 04:28:33,210 - INFO - [analyzer.outreach_generator] - Generated outreach materials for Scintila Recruiter.
2026-05-16 04:28:33,866 - INFO - [analyzer.outreach_generator] - Generated outreach materials for Hotel Aruna (Pure veg).
2026-05-16 04:28:33,923 - INFO - [analyzer.outreach_generator] - Generated outreach materials for Quick Job Consultancy.
2026-05-16 04:28:34,525 - INFO - [analyzer.outreach_generator] - Generated outreach materials for Varnam Seafood Restaurant.
2026-05-16 04:28:34,615 - INFO - [analyzer.outreach_generator] - Generated outreach materials for Riya - The Travel Expert | Thiruvananthapuram.
2026-05-16 04:28:35,339 - INFO - [analyzer.outreach_generator] - Generated outreach materials for Burj Al Mandi Restaurant.
2026-05-16 04:28:35,405 - INFO - [analyzer.outreach_generator] - Generated outreach materials for Attitude Worldwide.
2026-05-16 04:28:36,080 - INFO - [analyzer.outreach_generator] - Generated outreach materials for Azad Star at Vazhuthacaud.
2026-05-16 04:28:36,170 - INFO - [analyzer.outreach_generator] - Generated outreach materials for Medisol Placements Private Limited :Leading Healthcare recruitment consultancy.
2026-05-16 04:28:37,025 - INFO - [analyzer.outreach_generator] - Generated outreach materials for Dindigul Thalappakatti Restaurant.
2026-05-16 04:28:37,082 - INFO - [analyzer.outreach_generator] - Generated outreach materials for Smart Job consultancy.
2026-05-16 04:28:37,774 - INFO - [analyzer.outreach_generator] - Generated outreach materials for RASOI by RUCHI.
2026-05-16 04:28:37,944 - INFO - [analyzer.outreach_generator] - Generated outreach materials for Akbar Travels of India Pvt Ltd - Trivandrum.
2026-05-16 04:28:38,629 - INFO - [analyzer.outreach_generator] - Generated outreach materials for North Bites.
2026-05-16 04:28:38,685 - INFO - [analyzer.outreach_generator] - Generated outreach materials for KAILAS AGENCIES.
2026-05-16 04:28:39,378 - INFO - [analyzer.outreach_generator] - Generated outreach materials for Open House Restaurant.
2026-05-16 04:28:39,475 - INFO - [analyzer.outreach_generator] - Generated outreach materials for International Agencies.
2026-05-16 04:28:40,184 - INFO - [analyzer.outreach_generator] - Generated outreach materials for Poorna Family Restaurant.
2026-05-16 04:28:40,240 - INFO - [analyzer.outreach_generator] - Generated outreach materials for VICTORY AGENCIES.
2026-05-16 04:28:40,998 - INFO - [analyzer.outreach_generator] - Generated outreach materials for The Tides.
2026-05-16 04:28:41,077 - INFO - [analyzer.outreach_generator] - Generated outreach materials for Guideline job consultancy.
2026-05-16 04:28:42,014 - INFO - [analyzer.outreach_generator] - Generated outreach materials for Poomaram Ram's Kitchen.
2026-05-16 04:28:42,076 - INFO - [analyzer.outreach_generator] - Generated outreach materials for Careerline Travel Consultant.
2026-05-16 04:28:42,740 - INFO - [analyzer.outreach_generator] - Generated outreach materials for Nikunjam Restaurant.
2026-05-16 04:28:42,802 - INFO - [analyzer.outreach_generator] - Generated outreach materials for Amina Agencies.
2026-05-16 04:28:43,554 - INFO - [analyzer.outreach_generator] - Generated outreach materials for SK Restaurant.
2026-05-16 04:28:44,561 - INFO - [analyzer.outreach_generator] - Generated outreach materials for Universal Migration.
2026-05-16 04:28:45,243 - INFO - [analyzer.outreach_generator] - Generated outreach materials for Hotel Dimora Thiruvananthapuram.
2026-05-16 04:28:45,304 - INFO - [analyzer.outreach_generator] - Generated outreach materials for Metro Agencies.
2026-05-16 04:28:45,995 - INFO - [analyzer.outreach_generator] - Generated outreach materials for Sri Aiswariya Vegetarian Restaurant.
2026-05-16 04:28:46,057 - INFO - [analyzer.outreach_generator] - Generated outreach materials for Connect 2 Job HR Consultancy services.
2026-05-16 04:28:46,721 - INFO - [analyzer.outreach_generator] - Generated outreach materials for Le Capital Seafood & Grills.
2026-05-16 04:28:46,782 - INFO - [analyzer.outreach_generator] - Generated outreach materials for M&G Immigration & Study Abroad Consultants | Best Canada Immigration Consultants in Trivandrum | Overseas Education Kerala.
2026-05-16 04:28:47,833 - INFO - [analyzer.outreach_generator] - Generated outreach materials for Paradise Family Restaurant.
2026-05-16 04:28:47,876 - INFO - [analyzer.outreach_generator] - Generated outreach materials for Airtravel Enterprises India Limited.
2026-05-16 04:28:48,448 - INFO - [analyzer.outreach_generator] - Generated outreach materials for Ummees Seafood Restaurant.
2026-05-16 04:28:48,505 - INFO - [analyzer.outreach_generator] - Generated outreach materials for Good Way Solutions.
2026-05-16 04:28:49,313 - INFO - [analyzer.outreach_generator] - Generated outreach materials for Konkan Café Vivanta Thiruvananthapuram.
2026-05-16 04:28:49,370 - INFO - [analyzer.outreach_generator] - Generated outreach materials for Kerala Travels.
2026-05-16 04:28:50,267 - INFO - [analyzer.outreach_generator] - Generated outreach materials for Kerala Hotel.
2026-05-16 04:28:50,324 - INFO - [analyzer.outreach_generator] - Generated outreach materials for Standard Agencies Hardware.
2026-05-16 04:28:51,054 - INFO - [analyzer.outreach_generator] - Generated outreach materials for Hotel Kuttanad.
2026-05-16 04:28:51,135 - INFO - [analyzer.outreach_generator] - Generated outreach materials for Ushus Services.
2026-05-16 04:28:51,996 - INFO - [analyzer.outreach_generator] - Generated outreach materials for Le Lumiere Restaurant.
2026-05-16 04:28:52,076 - INFO - [analyzer.outreach_generator] - Generated outreach materials for VK Agency.
2026-05-16 04:28:53,026 - INFO - [analyzer.outreach_generator] - Generated outreach materials for Irani kuzhimandi restaurant.
2026-05-16 04:28:53,082 - INFO - [analyzer.outreach_generator] - Generated outreach materials for Pratheeksha Job Consultancy.
2026-05-16 04:28:53,699 - INFO - [analyzer.outreach_generator] - Generated outreach materials for Meenamma's Kitchen.
2026-05-16 04:28:53,947 - INFO - [analyzer.outreach_generator] - Generated outreach materials for ITJobcell.
2026-05-16 04:28:54,721 - INFO - [analyzer.outreach_generator] - Generated outreach materials for Mynt.
2026-05-16 04:28:54,949 - INFO - [analyzer.outreach_generator] - Generated outreach materials for ALPHA TOURS AND TRAVEL AGENCY TRIVANDRUM.
2026-05-16 04:28:55,627 - INFO - [analyzer.outreach_generator] - Generated outreach materials for Park Malabar Restaurant Trivandrum.
2026-05-16 04:28:55,873 - INFO - [analyzer.outreach_generator] - Generated outreach materials for Travel Nivriti.
2026-05-16 04:28:56,473 - INFO - [analyzer.outreach_generator] - Generated outreach materials for Gujju's Kitchen.
2026-05-16 04:28:56,717 - INFO - [analyzer.outreach_generator] - Generated outreach materials for Destination Designers - Travel and Tour Management Company.
2026-05-16 04:28:57,131 - INFO - [analyzer.outreach_generator] - Generated outreach materials for Kuttanadan Puncha Family Restaurant.
2026-05-16 04:28:57,642 - INFO - [analyzer.outreach_generator] - Generated outreach materials for Class one Tours and Travels.
2026-05-16 04:28:58,733 - INFO - [analyzer.outreach_generator] - Generated outreach materials for SAAYA FAMILY RESTAURANT.
2026-05-16 04:28:59,805 - INFO - [analyzer.outreach_generator] - Generated outreach materials for Talent Resource Management.
2026-05-16 04:29:00,561 - INFO - [analyzer.outreach_generator] - Generated outreach materials for MANDI MANZIL.
2026-05-16 04:29:01,275 - INFO - [analyzer.outreach_generator] - Generated outreach materials for MediaMate Advertising India (P) Ltd.
2026-05-16 04:29:02,314 - INFO - [analyzer.outreach_generator] - Generated outreach materials for Ambalapatt Restaurant.
2026-05-16 04:29:03,327 - INFO - [analyzer.outreach_generator] - Generated outreach materials for STS Travels Online..
2026-05-16 04:29:03,708 - INFO - [analyzer.outreach_generator] - Generated outreach materials for New Heavens Take Away.
2026-05-16 04:29:04,712 - INFO - [analyzer.outreach_generator] - Generated outreach materials for Phoenixwings HR Solutions.
2026-05-16 04:29:05,471 - INFO - [analyzer.outreach_generator] - Generated outreach materials for The Chef's Studio.
2026-05-16 04:29:06,336 - INFO - [analyzer.outreach_generator] - Generated outreach materials for Pflege Career | Best German Consultancy In Kerala.
2026-05-16 04:29:07,193 - INFO - [analyzer.outreach_generator] - Generated outreach materials for Jasmine Bay Restaurant.
2026-05-16 04:29:08,131 - INFO - [analyzer.outreach_generator] - Generated outreach materials for Career Home.
2026-05-16 04:29:08,834 - INFO - [analyzer.outreach_generator] - Generated outreach materials for Oriental Spice.
2026-05-16 04:29:09,614 - INFO - [analyzer.outreach_generator] - Generated outreach materials for Universal Manpower Service, Trivandrum.
2026-05-16 04:29:10,303 - INFO - [analyzer.outreach_generator] - Generated outreach materials for Ariya Jyothi Vegetarian Restaurant.
2026-05-16 04:29:10,952 - INFO - [analyzer.outreach_generator] - Generated outreach materials for Restik Brand.
2026-05-16 04:29:11,506 - INFO - [analyzer.outreach_generator] - Generated outreach materials for Al Taza - Trivandrum.
2026-05-16 04:29:12,084 - INFO - [analyzer.outreach_generator] - Generated outreach materials for The Write People.
2026-05-16 04:29:12,582 - INFO - [analyzer.outreach_generator] - Generated outreach materials for Aasife Biriyani - Kesavadasapuram (Trivandrum).
2026-05-16 04:29:13,144 - INFO - [analyzer.outreach_generator] - Generated outreach materials for Pioneer Agencies.
2026-05-16 04:29:13,750 - INFO - [analyzer.outreach_generator] - Generated outreach materials for Porotta Hut.
2026-05-16 04:29:14,305 - INFO - [analyzer.outreach_generator] - Generated outreach materials for S K S Consultancy.
2026-05-16 04:29:14,950 - INFO - [analyzer.outreach_generator] - Generated outreach materials for Akshayam Pure Vegetarian Restaurant.
2026-05-16 04:29:16,472 - INFO - [analyzer.outreach_generator] - Generated outreach materials for Texas Tours & Travels.
2026-05-16 04:29:18,941 - INFO - [analyzer.outreach_generator] - Generated outreach materials for Saraswathy Agencies.
2026-05-16 04:29:20,695 - INFO - [analyzer.outreach_generator] - Generated outreach materials for Supriya Agencies Trivandrum.
2026-05-16 04:29:22,008 - INFO - [analyzer.outreach_generator] - Generated outreach materials for Aruna Agencies.
2026-05-16 04:29:22,970 - INFO - [analyzer.outreach_generator] - Generated outreach materials for Swiggy Onboarding Office Thiruvananthapuram.
2026-05-16 04:29:23,974 - INFO - [analyzer.outreach_generator] - Generated outreach materials for Sree Tours - Taxi Service / Wedding Car For Rent Trivandrum Luxury Marriage Car Hire.
2026-05-16 04:29:25,061 - INFO - [analyzer.outreach_generator] - Generated outreach materials for PALAZHY TOURS & TRAVELS PVT. LTD..
2026-05-16 04:29:26,474 - INFO - [analyzer.outreach_generator] - Generated outreach materials for PAMA AIR TRAVELS INDIA.
2026-05-16 04:29:27,635 - INFO - [analyzer.outreach_generator] - Generated outreach materials for Thalikkunnil Sales Incorporate.
2026-05-16 04:29:28,201 - INFO - [analyzer.outreach_generator] - Generated outreach materials for Nava Karthika Agency.
2026-05-16 04:29:28,794 - INFO - [analyzer.outreach_generator] - Generated outreach materials for Voyages Kerala.
2026-05-16 04:29:29,447 - INFO - [analyzer.outreach_generator] - Generated outreach materials for LLOYDS INSPECTION AGENCY PVT LTD | India Office.
2026-05-16 04:29:30,982 - INFO - [analyzer.outreach_generator] - Generated outreach materials for Rajeevam Manpower Consultant.
2026-05-16 04:29:31,572 - INFO - [analyzer.outreach_generator] - Generated outreach materials for Ozone Tourism and Travel.
2026-05-16 04:29:32,139 - INFO - [analyzer.outreach_generator] - Generated outreach materials for Care Health Insurance.
2026-05-16 04:29:32,568 - INFO - [analyzer.outreach_generator] - Generated outreach materials for Thomson Trading Agencies vallakkadavu TVM.
2026-05-16 04:29:33,031 - INFO - [analyzer.outreach_generator] - Generated outreach materials for Axis Overseas Careers.
2026-05-16 04:29:33,592 - INFO - [analyzer.outreach_generator] - Generated outreach materials for RevolxIT Learning and AI solutions Pvt Ltd(Previously STC Technology).
2026-05-16 04:29:33,949 - INFO - [analyzer.outreach_generator] - Generated outreach materials for VETTATH AGENCIES.
2026-05-16 04:29:34,514 - INFO - [analyzer.outreach_generator] - Generated outreach materials for Keyar Agencies.
2026-05-16 04:29:35,164 - INFO - [analyzer.outreach_generator] - Generated outreach materials for Devi Agencies.
2026-05-16 04:29:35,222 - INFO - [analyzer.outreach_generator] - Generated outreach materials for Technopark Trivandrum.
2026-05-16 04:29:35,957 - INFO - [analyzer.outreach_generator] - Generated outreach materials for Liberty General Insurance Ltd..
2026-05-16 04:29:36,156 - INFO - [analyzer.outreach_generator] - Generated outreach materials for Scipy Technologies Pvt Ltd.
2026-05-16 04:29:36,826 - INFO - [analyzer.outreach_generator] - Generated outreach materials for Vigneswara agency lottery shop.
2026-05-16 04:29:36,968 - INFO - [analyzer.outreach_generator] - Generated outreach materials for Vinvish Technologies Pvt. Ltd..
2026-05-16 04:29:37,405 - INFO - [analyzer.outreach_generator] - Generated outreach materials for ARIES TRAVEL AND HOLIDAYS.
2026-05-16 04:29:38,033 - INFO - [analyzer.outreach_generator] - Generated outreach materials for Aavin Milk and Milk Products Authorised Distributor - Quality Agencies.
2026-05-16 04:29:38,935 - INFO - [analyzer.outreach_generator] - Generated outreach materials for Pest Control & Cleaning Services.
2026-05-16 04:29:39,393 - INFO - [analyzer.outreach_generator] - Generated outreach materials for Heavens.
2026-05-16 04:29:40,173 - INFO - [analyzer.outreach_generator] - Generated outreach materials for Kerala Matrimony, part of Matrimony Group - Vazhuthacaud, Trivandrum.
2026-05-16 04:29:40,972 - INFO - [analyzer.outreach_generator] - Generated outreach materials for We Care Facility Management Services.
2026-05-16 04:31:16,332 - INFO - [analyzer.outreach_generator] - Generated outreach materials for LuLu Mall Thiruvananthapuram.
2026-05-16 04:31:16,630 - INFO - [analyzer.outreach_generator] - Generated outreach materials for Variety Mall.
2026-05-16 04:31:16,836 - INFO - [analyzer.outreach_generator] - Generated outreach materials for Ramachandran Textiles.
2026-05-16 04:32:50,512 - INFO - [analyzer.outreach_generator] - Generated outreach materials for SP Medifort Hospital.
2026-05-16 04:32:50,673 - INFO - [analyzer.outreach_generator] - Generated outreach materials for Sree Uthradom Thirunal (SUT) Hospital.
2026-05-16 04:32:50,890 - INFO - [analyzer.outreach_generator] - Generated outreach materials for GG Hospital.
2026-05-16 04:34:23,693 - INFO - [analyzer.outreach_generator] - Generated outreach materials for Dr Anugra Baburaj Cosmetologist | Skin Care Clinic Trivandrum.
2026-05-16 04:34:23,857 - INFO - [analyzer.outreach_generator] - Generated outreach materials for Dr. Yogiraj Centre for Dermatology & Cosmetology Hair transplantation.
2026-05-16 04:34:24,142 - INFO - [analyzer.outreach_generator] - Generated outreach materials for Ageless Skin Clinic.
2026-05-16 04:35:44,115 - INFO - [analyzer.outreach_generator] - Generated outreach materials for Cafe Jade - All Day Dining (24X7).
2026-05-16 04:35:44,375 - INFO - [analyzer.outreach_generator] - Generated outreach materials for Villa Maya.
2026-05-16 04:35:44,602 - INFO - [analyzer.outreach_generator] - Generated outreach materials for Paragon Restaurant.
2026-05-16 04:37:04,055 - INFO - [analyzer.outreach_generator] - Generated outreach materials for Style PLUS.
2026-05-16 04:37:04,227 - INFO - [analyzer.outreach_generator] - Generated outreach materials for Ramachandran Textiles.
2026-05-16 04:37:04,438 - INFO - [analyzer.outreach_generator] - Generated outreach materials for Variety Mall.
2026-05-16 04:38:27,802 - INFO - [analyzer.outreach_generator] - Generated outreach materials for Worldstar Enterprises, Trivandrum jobs.
2026-05-16 04:38:27,961 - INFO - [analyzer.outreach_generator] - Generated outreach materials for Career Home | Placement Service, Facility Management and Job consultancy.
2026-05-16 04:38:28,176 - INFO - [analyzer.outreach_generator] - Generated outreach materials for RCD HR SOLUTIONS.
2026-05-16 04:39:30,950 - INFO - [analyzer.outreach_generator] - Generated outreach materials for KERALA UNIVERSITY TRANSCRIPT/ATTESTATION SERVICES/ABS TRANSCRIPT/ABSEDUCATIONSERVICE.
2026-05-16 04:39:31,170 - INFO - [analyzer.outreach_generator] - Generated outreach materials for My Secretary Services.
2026-05-16 04:39:31,401 - INFO - [analyzer.outreach_generator] - Generated outreach materials for Lenovo Service Center - CTDI Globle Infocom.
2026-05-16 04:40:57,298 - INFO - [analyzer.outreach_generator] - Generated outreach materials for Travancore Titanium Products Limited.
2026-05-16 04:41:00,366 - INFO - [analyzer.outreach_generator] - Generated outreach materials for The India Cements Ltd.
2026-05-16 04:41:00,576 - INFO - [analyzer.outreach_generator] - Generated outreach materials for Fresh N Fine Products (India) Pvt. Ltd.
2026-05-16 05:22:22,256 - INFO - [analyzer.outreach_generator] - Generated outreach materials for AM Customer Service Point.
2026-05-16 05:22:22,433 - INFO - [analyzer.outreach_generator] - Generated outreach materials for SEWA Kerala.
2026-05-16 05:22:22,691 - INFO - [analyzer.outreach_generator] - Generated outreach materials for Capital house keeping service.
2026-05-16 05:22:22,893 - INFO - [analyzer.outreach_generator] - Generated outreach materials for Apple Authorized Service Centre - F1 Info Services, Trivandrum.
2026-05-16 05:22:23,192 - INFO - [analyzer.outreach_generator] - Generated outreach materials for No service.
2026-05-16 05:22:23,393 - INFO - [analyzer.outreach_generator] - Generated outreach materials for Clean & Clean Hygiene Services.
2026-05-16 05:22:23,635 - INFO - [analyzer.outreach_generator] - Generated outreach materials for Trinity Solutions- Sony Authorized Service Center, Trivandrum.
2026-05-16 05:22:23,878 - INFO - [analyzer.outreach_generator] - Generated outreach materials for KERALA UNIVERSITY TRANSCRIPT/ATTESTATION SERVICES/ABS TRANSCRIPT/ABSEDUCATIONSERVICE.
2026-05-16 05:22:24,063 - INFO - [analyzer.outreach_generator] - Generated outreach materials for My Secretary Services.
2026-05-16 05:22:24,257 - INFO - [analyzer.outreach_generator] - Generated outreach materials for AV SERVICES.
2026-05-16 05:22:24,466 - INFO - [analyzer.outreach_generator] - Generated outreach materials for Service Expert.
2026-05-16 05:22:24,668 - INFO - [analyzer.outreach_generator] - Generated outreach materials for Home Nursing and House Maid Service Trivandrum.
2026-05-16 05:22:24,862 - INFO - [analyzer.outreach_generator] - Generated outreach materials for The Kerala Service Company Ltd.
2026-05-16 05:22:25,007 - INFO - [analyzer.outreach_generator] - Generated outreach materials for Total Care Security.
2026-05-16 05:22:25,201 - INFO - [analyzer.outreach_generator] - Generated outreach materials for Mr. Handyman.
2026-05-16 05:22:25,386 - INFO - [analyzer.outreach_generator] - Generated outreach materials for Lenovo Service Center - CTDI Globle Infocom.
2026-05-16 05:22:25,588 - INFO - [analyzer.outreach_generator] - Generated outreach materials for Sameway Maintenance Solutions.
2026-05-16 05:22:25,790 - INFO - [analyzer.outreach_generator] - Generated outreach materials for Philips Engineering Services.
2026-05-16 05:22:25,999 - INFO - [analyzer.outreach_generator] - Generated outreach materials for Service Consultants.
2026-05-16 05:22:26,169 - INFO - [analyzer.outreach_generator] - Generated outreach materials for Vinayaka Services.
2026-05-16 05:22:26,379 - INFO - [analyzer.outreach_generator] - Generated outreach materials for Grace Care Solution.
2026-05-16 05:22:26,734 - INFO - [analyzer.outreach_generator] - Generated outreach materials for SEO Services in Kerala.
2026-05-16 05:22:27,016 - INFO - [analyzer.outreach_generator] - Generated outreach materials for Delta Security Services.
2026-05-16 05:22:27,242 - INFO - [analyzer.outreach_generator] - Generated outreach materials for SS Services.
2026-05-16 05:22:27,419 - INFO - [analyzer.outreach_generator] - Generated outreach materials for Clean Master.
2026-05-16 05:22:27,597 - INFO - [analyzer.outreach_generator] - Generated outreach materials for Green Placement.
2026-05-16 05:22:27,750 - INFO - [analyzer.outreach_generator] - Generated outreach materials for Malankara Social Service Society.
2026-05-16 05:22:27,936 - INFO - [analyzer.outreach_generator] - Generated outreach materials for 4 M Security & Allied Services Pvt. Ltd.
2026-05-16 05:22:28,130 - INFO - [analyzer.outreach_generator] - Generated outreach materials for Kerala Public Service Commission.
2026-05-16 05:22:28,398 - INFO - [analyzer.outreach_generator] - Generated outreach materials for Nova Services.
2026-05-16 05:22:28,622 - INFO - [analyzer.outreach_generator] - Generated outreach materials for REFILL STATION.
2026-05-16 05:22:28,799 - INFO - [analyzer.outreach_generator] - Generated outreach materials for We Care Facility Management Services.
2026-05-16 05:22:28,937 - INFO - [analyzer.outreach_generator] - Generated outreach materials for Rentokil Initial Hygiene India - Kerala.
2026-05-16 05:22:29,106 - INFO - [analyzer.outreach_generator] - Generated outreach materials for OM ONLINE SERVICES.
2026-05-16 05:22:29,283 - INFO - [analyzer.outreach_generator] - Generated outreach materials for ONLINE SERVICES.
2026-05-16 05:22:29,453 - INFO - [analyzer.outreach_generator] - Generated outreach materials for Sulabh International Social Service Organisation.
2026-05-16 05:22:29,622 - INFO - [analyzer.outreach_generator] - Generated outreach materials for TrueLine Facility Management Service.
2026-05-16 05:22:29,879 - INFO - [analyzer.outreach_generator] - Generated outreach materials for DHL Express (India) Pvt. Ltd.
2026-05-16 05:22:30,243 - INFO - [analyzer.outreach_generator] - Generated outreach materials for RevolxIT Learning and AI solutions Pvt Ltd(Previously STC Technology).
2026-05-16 05:22:30,677 - INFO - [analyzer.outreach_generator] - Generated outreach materials for Civil Service Institute Pala, Trivandrum Campus.
2026-05-16 05:22:31,177 - INFO - [analyzer.outreach_generator] - Generated outreach materials for Gate light solutions.
2026-05-16 05:22:31,462 - INFO - [analyzer.outreach_generator] - Generated outreach materials for Signs & Marks.
2026-05-16 05:22:31,808 - INFO - [analyzer.outreach_generator] - Generated outreach materials for National career service center for differently abled.
2026-05-16 05:22:32,300 - INFO - [analyzer.outreach_generator] - Generated outreach materials for smash cleaning company.
2026-05-16 05:22:32,688 - INFO - [analyzer.outreach_generator] - Generated outreach materials for SAP Consultancy & Training Services(SAPC).
2026-05-16 05:22:33,163 - INFO - [analyzer.outreach_generator] - Generated outreach materials for AVM Facility Management.
2026-05-16 05:22:33,598 - INFO - [analyzer.outreach_generator] - Generated outreach materials for BASE LANDS Services & Solutions Consultants.
2026-05-16 05:22:34,075 - INFO - [analyzer.outreach_generator] - Generated outreach materials for Thalikkunnil Sales Incorporate.
2026-05-16 05:22:34,550 - INFO - [analyzer.outreach_generator] - Generated outreach materials for Manoj Hire Services.
2026-05-16 05:22:34,969 - INFO - [analyzer.outreach_generator] - Generated outreach materials for BMG SECURITY SERVICES.
2026-05-16 05:22:35,511 - INFO - [analyzer.outreach_generator] - Generated outreach materials for Home Nursing Service.
2026-05-16 05:22:35,874 - INFO - [analyzer.outreach_generator] - Generated outreach materials for TidyGlow.
2026-05-16 05:22:36,197 - INFO - [analyzer.outreach_generator] - Generated outreach materials for Divya matha Home Nursing services.
2026-05-16 05:22:36,560 - INFO - [analyzer.outreach_generator] - Generated outreach materials for FALKEN SECURITY& FACILITY SERVICES PVT LTD.
2026-05-16 05:22:36,963 - INFO - [analyzer.outreach_generator] - Generated outreach materials for Uber - Centro de Activación.
2026-05-16 05:22:37,382 - INFO - [analyzer.outreach_generator] - Generated outreach materials for LIFE CARE SERVICE HUB.
2026-05-16 05:22:37,761 - INFO - [analyzer.outreach_generator] - Generated outreach materials for SI Property (Kerala) Private Ltd.
2026-05-16 05:22:38,084 - INFO - [analyzer.outreach_generator] - Generated outreach materials for Pooja Ambulance Service.
2026-05-16 05:22:38,455 - INFO - [analyzer.outreach_generator] - Generated outreach materials for SKS CONSULTANCY.
2026-05-16 05:22:42,818 - INFO - [analyzer.outreach_generator] - Generated outreach materials for THARAVATTIL Outdoor Catering Service.
2026-05-16 05:22:43,254 - INFO - [analyzer.outreach_generator] - Generated outreach materials for Chaithanya Outdoor Catering Services.
2026-05-16 05:22:43,633 - INFO - [analyzer.outreach_generator] - Generated outreach materials for Aerobic Bin Of Thiruvananthapuram City Corporation.
2026-05-16 05:22:44,327 - INFO - [analyzer.outreach_generator] - Generated outreach materials for Excellent Home Nursing Trivandrum.
2026-05-16 05:22:44,689 - INFO - [analyzer.outreach_generator] - Generated outreach materials for Swiggy Onboarding Office Thiruvananthapuram.
2026-05-16 05:22:45,149 - INFO - [analyzer.outreach_generator] - Generated outreach materials for Anna Catering Service & Anna Marriage Event.
2026-05-16 05:22:45,472 - INFO - [analyzer.outreach_generator] - Generated outreach materials for Oxygen Digital Shop - Pattom.
2026-05-16 05:22:45,899 - INFO - [analyzer.outreach_generator] - Generated outreach materials for Universal Manpower Service, Trivandrum.
2026-05-16 05:22:46,262 - INFO - [analyzer.outreach_generator] - Generated outreach materials for MANASI TOUR OPERATOR AND COMMON SERVICE CENTRE.
2026-05-16 05:22:46,681 - INFO - [analyzer.outreach_generator] - Generated outreach materials for IBIZ Technology | Internet Leased Line | MPLS | CLOUD | WIFI Solution | Sip Trunk.
2026-05-16 05:22:47,004 - INFO - [analyzer.outreach_generator] - Generated outreach materials for Delta Services.
2026-05-16 05:22:47,496 - INFO - [analyzer.outreach_generator] - Generated outreach materials for Kaigo Home Healthcare.
2026-05-16 05:22:47,859 - INFO - [analyzer.outreach_generator] - Generated outreach materials for Centre for Management Development.
2026-05-16 05:22:48,182 - INFO - [analyzer.outreach_generator] - Generated outreach materials for common service centre mahindra.
2026-05-16 05:22:48,504 - INFO - [analyzer.outreach_generator] - Generated outreach materials for Jeyem Express Cargo.
2026-05-16 05:22:49,069 - INFO - [analyzer.outreach_generator] - Generated outreach materials for INTERNATIONAL COURIER.
2026-05-16 05:22:49,480 - INFO - [analyzer.outreach_generator] - Generated outreach materials for Smartline Services.
2026-05-16 05:22:49,859 - INFO - [analyzer.outreach_generator] - Generated outreach materials for EasyNet Digital.
2026-05-16 05:22:50,238 - INFO - [analyzer.outreach_generator] - Generated outreach materials for The Professional Couriers.
2026-05-16 05:22:50,609 - INFO - [analyzer.outreach_generator] - Generated outreach materials for Teknokraaft Info Systems.
2026-05-16 05:22:50,972 - INFO - [analyzer.outreach_generator] - Generated outreach materials for Care Health Insurance.
2026-05-16 05:22:51,343 - INFO - [analyzer.outreach_generator] - Generated outreach materials for Decathlon Sports - Trivandrum.
2026-05-16 05:22:51,666 - INFO - [analyzer.outreach_generator] - Generated outreach materials for J Square Mobiles - Main Branch, Sreyas Building, Ulloor.
2026-05-16 05:22:52,036 - INFO - [analyzer.outreach_generator] - Generated outreach materials for Prime Weddings and Events - Wedding Event Management Trivandrum.
2026-05-16 05:22:52,520 - INFO - [analyzer.outreach_generator] - Generated outreach materials for Medisol Placements Private Limited :Leading Healthcare recruitment consultancy.
2026-05-16 05:22:52,957 - INFO - [analyzer.outreach_generator] - Generated outreach materials for Onbyz Automations.
2026-05-16 05:22:54,407 - INFO - [analyzer.outreach_generator] - Generated outreach materials for Mythri Home Nursing Service.
2026-05-16 05:22:54,779 - INFO - [analyzer.outreach_generator] - Generated outreach materials for Rajeevam Manpower Consultant.
2026-05-16 05:22:58,211 - INFO - [analyzer.outreach_generator] - Generated outreach materials for Soorya Catering (Pure Vegetarian).
2026-05-16 05:22:59,523 - INFO - [analyzer.outreach_generator] - Generated outreach materials for PAVANA Placement Service.
2026-05-16 05:22:59,887 - INFO - [analyzer.outreach_generator] - Generated outreach materials for Thycaud, trivandrum.
2026-05-16 05:23:00,583 - INFO - [analyzer.outreach_generator] - Generated outreach materials for Pflege Career | Best German Consultancy In Kerala.
2026-05-16 05:23:00,956 - INFO - [analyzer.outreach_generator] - Generated outreach materials for GG Hospital.
2026-05-16 05:23:01,279 - INFO - [analyzer.outreach_generator] - Generated outreach materials for Aham Builders Consultants & Developers.
2026-05-16 05:23:01,643 - INFO - [analyzer.outreach_generator] - Generated outreach materials for Compu Shoppe.
2026-05-16 05:23:02,008 - INFO - [analyzer.outreach_generator] - Generated outreach materials for LLOYDS INSPECTION AGENCY PVT LTD | India Office.
2026-05-16 05:23:02,378 - INFO - [analyzer.outreach_generator] - Generated outreach materials for Medi House - Online Shop.
2026-05-16 05:23:02,750 - INFO - [analyzer.outreach_generator] - Generated outreach materials for JIO FIBER Trivandrum.
2026-05-16 05:23:03,122 - INFO - [analyzer.outreach_generator] - Generated outreach materials for Dell Authorised Service Center Trivandrum.
2026-05-16 05:23:03,542 - INFO - [analyzer.outreach_generator] - Generated outreach materials for NLP Training Trivandrum Kerala India.
2026-05-16 05:23:03,921 - INFO - [analyzer.outreach_generator] - Generated outreach materials for Shopalyst Technologies Pvt Ltd.
2026-05-16 05:51:07,099 - INFO - [analyzer.outreach_generator] - Generated outreach materials for Travancore Titanium Products Limited.
2026-05-16 05:51:07,443 - INFO - [analyzer.outreach_generator] - Generated outreach materials for MAHASREEVARI FOOD INDUSTRIES PRIVATE LIMITED.
2026-05-16 05:51:07,794 - INFO - [analyzer.outreach_generator] - Generated outreach materials for Dr. FOOD NUTRI INDUSTRIES.
2026-05-16 05:51:08,203 - INFO - [analyzer.outreach_generator] - Generated outreach materials for The India Cements Ltd.
2026-05-16 05:51:08,620 - INFO - [analyzer.outreach_generator] - Generated outreach materials for Fresh N Fine Products (India) Pvt. Ltd.
2026-05-16 05:51:08,964 - INFO - [analyzer.outreach_generator] - Generated outreach materials for Madhuram Food Products.
2026-05-16 05:51:09,306 - INFO - [analyzer.outreach_generator] - Generated outreach materials for BRUNCHIES.
2026-05-16 05:51:09,650 - INFO - [analyzer.outreach_generator] - Generated outreach materials for INNOVA INDUSTRIES - THE LUXURY FURNISHING FACTORY..
2026-05-16 05:51:10,174 - INFO - [analyzer.outreach_generator] - Generated outreach materials for Trivandrum Flour Mills Pvt. Ltd..
2026-05-16 05:51:10,353 - INFO - [analyzer.outreach_generator] - Generated outreach materials for Milky Food Industries.
2026-05-16 05:51:10,664 - INFO - [analyzer.outreach_generator] - Generated outreach materials for Avittom Food Industries.
2026-05-16 05:51:10,868 - INFO - [analyzer.outreach_generator] - Generated outreach materials for Nilamels and Kaimals Foods Private Limited.
2026-05-16 05:51:11,080 - INFO - [analyzer.outreach_generator] - Generated outreach materials for THE TRAVANCORE RUBBER AND TEA COMPANY LIMITED.
2026-05-16 05:51:11,252 - INFO - [analyzer.outreach_generator] - Generated outreach materials for Zamzam Industries.
2026-05-16 05:51:11,432 - INFO - [analyzer.outreach_generator] - Generated outreach materials for Fashion Factory.
2026-05-16 05:51:11,612 - INFO - [analyzer.outreach_generator] - Generated outreach materials for Kortas Industries Private Limited.
2026-05-16 05:51:11,833 - INFO - [analyzer.outreach_generator] - Generated outreach materials for HLL Lifecare Ltd..
2026-05-16 05:51:12,046 - INFO - [analyzer.outreach_generator] - Generated outreach materials for Moderns Food Products.
2026-05-16 05:51:12,209 - INFO - [analyzer.outreach_generator] - Generated outreach materials for Syndicate Gym Industries | Gym Equipment Manufacturer Kerala.
2026-05-16 05:51:12,381 - INFO - [analyzer.outreach_generator] - Generated outreach materials for Elements Homestead Products Pvt Ltd,Trivandrum.
2026-05-16 05:51:12,552 - INFO - [analyzer.outreach_generator] - Generated outreach materials for Coconics Private Limited.
2026-05-16 05:51:12,740 - INFO - [analyzer.outreach_generator] - Generated outreach materials for BrahMos Aerospace Thiruvananthapuram Limited.
2026-05-16 05:51:12,912 - INFO - [analyzer.outreach_generator] - Generated outreach materials for Bread Factory by Azad at Vazhuthacaud.
2026-05-16 05:51:13,084 - INFO - [analyzer.outreach_generator] - Generated outreach materials for Bread Factory by Azad at Kowdiar.
2026-05-16 05:51:13,271 - INFO - [analyzer.outreach_generator] - Generated outreach materials for BANATONE TRINITY INDUSTRIES.
2026-05-16 05:51:13,394 - INFO - [analyzer.outreach_generator] - Generated outreach materials for Green Factory.
2026-05-16 05:51:13,557 - INFO - [analyzer.outreach_generator] - Generated outreach materials for Hykon India Limited.
2026-05-16 05:51:13,788 - INFO - [analyzer.outreach_generator] - Generated outreach materials for Bread Factory by Azad at Nalanchira.
2026-05-16 05:51:13,966 - INFO - [analyzer.outreach_generator] - Generated outreach materials for English Indian Clays Limited.
2026-05-16 05:51:14,130 - INFO - [analyzer.outreach_generator] - Generated outreach materials for MGL Elevators Pvt.Ltd.
2026-05-16 05:51:14,301 - INFO - [analyzer.outreach_generator] - Generated outreach materials for Bread factory by Azad at Kumarapuram.
2026-05-16 05:51:14,473 - INFO - [analyzer.outreach_generator] - Generated outreach materials for Sree Krishna Oil Mills, Ulloor.
2026-05-16 05:51:14,661 - INFO - [analyzer.outreach_generator] - Generated outreach materials for SKP FURNITURE FACTORY OUTLET.
2026-05-16 05:51:14,832 - INFO - [analyzer.outreach_generator] - Generated outreach materials for Spice Garden Foods (OPC) Pvt Ltd.
2026-05-16 05:51:15,004 - INFO - [analyzer.outreach_generator] - Generated outreach materials for BIOTECH INDIA.
2026-05-16 05:51:15,184 - INFO - [analyzer.outreach_generator] - Generated outreach materials for Smart India Food Tech.
2026-05-16 05:51:15,307 - INFO - [analyzer.outreach_generator] - Generated outreach materials for Royal Mirra Mills.
2026-05-16 05:51:15,478 - INFO - [analyzer.outreach_generator] - Generated outreach materials for Ente Mill Store.
2026-05-16 05:51:15,650 - INFO - [analyzer.outreach_generator] - Generated outreach materials for Surplus Factory.
2026-05-16 05:51:15,823 - INFO - [analyzer.outreach_generator] - Generated outreach materials for Fabindia Experience Center, Kowdiar, Thiruvananthapuram.
2026-05-16 05:51:15,994 - INFO - [analyzer.outreach_generator] - Generated outreach materials for Asian Food Products.
2026-05-16 05:51:16,165 - INFO - [analyzer.outreach_generator] - Generated outreach materials for HLL Lifecare.
2026-05-16 05:51:16,288 - INFO - [analyzer.outreach_generator] - Generated outreach materials for Aquira Group Of Companies.
2026-05-16 05:51:16,459 - INFO - [analyzer.outreach_generator] - Generated outreach materials for TRAVANCORE CHEMICAL INDUSTRIES.
2026-05-16 05:51:16,631 - INFO - [analyzer.outreach_generator] - Generated outreach materials for Bread Factory by Azad at Medical College.
2026-05-16 05:51:29,312 - INFO - [analyzer.outreach_generator] - Generated outreach materials for Ramachandran Textiles.
2026-05-16 05:51:29,484 - INFO - [analyzer.outreach_generator] - Generated outreach materials for Fashion Factory.
2026-05-16 05:51:29,657 - INFO - [analyzer.outreach_generator] - Generated outreach materials for Variety Mall.
2026-05-16 05:51:29,779 - INFO - [analyzer.outreach_generator] - Generated outreach materials for Reliance SMART Bazaar.
2026-05-16 05:51:29,951 - INFO - [analyzer.outreach_generator] - Generated outreach materials for Style PLUS.
2026-05-16 05:51:30,139 - INFO - [analyzer.outreach_generator] - Generated outreach materials for LuLu Fashion Store.
2026-05-16 05:51:30,311 - INFO - [analyzer.outreach_generator] - Generated outreach materials for RETAIL.ROAD EXPORT SURPLUS.
2026-05-16 05:51:30,483 - INFO - [analyzer.outreach_generator] - Generated outreach materials for LuLu Hypermarket Thiruvananthapuram.
2026-05-16 05:51:30,817 - INFO - [analyzer.outreach_generator] - Generated outreach materials for We Store Trivandrum.
2026-05-16 05:51:30,981 - INFO - [analyzer.outreach_generator] - Generated outreach materials for City Stores.
2026-05-16 05:51:31,152 - INFO - [analyzer.outreach_generator] - Generated outreach materials for Bean Town, The Pop-Up Store, Trivandrum.
2026-05-16 05:51:31,315 - INFO - [analyzer.outreach_generator] - Generated outreach materials for Mall of Travancore.
2026-05-16 05:51:31,486 - INFO - [analyzer.outreach_generator] - Generated outreach materials for Babu Store Wholesale and Retail.
2026-05-16 05:51:31,658 - INFO - [analyzer.outreach_generator] - Generated outreach materials for Max.
2026-05-16 05:51:31,780 - INFO - [analyzer.outreach_generator] - Generated outreach materials for Family Shopping Centre.
2026-05-16 05:51:31,952 - INFO - [analyzer.outreach_generator] - Generated outreach materials for EasyBuy.
2026-05-16 05:51:32,123 - INFO - [analyzer.outreach_generator] - Generated outreach materials for Chellam Umbrella Mart.
2026-05-16 05:51:32,295 - INFO - [analyzer.outreach_generator] - Generated outreach materials for Jayalakshmi Silks.
2026-05-16 05:51:32,466 - INFO - [analyzer.outreach_generator] - Generated outreach materials for Derik Mart Apparels (Thiruvananthapuram).
2026-05-16 05:51:32,638 - INFO - [analyzer.outreach_generator] - Generated outreach materials for Prisma Store.
2026-05-16 05:51:32,760 - INFO - [analyzer.outreach_generator] - Generated outreach materials for Basics Life. Trivandrum.
2026-05-16 05:51:32,931 - INFO - [analyzer.outreach_generator] - Generated outreach materials for Oxygen Digital Shop - Pattom.
2026-05-16 05:51:33,103 - INFO - [analyzer.outreach_generator] - Generated outreach materials for PETER ENGLAND SHOWROOM- PULIMOODU, THIRUVANANTHAPURAM.
2026-05-16 05:51:33,274 - INFO - [analyzer.outreach_generator] - Generated outreach materials for Allen Solly Store.
2026-05-16 05:51:33,437 - INFO - [analyzer.outreach_generator] - Generated outreach materials for Decathlon Sports - Trivandrum.
2026-05-16 05:51:33,601 - INFO - [analyzer.outreach_generator] - Generated outreach materials for TRENDS.
2026-05-16 05:51:33,723 - INFO - [analyzer.outreach_generator] - Generated outreach materials for Vinayaka Super Market.
2026-05-16 05:51:33,941 - INFO - [analyzer.outreach_generator] - Generated outreach materials for MKS Store.
2026-05-16 05:51:34,262 - INFO - [analyzer.outreach_generator] - Generated outreach materials for Melel She Square.
2026-05-16 05:51:34,449 - INFO - [analyzer.outreach_generator] - Generated outreach materials for More Supermarket.
2026-05-16 05:51:34,572 - INFO - [analyzer.outreach_generator] - Generated outreach materials for Balaji Winners Store.
2026-05-16 05:51:34,735 - INFO - [analyzer.outreach_generator] - Generated outreach materials for 2PAC Kesavadasapuram Junction Trivandrum.
2026-05-16 05:51:34,898 - INFO - [analyzer.outreach_generator] - Generated outreach materials for Amart Stores & Supermarket.
2026-05-16 05:51:35,070 - INFO - [analyzer.outreach_generator] - Generated outreach materials for Van Heusen Men & Women Clothing Store, M.G Road - Trivandrum.
2026-05-16 05:51:35,243 - INFO - [analyzer.outreach_generator] - Generated outreach materials for PUMA Store.
2026-05-16 05:51:35,412 - INFO - [analyzer.outreach_generator] - Generated outreach materials for Avenue Centre Shoppe Multi Branded Shopping Complex.
2026-05-16 05:51:35,600 - INFO - [analyzer.outreach_generator] - Generated outreach materials for RMC MULTISHOPPE SUPERMARKET.
2026-05-16 05:51:35,804 - INFO - [analyzer.outreach_generator] - Generated outreach materials for Chithra Store.
2026-05-16 05:51:35,968 - INFO - [analyzer.outreach_generator] - Generated outreach materials for Sahakarana Super Bazaar.
2026-05-16 05:51:36,139 - INFO - [analyzer.outreach_generator] - Generated outreach materials for Godrej Interio - Furniture Store in Palayam, Thiruvananthapuram.
2026-05-16 05:51:36,261 - INFO - [analyzer.outreach_generator] - Generated outreach materials for Wildcraft.
2026-05-16 05:51:36,433 - INFO - [analyzer.outreach_generator] - Generated outreach materials for Ananth Store.
2026-05-16 05:51:36,604 - INFO - [analyzer.outreach_generator] - Generated outreach materials for SONU Shopping Centre.
2026-05-16 05:51:36,808 - INFO - [analyzer.outreach_generator] - Generated outreach materials for Buy 'N' Save margin free Bazaar, trivandrum.
2026-05-16 05:51:36,980 - INFO - [analyzer.outreach_generator] - Generated outreach materials for Ramraj Cotton - Pattom, Thiruvananthapuram.
2026-05-16 05:51:37,151 - INFO - [analyzer.outreach_generator] - Generated outreach materials for Le Panache Trivandrum.
2026-05-16 05:51:37,274 - INFO - [analyzer.outreach_generator] - Generated outreach materials for kappa.
2026-05-16 05:51:37,445 - INFO - [analyzer.outreach_generator] - Generated outreach materials for Organic India Store.
2026-05-16 05:51:37,682 - INFO - [analyzer.outreach_generator] - Generated outreach materials for S.M Stores.
2026-05-16 05:51:37,853 - INFO - [analyzer.outreach_generator] - Generated outreach materials for Samsung Experience Store Pattom.
2026-05-16 05:51:38,016 - INFO - [analyzer.outreach_generator] - Generated outreach materials for Offer Bazaar.
2026-05-16 05:51:38,187 - INFO - [analyzer.outreach_generator] - Generated outreach materials for Giant Margin Free Store.
2026-05-16 05:51:38,311 - INFO - [analyzer.outreach_generator] - Generated outreach materials for myG Pattom.
2026-05-16 05:51:38,481 - INFO - [analyzer.outreach_generator] - Generated outreach materials for GRIHA WHOLESALE AND RETAIL.
2026-05-16 05:51:38,653 - INFO - [analyzer.outreach_generator] - Generated outreach materials for Fashion Tab.
2026-05-16 05:51:38,816 - INFO - [analyzer.outreach_generator] - Generated outreach materials for BINARY The Goodlife Store.
2026-05-16 05:51:39,041 - INFO - [analyzer.outreach_generator] - Generated outreach materials for Vanaura Organics Store Trivandrum.
2026-05-16 05:51:39,233 - INFO - [analyzer.outreach_generator] - Generated outreach materials for Go Colors - MG Road, Trivandrum | Women's Bottom Wear Store.
2026-05-16 05:51:39,397 - INFO - [analyzer.outreach_generator] - Generated outreach materials for Ethnic Weaves Boutique.
2026-05-16 05:51:39,569 - INFO - [analyzer.outreach_generator] - Generated outreach materials for Louis Philippe - Pattom.
2026-05-16 05:51:39,740 - INFO - [analyzer.outreach_generator] - Generated outreach materials for SM STORE.
2026-05-16 05:51:39,863 - INFO - [analyzer.outreach_generator] - Generated outreach materials for JS CRAFT STORE.
2026-05-16 05:51:40,034 - INFO - [analyzer.outreach_generator] - Generated outreach materials for Pepperfry Kesavadasapuram - Multi Brand Furniture, Mattress & Home Furnishings Shop.
2026-05-16 05:51:40,198 - INFO - [analyzer.outreach_generator] - Generated outreach materials for More Supermarket - Marappalam.
2026-05-16 05:51:40,369 - INFO - [analyzer.outreach_generator] - Generated outreach materials for Mahadev's Shop 'N' Save.
2026-05-16 05:51:40,533 - INFO - [analyzer.outreach_generator] - Generated outreach materials for Lulu Connect.
2026-05-16 05:51:40,705 - INFO - [analyzer.outreach_generator] - Generated outreach materials for S S Stores.
2026-05-16 05:51:40,934 - INFO - [analyzer.outreach_generator] - Generated outreach materials for Looms & Weaves.
2026-05-16 05:51:41,146 - INFO - [analyzer.outreach_generator] - Generated outreach materials for Keerthi Stores, HS Junction, Kachani.
2026-05-16 05:51:41,310 - INFO - [analyzer.outreach_generator] - Generated outreach materials for The Haven Supermarket & Apartments.
2026-05-16 05:51:41,432 - INFO - [analyzer.outreach_generator] - Generated outreach materials for Connemara Market, Palayam.
2026-05-16 05:51:41,604 - INFO - [analyzer.outreach_generator] - Generated outreach materials for 1983 Cricket Store.
2026-05-16 05:51:41,776 - INFO - [analyzer.outreach_generator] - Generated outreach materials for Renas Export Surplus.
2026-05-16 05:51:41,972 - INFO - [analyzer.outreach_generator] - Generated outreach materials for ONBOARD.
2026-05-16 05:51:42,135 - INFO - [analyzer.outreach_generator] - Generated outreach materials for INTUNE.
2026-05-16 05:51:42,299 - INFO - [analyzer.outreach_generator] - Generated outreach materials for TRAVEL STORE.
2026-05-16 05:51:42,421 - INFO - [analyzer.outreach_generator] - Generated outreach materials for Red Cotton by Geosam.
2026-05-16 05:51:42,585 - INFO - [analyzer.outreach_generator] - Generated outreach materials for ANSONS.
2026-05-16 05:51:42,756 - INFO - [analyzer.outreach_generator] - Generated outreach materials for Welgate Lifestyle.
2026-05-16 05:51:42,928 - INFO - [analyzer.outreach_generator] - Generated outreach materials for Rural Beads- The GI Tagged Store.
2026-05-16 05:51:43,125 - INFO - [analyzer.outreach_generator] - Generated outreach materials for Superdry Trivandrum.
2026-05-16 05:51:43,288 - INFO - [analyzer.outreach_generator] - Generated outreach materials for Ali Shopping Mall.
2026-05-16 05:51:43,476 - INFO - [analyzer.outreach_generator] - Generated outreach materials for Kunnil Hypermarket.
2026-05-16 05:51:43,599 - INFO - [analyzer.outreach_generator] - Generated outreach materials for Ramachandran Thirumala.
2026-05-16 05:51:43,770 - INFO - [analyzer.outreach_generator] - Generated outreach materials for Nandilath G-Mart.
2026-05-16 05:51:43,967 - INFO - [analyzer.outreach_generator] - Generated outreach materials for Salim Store.
2026-05-16 05:51:44,211 - INFO - [analyzer.outreach_generator] - Generated outreach materials for Vibe Company.
2026-05-16 05:51:44,375 - INFO - [analyzer.outreach_generator] - Generated outreach materials for August.
2026-05-16 05:51:44,547 - INFO - [analyzer.outreach_generator] - Generated outreach materials for Supreme Gourmet.
2026-05-16 05:51:44,710 - INFO - [analyzer.outreach_generator] - Generated outreach materials for Asha Store.
2026-05-16 05:51:44,948 - INFO - [analyzer.outreach_generator] - Generated outreach materials for TVMKart.com | Online Stationery Store in Trivandrum.
2026-05-16 05:51:45,192 - INFO - [analyzer.outreach_generator] - Generated outreach materials for All The Plus Size Store.
2026-05-16 05:51:45,445 - INFO - [analyzer.outreach_generator] - Generated outreach materials for Bata Shoe Store.
2026-05-16 05:51:45,651 - INFO - [analyzer.outreach_generator] - Generated outreach materials for Utsa by Westside - Kuravankonam Thiruvananthapuram.
2026-05-16 05:51:45,894 - INFO - [analyzer.outreach_generator] - Generated outreach materials for Pattoor Stores.
2026-05-16 05:51:46,124 - INFO - [analyzer.outreach_generator] - Generated outreach materials for Malankara Avenue.
2026-05-16 05:51:46,369 - INFO - [analyzer.outreach_generator] - Generated outreach materials for Aasco Grand mart discount bazar.
2026-05-16 05:51:46,615 - INFO - [analyzer.outreach_generator] - Generated outreach materials for LOYALCITY Supermarket.
2026-05-16 05:51:46,860 - INFO - [analyzer.outreach_generator] - Generated outreach materials for Prestige Xclusive - Pattom, Thiruvananthapuram.
2026-05-16 05:51:47,130 - INFO - [analyzer.outreach_generator] - Generated outreach materials for KUNNIL SUPERMARKET THIRUMALA.
2026-05-16 12:24:17,185 - INFO - [analyzer.outreach_generator] - Generated outreach materials for Shopalyst Technologies Pvt Ltd.
2026-05-16 12:24:17,452 - INFO - [analyzer.outreach_generator] - Generated outreach materials for Septagon Builders and Developers Pvt Ltd.
2026-05-16 12:24:17,621 - INFO - [analyzer.outreach_generator] - Generated outreach materials for Preigo Fover Technologies.
2026-05-17 12:14:56,256 - INFO - [analyzer.outreach_generator] - Generated outreach materials for i-Cons Technologies.
2026-05-17 12:14:56,537 - INFO - [analyzer.outreach_generator] - Generated outreach materials for Global Solutions.
2026-05-17 12:14:56,762 - INFO - [analyzer.outreach_generator] - Generated outreach materials for BPO Integra India Private Limited.
2026-05-17 13:37:17,388 - INFO - [analyzer.outreach_generator] - Generated outreach materials for DR AKHIL'S SMILE CONCEPTS DENTAL CARE & IMPLANT CENTRE.
2026-05-17 14:02:02,965 - INFO - [analyzer.outreach_generator] - Generated outreach materials for DR AKHIL'S SMILE CONCEPTS DENTAL CARE & IMPLANT CENTRE.
2026-05-17 14:02:59,153 - INFO - [analyzer.outreach_generator] - Generated outreach materials for DR AKHIL'S SMILE CONCEPTS DENTAL CARE & IMPLANT CENTRE.
2026-05-17 14:03:49,233 - INFO - [analyzer.outreach_generator] - Generated outreach materials for DR AKHIL'S SMILE CONCEPTS DENTAL CARE & IMPLANT CENTRE.
