2026-05-15 23:36:45,130 - INFO - [analyzer.business_report_generator] - Generated report for George Dimov CPA.
2026-05-15 23:36:45,366 - INFO - [analyzer.business_report_generator] - Generated report for Miller & Company LLP: CPA of NYC.
2026-05-15 23:36:45,610 - INFO - [analyzer.business_report_generator] - Generated report for CHAN & COMPANY LLC.
2026-05-15 23:37:46,514 - INFO - [analyzer.business_report_generator] - Generated report for George Dimov CPA.
2026-05-15 23:37:46,759 - INFO - [analyzer.business_report_generator] - Generated report for Miller & Company LLP: CPA of NYC.
2026-05-15 23:37:47,053 - INFO - [analyzer.business_report_generator] - Generated report for CHAN & COMPANY LLC.
2026-05-15 23:41:43,326 - INFO - [analyzer.business_report_generator] - Generated report for Supreme Bakers.
2026-05-15 23:41:43,579 - INFO - [analyzer.business_report_generator] - Generated report for Ambrosia ( a classic bakehouse).
2026-05-15 23:41:43,824 - INFO - [analyzer.business_report_generator] - Generated report for The Muffin House.
2026-05-16 00:11:00,789 - INFO - [analyzer.business_report_generator] - Generated report for Jones Gym Trivandrum.
2026-05-16 00:11:01,281 - INFO - [analyzer.business_report_generator] - Generated report for Lifetime Unisex Gym.
2026-05-16 00:11:01,617 - INFO - [analyzer.business_report_generator] - Generated report for Spartan fitness.
2026-05-16 00:11:01,895 - INFO - [analyzer.business_report_generator] - Generated report for Lion Gym Vazhuthacaud.
2026-05-16 00:11:02,239 - INFO - [analyzer.business_report_generator] - Generated report for Liger Gym.
2026-05-16 01:03:25,373 - INFO - [analyzer.business_report_generator] - Generated report for Jones Gym Trivandrum.
2026-05-16 01:09:38,766 - INFO - [analyzer.business_report_generator] - Generated report for MACS Edge | Company Registration in Thiruvananthapuram | Startup Registration | GST Registration | Trademark | Accounting.
2026-05-16 01:09:39,157 - INFO - [analyzer.business_report_generator] - Generated report for Kerala Business Group.
2026-05-16 01:09:39,401 - INFO - [analyzer.business_report_generator] - Generated report for BIZPOLE TRIVANDRUM.
2026-05-16 01:09:39,646 - INFO - [analyzer.business_report_generator] - Generated report for ECS Business Solutions PVT LTD.
2026-05-16 01:09:39,875 - INFO - [analyzer.business_report_generator] - Generated report for Btalks Innovations Private Limited.
2026-05-16 01:19:54,479 - INFO - [analyzer.business_report_generator] - Generated report for MACS Edge | Company Registration in Thiruvananthapuram | Startup Registration | GST Registration | Trademark | Accounting.
2026-05-16 01:19:54,768 - INFO - [analyzer.business_report_generator] - Generated report for Kerala Business Group.
2026-05-16 01:19:54,977 - INFO - [analyzer.business_report_generator] - Generated report for BIZPOLE TRIVANDRUM.
2026-05-16 01:19:55,218 - INFO - [analyzer.business_report_generator] - Generated report for ECS Business Solutions PVT LTD.
2026-05-16 01:19:55,460 - INFO - [analyzer.business_report_generator] - Generated report for BRAND PROFILE.
2026-05-16 01:21:19,350 - INFO - [analyzer.business_report_generator] - Generated report for MACS Edge | Company Registration in Thiruvananthapuram | Startup Registration | GST Registration | Trademark | Accounting.
2026-05-16 01:21:19,595 - INFO - [analyzer.business_report_generator] - Generated report for Kerala Business Group.
2026-05-16 01:21:19,839 - INFO - [analyzer.business_report_generator] - Generated report for BIZPOLE TRIVANDRUM.
2026-05-16 01:21:20,132 - INFO - [analyzer.business_report_generator] - Generated report for ECS Business Solutions PVT LTD.
2026-05-16 01:21:20,376 - INFO - [analyzer.business_report_generator] - Generated report for BRAND PROFILE.
2026-05-16 02:06:24,294 - INFO - [analyzer.business_report_generator] - Generated report for SP Medifort Hospital.
2026-05-16 02:06:24,359 - INFO - [analyzer.business_report_generator] - Generated report for SP Medifort Hospital.
2026-05-16 02:06:24,784 - INFO - [analyzer.business_report_generator] - Generated report for Sree Uthradom Thirunal (SUT) Hospital.
2026-05-16 02:06:24,976 - INFO - [analyzer.business_report_generator] - Generated report for Sree Uthradom Thirunal (SUT) Hospital.
2026-05-16 02:06:25,219 - INFO - [analyzer.business_report_generator] - Generated report for GG Hospital.
2026-05-16 02:07:51,427 - INFO - [analyzer.business_report_generator] - Generated report for Sree Uthradom Thirunal (SUT) Hospital.
2026-05-16 02:07:51,656 - INFO - [analyzer.business_report_generator] - Generated report for India Hospital.
2026-05-16 02:07:51,886 - INFO - [analyzer.business_report_generator] - Generated report for Ananthapuri Hospitals and Research Institute (AHRI).
2026-05-16 02:07:54,852 - INFO - [analyzer.business_report_generator] - Generated report for Alpha Heal MG Road Trivandrum.
2026-05-16 02:07:55,721 - INFO - [analyzer.business_report_generator] - Generated report for Chaithanya Eye Hospital & Research Institute.
2026-05-16 02:07:56,342 - INFO - [analyzer.business_report_generator] - Generated report for Therefore I'm Trivandrum - Best Skin, Body & Hair Clinic in Trivandrum.
2026-05-16 02:09:26,573 - INFO - [analyzer.business_report_generator] - Generated report for Dr. Yogiraj Centre for Dermatology & Cosmetology Hair transplantation.
2026-05-16 02:09:27,034 - INFO - [analyzer.business_report_generator] - Generated report for Dr.Nathanis Diagnostic Clinic.
2026-05-16 02:09:27,191 - INFO - [analyzer.business_report_generator] - Generated report for Aryaas Park Veg Restaurant.
2026-05-16 02:09:27,570 - INFO - [analyzer.business_report_generator] - Generated report for Therefore I'm Trivandrum - Best Skin, Body & Hair Clinic in Trivandrum.
2026-05-16 02:09:32,541 - INFO - [analyzer.business_report_generator] - Generated report for Restaurant Chef Pillai Trivandrum.
2026-05-16 02:09:33,142 - INFO - [analyzer.business_report_generator] - Generated report for Cafe Jade - All Day Dining (24X7).
2026-05-16 02:11:28,232 - INFO - [analyzer.business_report_generator] - Generated report for Villa Maya.
2026-05-16 02:11:28,904 - INFO - [analyzer.business_report_generator] - Generated report for Paragon Restaurant.
2026-05-16 02:11:29,584 - INFO - [analyzer.business_report_generator] - Generated report for Aryaas Park Veg Restaurant.
2026-05-16 02:12:14,966 - INFO - [analyzer.business_report_generator] - Generated report for Worldstar Enterprises, Trivandrum jobs.
2026-05-16 02:12:15,815 - INFO - [analyzer.business_report_generator] - Generated report for RCD HR SOLUTIONS.
2026-05-16 02:12:17,554 - INFO - [analyzer.business_report_generator] - Generated report for Connecting2Work HR Solutions.
2026-05-16 02:14:09,767 - INFO - [analyzer.business_report_generator] - Generated report for AM Customer Service Point.
2026-05-16 02:14:10,535 - INFO - [analyzer.business_report_generator] - Generated report for My Secretary Services.
2026-05-16 02:14:11,133 - INFO - [analyzer.business_report_generator] - Generated report for Trinity Solutions- Sony Authorized Service Center, Trivandrum.
2026-05-16 02:14:59,771 - INFO - [analyzer.business_report_generator] - Generated report for Worldstar Enterprises, Trivandrum jobs.
2026-05-16 02:15:00,499 - INFO - [analyzer.business_report_generator] - Generated report for RCD HR SOLUTIONS.
2026-05-16 02:15:01,305 - INFO - [analyzer.business_report_generator] - Generated report for Connecting2Work HR Solutions.
2026-05-16 02:16:43,431 - INFO - [analyzer.business_report_generator] - Generated report for MAHASREEVARI FOOD INDUSTRIES PRIVATE LIMITED.
2026-05-16 02:16:45,771 - INFO - [analyzer.business_report_generator] - Generated report for Dr. FOOD NUTRI INDUSTRIES.
2026-05-16 02:16:51,874 - INFO - [analyzer.business_report_generator] - Generated report for The India Cements Ltd.
2026-05-16 02:17:06,189 - INFO - [analyzer.business_report_generator] - Generated report for Capital house keeping service.
2026-05-16 02:17:06,546 - INFO - [analyzer.business_report_generator] - Generated report for AM Customer Service Point.
2026-05-16 02:17:06,897 - INFO - [analyzer.business_report_generator] - Generated report for KERALA UNIVERSITY TRANSCRIPT/ATTESTATION SERVICES/ABS TRANSCRIPT/ABSEDUCATIONSERVICE.
2026-05-16 03:13:41,271 - INFO - [analyzer.business_report_generator] - Generated report for Dr Anugra Baburaj Cosmetologist | Skin Care Clinic Trivandrum.
2026-05-16 03:13:41,628 - INFO - [analyzer.business_report_generator] - Generated report for Alpha Heal MG Road Trivandrum.
2026-05-16 03:13:41,913 - INFO - [analyzer.business_report_generator] - Generated report for Dr. Yogiraj Centre for Dermatology & Cosmetology Hair transplantation.
2026-05-16 03:13:42,235 - INFO - [analyzer.business_report_generator] - Generated report for Dr.Nathanis Diagnostic Clinic.
2026-05-16 03:13:42,596 - INFO - [analyzer.business_report_generator] - Generated report for Dr Sai Ganesh Medical Centre - Trivandrum.
2026-05-16 03:13:42,930 - INFO - [analyzer.business_report_generator] - Generated report for Therefore I'm Trivandrum - Best Skin, Body & Hair Clinic in Trivandrum.
2026-05-16 03:13:43,280 - INFO - [analyzer.business_report_generator] - Generated report for UpHeal.Clinic.
2026-05-16 03:13:43,679 - INFO - [analyzer.business_report_generator] - Generated report for VSSC Poly Clinic.
2026-05-16 03:13:44,020 - INFO - [analyzer.business_report_generator] - Generated report for SP Medifort Hospital.
2026-05-16 03:13:44,395 - INFO - [analyzer.business_report_generator] - Generated report for Clinic.
2026-05-16 03:13:44,736 - INFO - [analyzer.business_report_generator] - Generated report for WowFactor MediCosmetic Skin & Laser Centre.
2026-05-16 03:13:45,086 - INFO - [analyzer.business_report_generator] - Generated report for Chaithanya Eye Hospital & Research Institute.
2026-05-16 03:13:45,420 - INFO - [analyzer.business_report_generator] - Generated report for SPOTLESS SKIN & HAIR CLINIC.
2026-05-16 03:13:45,737 - INFO - [analyzer.business_report_generator] - Generated report for Ageless Skin Clinic.
2026-05-16 03:13:46,071 - INFO - [analyzer.business_report_generator] - Generated report for Aeka Holistic Skin Clinic.
2026-05-16 03:13:46,453 - INFO - [analyzer.business_report_generator] - Generated report for Wellness Clinic.
2026-05-16 03:13:47,031 - INFO - [analyzer.business_report_generator] - Generated report for V Care Skin Clinic& Piles Centre.
2026-05-16 03:13:47,568 - INFO - [analyzer.business_report_generator] - Generated report for Cosmopolitan Hospital Pvt.Ltd.
2026-05-16 03:13:47,902 - INFO - [analyzer.business_report_generator] - Generated report for Clear Clinic - Best ENT Clinic in Trivandrum.
2026-05-16 03:13:48,235 - INFO - [analyzer.business_report_generator] - Generated report for SP Fort Hospital.
2026-05-16 03:13:48,682 - INFO - [analyzer.business_report_generator] - Generated report for Rainbow Speciality Clinics.
2026-05-16 03:13:49,113 - INFO - [analyzer.business_report_generator] - Generated report for Serene Derma.
2026-05-16 03:13:49,455 - INFO - [analyzer.business_report_generator] - Generated report for GG Hospital.
2026-05-16 03:13:49,781 - INFO - [analyzer.business_report_generator] - Generated report for Ananthapuri Hospitals and Research Institute (AHRI).
2026-05-16 03:13:50,106 - INFO - [analyzer.business_report_generator] - Generated report for Karthika Clinic.
2026-05-16 03:13:50,433 - INFO - [analyzer.business_report_generator] - Generated report for Diabetes Care Centre.
2026-05-16 03:13:50,684 - INFO - [analyzer.business_report_generator] - Generated report for PRS Hospital.
2026-05-16 03:13:51,066 - INFO - [analyzer.business_report_generator] - Generated report for Dr Suchithra's Skin and Hair care.
2026-05-16 03:13:51,352 - INFO - [analyzer.business_report_generator] - Generated report for Trivandrum Medical Centre.
2026-05-16 03:13:51,790 - INFO - [analyzer.business_report_generator] - Generated report for Saatwika Ayurveda Treatment Centre and Hospital Trivandrum.
2026-05-16 03:13:52,026 - INFO - [analyzer.business_report_generator] - Generated report for Credence Hospital - Multi-speciality Family Hospital and IVF Center.
2026-05-16 03:13:52,336 - INFO - [analyzer.business_report_generator] - Generated report for Sree Uthradom Thirunal (SUT) Hospital.
2026-05-16 03:13:52,645 - INFO - [analyzer.business_report_generator] - Generated report for Jubilee Memorial Hospital.
2026-05-16 03:13:52,946 - INFO - [analyzer.business_report_generator] - Generated report for Aeka Skin Care Clinic - Lulu Mall Trivandrum.
2026-05-16 03:13:53,256 - INFO - [analyzer.business_report_generator] - Generated report for Dr. Mohan's Diabetes Specialities Centre - Trivandrum | Best Diabetes Clinic | Best Diabetologist.
2026-05-16 03:13:54,467 - INFO - [analyzer.business_report_generator] - Generated report for Skin Essential Clinic.
2026-05-16 03:13:55,891 - INFO - [analyzer.business_report_generator] - Generated report for SkinCare Speciality Centre.
2026-05-16 03:13:56,241 - INFO - [analyzer.business_report_generator] - Generated report for Sasikala Poly Clinic.
2026-05-16 03:13:56,485 - INFO - [analyzer.business_report_generator] - Generated report for Skinn Health By Dr.Shruthi.
2026-05-16 03:13:56,803 - INFO - [analyzer.business_report_generator] - Generated report for SKINFINITY- Skin Hair Lasers and Anti-aging Clinic.
2026-05-16 03:13:57,136 - INFO - [analyzer.business_report_generator] - Generated report for AJ Hospital.
2026-05-16 03:13:57,559 - INFO - [analyzer.business_report_generator] - Generated report for Hormone India ENDOCRINOLOGY & UROLOGY.
2026-05-16 03:13:57,828 - INFO - [analyzer.business_report_generator] - Generated report for The Royal Medical Centre.
2026-05-16 03:13:58,048 - INFO - [analyzer.business_report_generator] - Generated report for Dr M Vipin Das Dermatologist.
2026-05-16 03:13:58,292 - INFO - [analyzer.business_report_generator] - Generated report for Cutis International Cosmetic Clinics | Best Hair Transplant & Skin Care Clinic in Trivandrum.
2026-05-16 03:13:58,511 - INFO - [analyzer.business_report_generator] - Generated report for KIMSHEALTH Hospital Trivandrum.
2026-05-16 03:13:58,780 - INFO - [analyzer.business_report_generator] - Generated report for Dr. Derma Skin, Hair & Cosmetic Center.
2026-05-16 03:13:59,000 - INFO - [analyzer.business_report_generator] - Generated report for DermaVue Skin & Plastic Surgery, Lasers & Hair Transplant | Dermatologist Thiruvananthapuram.
2026-05-16 03:13:59,317 - INFO - [analyzer.business_report_generator] - Generated report for The Skin Clinic.
2026-05-16 03:13:59,545 - INFO - [analyzer.business_report_generator] - Generated report for Dr. Zeen Aesthetics Clinic Pvt Ltd (poly clinic).
2026-05-16 03:13:59,821 - INFO - [analyzer.business_report_generator] - Generated report for Gitanjali Eye and ENT Hospital.
2026-05-16 03:14:00,269 - INFO - [analyzer.business_report_generator] - Generated report for La Densitae Hair Transplant Clinic in Trivandrum.
2026-05-16 03:14:00,480 - INFO - [analyzer.business_report_generator] - Generated report for Yana IVF - Yana Women's Hospital and Fertility Centre - Thiruvananthapuram.
2026-05-16 03:14:06,703 - INFO - [analyzer.business_report_generator] - Generated report for ARYA NAVEEN / Physiotherapist /Thiruvananthapuram/ Remambika Pain Clinic and Physiotherapy Centre.
2026-05-16 03:14:07,203 - INFO - [analyzer.business_report_generator] - Generated report for Dr.RK's Laser Skin Care Center.
2026-05-16 03:14:07,431 - INFO - [analyzer.business_report_generator] - Generated report for Pran Hospital.
2026-05-16 03:14:07,650 - INFO - [analyzer.business_report_generator] - Generated report for CLINIC.
2026-05-16 03:14:07,878 - INFO - [analyzer.business_report_generator] - Generated report for Chitra MultiSpeciality Dental Clinic.
2026-05-16 03:14:08,195 - INFO - [analyzer.business_report_generator] - Generated report for WE CARE CLINIC.
2026-05-16 03:14:08,359 - INFO - [analyzer.business_report_generator] - Generated report for Sree Avittam Thirunal Hospital(SAT).
2026-05-16 03:14:08,602 - INFO - [analyzer.business_report_generator] - Generated report for Santhwana Hospital.
2026-05-16 03:14:08,814 - INFO - [analyzer.business_report_generator] - Generated report for Dr Kashi's Super Speciality Dental Centre.
2026-05-16 03:14:09,049 - INFO - [analyzer.business_report_generator] - Generated report for Dr.Jose Mammen Clinic.
2026-05-16 03:14:09,269 - INFO - [analyzer.business_report_generator] - Generated report for Keyhole Clinic.
2026-05-16 03:14:09,524 - INFO - [analyzer.business_report_generator] - Generated report for Facelit Skin Hair Wellness.
2026-05-16 03:14:09,863 - INFO - [analyzer.business_report_generator] - Generated report for Elixir Ayurveda Hospital & Wellness Center.
2026-05-16 03:14:10,075 - INFO - [analyzer.business_report_generator] - Generated report for TSC Hospital.
2026-05-16 03:14:10,294 - INFO - [analyzer.business_report_generator] - Generated report for Precise Speciality Eye Care Thiruvananthapuram.
2026-05-16 03:14:10,522 - INFO - [analyzer.business_report_generator] - Generated report for Mittayi clinic.
2026-05-16 03:14:10,734 - INFO - [analyzer.business_report_generator] - Generated report for Nirmala Hospital.
2026-05-16 03:14:10,896 - INFO - [analyzer.business_report_generator] - Generated report for Chitra Multispeciality Dental Centre.
2026-05-16 03:14:11,108 - INFO - [analyzer.business_report_generator] - Generated report for Palazhi Multispeciality Ayush Clinic - Thirumala.
2026-05-16 03:14:11,319 - INFO - [analyzer.business_report_generator] - Generated report for Dr Akhil Krishna - AKNA Diabetes and Endocrine Centre.
2026-05-16 03:14:11,539 - INFO - [analyzer.business_report_generator] - Generated report for Longevity Diet Clinic.
2026-05-16 03:14:11,759 - INFO - [analyzer.business_report_generator] - Generated report for Hindlabs Diagnostic Centre and Specialty Clinic.
2026-05-16 03:14:11,970 - INFO - [analyzer.business_report_generator] - Generated report for Vedic Wellness Center.
2026-05-16 03:14:12,133 - INFO - [analyzer.business_report_generator] - Generated report for Kaigo Home Healthcare.
2026-05-16 03:14:12,345 - INFO - [analyzer.business_report_generator] - Generated report for REVIV Trivandrum.
2026-05-16 03:14:12,654 - INFO - [analyzer.business_report_generator] - Generated report for Amicus Plastic Surgery Clinic.
2026-05-16 03:14:12,955 - INFO - [analyzer.business_report_generator] - Generated report for Royal Ortho Care.
2026-05-16 03:14:13,166 - INFO - [analyzer.business_report_generator] - Generated report for Allergy And Chest Clinic.
2026-05-16 03:14:13,573 - INFO - [analyzer.business_report_generator] - Generated report for Dr Jacob's Omega Dental Clinic & Implant Centre.
2026-05-16 03:14:14,004 - INFO - [analyzer.business_report_generator] - Generated report for DDRC Agilus Diagnostics - Ulloor, Trivandrum.
2026-05-16 03:14:14,281 - INFO - [analyzer.business_report_generator] - Generated report for Royal Health care.
2026-05-16 03:14:14,541 - INFO - [analyzer.business_report_generator] - Generated report for Metro Scans and Laboratory,Trivandrum.
2026-05-16 03:14:15,029 - INFO - [analyzer.business_report_generator] - Generated report for Ayurchakra Ayurveda Wellness Center.
2026-05-16 03:14:15,192 - INFO - [analyzer.business_report_generator] - Generated report for Santhigiri Ayurveda & Siddha Hospital Pattom.
2026-05-16 03:14:15,494 - INFO - [analyzer.business_report_generator] - Generated report for Thejaswini Ayurveda Clinic & Panchakarma Center.
2026-05-16 03:14:15,712 - INFO - [analyzer.business_report_generator] - Generated report for VAYALIL MAXILLOFACIAL CENTRE & SPECIALIST DENTAL CARE.
2026-05-16 03:14:15,932 - INFO - [analyzer.business_report_generator] - Generated report for Spring Garden Health Care.
2026-05-16 03:14:16,144 - INFO - [analyzer.business_report_generator] - Generated report for Regional Cancer Centre, Thiruvananthapuram.
2026-05-16 03:14:16,396 - INFO - [analyzer.business_report_generator] - Generated report for Impulse Evening Clinic.
2026-05-16 03:14:16,559 - INFO - [analyzer.business_report_generator] - Generated report for Sree Agasthya Clinical Laboratory And Research Centre.
2026-05-16 03:14:16,787 - INFO - [analyzer.business_report_generator] - Generated report for ENT CLINIC.
2026-05-16 03:14:16,998 - INFO - [analyzer.business_report_generator] - Generated report for Your Center Diagnostic Services.
2026-05-16 03:14:17,210 - INFO - [analyzer.business_report_generator] - Generated report for Royal Medical Center.
2026-05-16 03:14:17,421 - INFO - [analyzer.business_report_generator] - Generated report for TrueSelf Aesthetic Makeovers*.
2026-05-16 03:14:17,706 - INFO - [analyzer.business_report_generator] - Generated report for S S POLYCLINIC & SURGICAL CENTRE.
2026-05-16 03:14:17,925 - INFO - [analyzer.business_report_generator] - Generated report for DDNMRC PVT LTD.
2026-05-16 03:14:18,088 - INFO - [analyzer.business_report_generator] - Generated report for Dr Lawrence Healthcare & Diagnostic centre.
2026-05-16 03:37:45,830 - INFO - [analyzer.business_report_generator] - Generated report for Villa Maya.
2026-05-16 03:37:46,089 - INFO - [analyzer.business_report_generator] - Generated report for Aryaas Park Veg Restaurant.
2026-05-16 03:37:46,252 - INFO - [analyzer.business_report_generator] - Generated report for Restaurant Chef Pillai Trivandrum.
2026-05-16 03:37:46,479 - INFO - [analyzer.business_report_generator] - Generated report for Cafe Jade - All Day Dining (24X7).
2026-05-16 03:37:46,690 - INFO - [analyzer.business_report_generator] - Generated report for Imperial Kitchen Venpalavattom.
2026-05-16 03:37:46,941 - INFO - [analyzer.business_report_generator] - Generated report for The Olive Restaurant.
2026-05-16 03:37:47,153 - INFO - [analyzer.business_report_generator] - Generated report for Zam Zam Restaurant.
2026-05-16 03:37:47,404 - INFO - [analyzer.business_report_generator] - Generated report for Azad Restaurant at Over Bridge.
2026-05-16 03:37:47,566 - INFO - [analyzer.business_report_generator] - Generated report for Pankayam.
2026-05-16 03:37:47,777 - INFO - [analyzer.business_report_generator] - Generated report for Longtime.
2026-05-16 03:37:47,989 - INFO - [analyzer.business_report_generator] - Generated report for Imperial Kitchen Kowdiar.
2026-05-16 03:37:48,199 - INFO - [analyzer.business_report_generator] - Generated report for Nadan Restaurant.
2026-05-16 03:37:48,410 - INFO - [analyzer.business_report_generator] - Generated report for Deyvee Restaurant.
2026-05-16 03:37:48,622 - INFO - [analyzer.business_report_generator] - Generated report for Paragon Restaurant.
2026-05-16 03:37:48,848 - INFO - [analyzer.business_report_generator] - Generated report for O Café.
2026-05-16 03:37:49,059 - INFO - [analyzer.business_report_generator] - Generated report for The Yellow Chilli.
2026-05-16 03:37:49,278 - INFO - [analyzer.business_report_generator] - Generated report for Plated Trivandrum.
2026-05-16 03:37:49,488 - INFO - [analyzer.business_report_generator] - Generated report for Amrutam Vegetarian Restaurant.
2026-05-16 03:37:49,708 - INFO - [analyzer.business_report_generator] - Generated report for Lantern Grove Restaurant.
2026-05-16 03:37:49,918 - INFO - [analyzer.business_report_generator] - Generated report for Alibaba & 41 Dishes - Trivandrum.
2026-05-16 03:37:50,081 - INFO - [analyzer.business_report_generator] - Generated report for Bab Arabia.
2026-05-16 03:37:50,441 - INFO - [analyzer.business_report_generator] - Generated report for The Kanchipuram Cafe.
2026-05-16 03:37:50,641 - INFO - [analyzer.business_report_generator] - Generated report for Sree Arul Jyothi.
2026-05-16 03:37:50,876 - INFO - [analyzer.business_report_generator] - Generated report for Trivanz Food Court – Seafood Restaurant in Trivandrum.
2026-05-16 03:37:51,038 - INFO - [analyzer.business_report_generator] - Generated report for Café Mojo.
2026-05-16 03:37:51,249 - INFO - [analyzer.business_report_generator] - Generated report for Steampot Restaurant.
2026-05-16 03:37:51,452 - INFO - [analyzer.business_report_generator] - Generated report for Zam Zam Restaurants YMR.
2026-05-16 03:37:51,663 - INFO - [analyzer.business_report_generator] - Generated report for Mothers Veg Plaza.
2026-05-16 03:37:51,874 - INFO - [analyzer.business_report_generator] - Generated report for Garden Grille & Bar.
2026-05-16 03:37:52,076 - INFO - [analyzer.business_report_generator] - Generated report for BLND Restobar.
2026-05-16 03:37:52,239 - INFO - [analyzer.business_report_generator] - Generated report for Khana Peena.
2026-05-16 03:37:52,450 - INFO - [analyzer.business_report_generator] - Generated report for Varnam Seafood Restaurant.
2026-05-16 03:37:52,669 - INFO - [analyzer.business_report_generator] - Generated report for Ruchi Veg Restaurant.
2026-05-16 03:37:52,880 - INFO - [analyzer.business_report_generator] - Generated report for Diners' Summit - Restaurant, North Indian, Naden food, buffet, vegetarian restaurant.
2026-05-16 03:37:53,196 - INFO - [analyzer.business_report_generator] - Generated report for PLAV.
2026-05-16 03:37:53,512 - INFO - [analyzer.business_report_generator] - Generated report for Vayalil Restaurant, The Finedine, eanchakkal.
2026-05-16 03:37:53,675 - INFO - [analyzer.business_report_generator] - Generated report for Ariya Nivaas Restaurant.
2026-05-16 03:37:53,942 - INFO - [analyzer.business_report_generator] - Generated report for Supreme Upper Crust.
2026-05-16 03:37:54,113 - INFO - [analyzer.business_report_generator] - Generated report for Mani Mess.
2026-05-16 03:37:54,373 - INFO - [analyzer.business_report_generator] - Generated report for Aryaas Vegetarian Restaurant.
2026-05-16 03:37:54,584 - INFO - [analyzer.business_report_generator] - Generated report for Salkkaram Edavazhi.
2026-05-16 03:37:54,851 - INFO - [analyzer.business_report_generator] - Generated report for Taste of Kerala.
2026-05-16 03:37:55,102 - INFO - [analyzer.business_report_generator] - Generated report for Burj Al Mandi Restaurant.
2026-05-16 03:37:55,557 - INFO - [analyzer.business_report_generator] - Generated report for Neerali Restaurant.
2026-05-16 03:37:55,727 - INFO - [analyzer.business_report_generator] - Generated report for The Chef's Studio.
2026-05-16 03:37:55,947 - INFO - [analyzer.business_report_generator] - Generated report for Azad Star at Vazhuthacaud.
2026-05-16 03:37:56,149 - INFO - [analyzer.business_report_generator] - Generated report for Pai's kitchen.
2026-05-16 03:37:56,360 - INFO - [analyzer.business_report_generator] - Generated report for Huddles Cafe.
2026-05-16 03:37:56,571 - INFO - [analyzer.business_report_generator] - Generated report for Kerala Hotel.
2026-05-16 03:37:56,782 - INFO - [analyzer.business_report_generator] - Generated report for Open House Restaurant.
2026-05-16 03:37:56,944 - INFO - [analyzer.business_report_generator] - Generated report for Sri Aiswariya Vegetarian Restaurant.
2026-05-16 03:37:57,163 - INFO - [analyzer.business_report_generator] - Generated report for RASOI by RUCHI.
2026-05-16 03:37:57,374 - INFO - [analyzer.business_report_generator] - Generated report for Malabar Cafe.
2026-05-16 03:37:57,674 - INFO - [analyzer.business_report_generator] - Generated report for Cafe Hive.
2026-05-16 03:37:57,927 - INFO - [analyzer.business_report_generator] - Generated report for Dindigul Thalappakatti Restaurant.
2026-05-16 03:37:58,177 - INFO - [analyzer.business_report_generator] - Generated report for The Tides.
2026-05-16 03:37:58,429 - INFO - [analyzer.business_report_generator] - Generated report for PARAGON RESTAURANT LULU TRIVANDRUM.
2026-05-16 03:37:58,680 - INFO - [analyzer.business_report_generator] - Generated report for Le Lumiere Restaurant.
2026-05-16 03:37:58,883 - INFO - [analyzer.business_report_generator] - Generated report for Poorna Family Restaurant.
2026-05-16 03:37:59,134 - INFO - [analyzer.business_report_generator] - Generated report for Poomaram Ram's Kitchen.
2026-05-16 03:37:59,378 - INFO - [analyzer.business_report_generator] - Generated report for Narayana Bhavan NB.
2026-05-16 03:37:59,629 - INFO - [analyzer.business_report_generator] - Generated report for Nikunjam Restaurant.
2026-05-16 03:37:59,873 - INFO - [analyzer.business_report_generator] - Generated report for SK Restaurant.
2026-05-16 03:38:00,132 - INFO - [analyzer.business_report_generator] - Generated report for Good Morning Hotel.
2026-05-16 03:38:00,521 - INFO - [analyzer.business_report_generator] - Generated report for Malabar BitEs Restaurant.
2026-05-16 03:38:00,757 - INFO - [analyzer.business_report_generator] - Generated report for Hotel Aruna (Pure veg).
2026-05-16 03:38:01,009 - INFO - [analyzer.business_report_generator] - Generated report for Oriental Spice.
2026-05-16 03:38:06,279 - INFO - [analyzer.business_report_generator] - Generated report for MANDI MANZIL.
2026-05-16 03:38:06,530 - INFO - [analyzer.business_report_generator] - Generated report for Hotel Dimora Thiruvananthapuram.
2026-05-16 03:38:06,742 - INFO - [analyzer.business_report_generator] - Generated report for O by Tamara Trivandrum.
2026-05-16 03:38:06,993 - INFO - [analyzer.business_report_generator] - Generated report for Paradise Family Restaurant.
2026-05-16 03:38:07,237 - INFO - [analyzer.business_report_generator] - Generated report for Ummees Seafood Restaurant.
2026-05-16 03:38:07,472 - INFO - [analyzer.business_report_generator] - Generated report for Irani kuzhimandi restaurant.
2026-05-16 03:38:07,708 - INFO - [analyzer.business_report_generator] - Generated report for The Central Residency.
2026-05-16 03:38:08,089 - INFO - [analyzer.business_report_generator] - Generated report for Porotta Hut.
2026-05-16 03:38:08,284 - INFO - [analyzer.business_report_generator] - Generated report for Azad Restaurant at Medical College.
2026-05-16 03:38:08,519 - INFO - [analyzer.business_report_generator] - Generated report for Jasmine Bay Restaurant.
2026-05-16 03:38:08,772 - INFO - [analyzer.business_report_generator] - Generated report for Ariya Jyothi Vegetarian Restaurant.
2026-05-16 03:38:08,998 - INFO - [analyzer.business_report_generator] - Generated report for Palace Restaurant.
2026-05-16 03:38:09,266 - INFO - [analyzer.business_report_generator] - Generated report for Mynt.
2026-05-16 03:38:09,493 - INFO - [analyzer.business_report_generator] - Generated report for Ambadi Kannan Restaurant.
2026-05-16 03:38:09,721 - INFO - [analyzer.business_report_generator] - Generated report for Park Rajadhani.
2026-05-16 03:38:09,972 - INFO - [analyzer.business_report_generator] - Generated report for Kuttanadan Puncha Family Restaurant.
2026-05-16 03:38:10,232 - INFO - [analyzer.business_report_generator] - Generated report for Ambalapatt Restaurant.
2026-05-16 03:38:10,427 - INFO - [analyzer.business_report_generator] - Generated report for Al Taza - Trivandrum.
2026-05-16 03:38:10,678 - INFO - [analyzer.business_report_generator] - Generated report for Sri Ananthapuri Vegetarian Restaurant.
2026-05-16 03:38:10,953 - INFO - [analyzer.business_report_generator] - Generated report for Le Capital Seafood & Grills.
2026-05-16 03:38:11,262 - INFO - [analyzer.business_report_generator] - Generated report for Meenamma's Kitchen.
2026-05-16 03:38:11,587 - INFO - [analyzer.business_report_generator] - Generated report for Konkan Café Vivanta Thiruvananthapuram.
2026-05-16 03:38:11,749 - INFO - [analyzer.business_report_generator] - Generated report for Park Malabar Restaurant Trivandrum.
2026-05-16 03:38:11,960 - INFO - [analyzer.business_report_generator] - Generated report for T & Company (T & Co).
2026-05-16 03:38:12,196 - INFO - [analyzer.business_report_generator] - Generated report for Krishna Hotel.
2026-05-16 03:38:12,407 - INFO - [analyzer.business_report_generator] - Generated report for Garam Masala Restaurant.
2026-05-16 03:38:13,680 - INFO - [analyzer.business_report_generator] - Generated report for Akshayam Pure Vegetarian Restaurant.
2026-05-16 03:38:13,932 - INFO - [analyzer.business_report_generator] - Generated report for Sri Gavuri Nivas.
2026-05-16 03:38:14,143 - INFO - [analyzer.business_report_generator] - Generated report for Food in style.
2026-05-16 03:38:14,402 - INFO - [analyzer.business_report_generator] - Generated report for MANDI MANZIL ULLOOR.
2026-05-16 03:38:14,622 - INFO - [analyzer.business_report_generator] - Generated report for Indian Coffee House.
2026-05-16 03:38:14,783 - INFO - [analyzer.business_report_generator] - Generated report for Thakazhi Pedika - Restaurant.
2026-05-16 03:38:14,995 - INFO - [analyzer.business_report_generator] - Generated report for New Pantry Restaurant.
2026-05-16 03:51:32,550 - INFO - [analyzer.business_report_generator] - Generated report for Ramachandran Textiles.
2026-05-16 03:51:32,794 - INFO - [analyzer.business_report_generator] - Generated report for Fashion Factory.
2026-05-16 03:51:33,013 - INFO - [analyzer.business_report_generator] - Generated report for Style PLUS.
2026-05-16 03:51:33,224 - INFO - [analyzer.business_report_generator] - Generated report for Reliance SMART Bazaar.
2026-05-16 03:51:33,387 - INFO - [analyzer.business_report_generator] - Generated report for LuLu Fashion Store.
2026-05-16 03:51:33,605 - INFO - [analyzer.business_report_generator] - Generated report for Variety Mall.
2026-05-16 03:51:33,825 - INFO - [analyzer.business_report_generator] - Generated report for Mall of Travancore.
2026-05-16 03:51:34,052 - INFO - [analyzer.business_report_generator] - Generated report for EasyBuy.
2026-05-16 03:51:34,271 - INFO - [analyzer.business_report_generator] - Generated report for Bean Town, The Pop-Up Store, Trivandrum.
2026-05-16 03:51:34,481 - INFO - [analyzer.business_report_generator] - Generated report for LuLu Hypermarket Thiruvananthapuram.
2026-05-16 03:51:34,644 - INFO - [analyzer.business_report_generator] - Generated report for City Stores.
2026-05-16 03:51:34,854 - INFO - [analyzer.business_report_generator] - Generated report for Babu Store Wholesale and Retail.
2026-05-16 03:51:35,066 - INFO - [analyzer.business_report_generator] - Generated report for RETAIL.ROAD EXPORT SURPLUS.
2026-05-16 03:51:35,276 - INFO - [analyzer.business_report_generator] - Generated report for Max.
2026-05-16 03:51:35,496 - INFO - [analyzer.business_report_generator] - Generated report for Basics Life. Trivandrum.
2026-05-16 03:51:35,707 - INFO - [analyzer.business_report_generator] - Generated report for Vibe Company.
2026-05-16 03:51:35,869 - INFO - [analyzer.business_report_generator] - Generated report for LuLu Mall Thiruvananthapuram.
2026-05-16 03:51:36,080 - INFO - [analyzer.business_report_generator] - Generated report for Family Shopping Centre.
2026-05-16 04:28:02,887 - INFO - [analyzer.business_report_generator] - Generated report for Cafe Jade - All Day Dining (24X7).
2026-05-16 04:28:03,529 - INFO - [analyzer.business_report_generator] - Generated report for Villa Maya.
2026-05-16 04:28:04,033 - INFO - [analyzer.business_report_generator] - Generated report for Paragon Restaurant.
2026-05-16 04:28:04,473 - INFO - [analyzer.business_report_generator] - Generated report for Aryaas Park Veg Restaurant.
2026-05-16 04:28:04,962 - INFO - [analyzer.business_report_generator] - Generated report for O Café.
2026-05-16 04:28:05,385 - INFO - [analyzer.business_report_generator] - Generated report for Restaurant Chef Pillai Trivandrum.
2026-05-16 04:28:05,800 - INFO - [analyzer.business_report_generator] - Generated report for Mothers Veg Plaza.
2026-05-16 04:28:06,256 - INFO - [analyzer.business_report_generator] - Generated report for Imperial Kitchen Venpalavattom.
2026-05-16 04:28:06,934 - INFO - [analyzer.business_report_generator] - Generated report for PLAV.
2026-05-16 04:28:07,452 - INFO - [analyzer.business_report_generator] - Generated report for Ruchi Veg Restaurant.
2026-05-16 04:28:07,697 - INFO - [analyzer.business_report_generator] - Generated report for Zam Zam Restaurant.
2026-05-16 04:28:07,941 - INFO - [analyzer.business_report_generator] - Generated report for Café Mojo.
2026-05-16 04:28:08,267 - INFO - [analyzer.business_report_generator] - Generated report for The Olive Restaurant.
2026-05-16 04:28:08,527 - INFO - [analyzer.business_report_generator] - Generated report for Bab Arabia.
2026-05-16 04:28:08,951 - INFO - [analyzer.business_report_generator] - Generated report for Pankayam.
2026-05-16 04:28:09,154 - INFO - [analyzer.business_report_generator] - Generated report for Longtime.
2026-05-16 04:28:09,414 - INFO - [analyzer.business_report_generator] - Generated report for Diners' Summit - Restaurant, North Indian, Naden food, buffet, vegetarian restaurant.
2026-05-16 04:28:09,658 - INFO - [analyzer.business_report_generator] - Generated report for Garden Grille & Bar.
2026-05-16 04:28:10,065 - INFO - [analyzer.business_report_generator] - Generated report for Azad Restaurant at Over Bridge.
2026-05-16 04:28:10,488 - INFO - [analyzer.business_report_generator] - Generated report for Plated Trivandrum.
2026-05-16 04:28:10,862 - INFO - [analyzer.business_report_generator] - Generated report for Taste of Kerala.
2026-05-16 04:28:11,261 - INFO - [analyzer.business_report_generator] - Generated report for Amrutam Vegetarian Restaurant.
2026-05-16 04:28:11,635 - INFO - [analyzer.business_report_generator] - Generated report for Imperial Kitchen Kowdiar.
2026-05-16 04:28:12,148 - INFO - [analyzer.business_report_generator] - Generated report for Nadan Restaurant.
2026-05-16 04:28:12,636 - INFO - [analyzer.business_report_generator] - Generated report for Deyvee Restaurant.
2026-05-16 04:28:13,116 - INFO - [analyzer.business_report_generator] - Generated report for The Kanchipuram Cafe.
2026-05-16 04:28:13,572 - INFO - [analyzer.business_report_generator] - Generated report for BLND Restobar.
2026-05-16 04:28:14,085 - INFO - [analyzer.business_report_generator] - Generated report for Trivanz Food Court – Seafood Restaurant in Trivandrum.
2026-05-16 04:28:14,548 - INFO - [analyzer.business_report_generator] - Generated report for The Yellow Chilli.
2026-05-16 04:28:15,504 - INFO - [analyzer.business_report_generator] - Generated report for PARAGON RESTAURANT LULU TRIVANDRUM.
2026-05-16 04:28:16,175 - INFO - [analyzer.business_report_generator] - Generated report for Sree Arul Jyothi.
2026-05-16 04:28:16,679 - INFO - [analyzer.business_report_generator] - Generated report for Good Morning Hotel.
2026-05-16 04:28:16,785 - INFO - [analyzer.business_report_generator] - Generated report for RCD HR SOLUTIONS.
2026-05-16 04:28:17,411 - INFO - [analyzer.business_report_generator] - Generated report for Steampot Restaurant.
2026-05-16 04:28:17,477 - INFO - [analyzer.business_report_generator] - Generated report for Worldstar Enterprises, Trivandrum jobs.
2026-05-16 04:28:18,259 - INFO - [analyzer.business_report_generator] - Generated report for Pai's kitchen.
2026-05-16 04:28:18,348 - INFO - [analyzer.business_report_generator] - Generated report for Suhail Enterprises.
2026-05-16 04:28:19,031 - INFO - [analyzer.business_report_generator] - Generated report for Lantern Grove Restaurant.
2026-05-16 04:28:19,194 - INFO - [analyzer.business_report_generator] - Generated report for Connecting2Work - HR Solutions.
2026-05-16 04:28:19,852 - INFO - [analyzer.business_report_generator] - Generated report for Alibaba & 41 Dishes - Trivandrum.
2026-05-16 04:28:19,918 - INFO - [analyzer.business_report_generator] - Generated report for Connecting2Work HR Solutions.
2026-05-16 04:28:20,707 - INFO - [analyzer.business_report_generator] - Generated report for Zam Zam Restaurants YMR.
2026-05-16 04:28:20,772 - INFO - [analyzer.business_report_generator] - Generated report for Career Home | Placement Service, Facility Management and Job consultancy.
2026-05-16 04:28:21,888 - INFO - [analyzer.business_report_generator] - Generated report for Vayalil Restaurant, The Finedine, eanchakkal.
2026-05-16 04:28:21,986 - INFO - [analyzer.business_report_generator] - Generated report for Friends Home Nurse Consultancy.
2026-05-16 04:28:22,889 - INFO - [analyzer.business_report_generator] - Generated report for Aryaas Vegetarian Restaurant.
2026-05-16 04:28:22,987 - INFO - [analyzer.business_report_generator] - Generated report for JOBS 'n TA HR Services.
2026-05-16 04:28:23,546 - INFO - [analyzer.business_report_generator] - Generated report for Ariya Nivaas Restaurant.
2026-05-16 04:28:23,701 - INFO - [analyzer.business_report_generator] - Generated report for New Belief Overseas Recruitment services Pvt.Ltd.
2026-05-16 04:28:24,541 - INFO - [analyzer.business_report_generator] - Generated report for Malabar Cafe.
2026-05-16 04:28:24,630 - INFO - [analyzer.business_report_generator] - Generated report for Career world jobs.
2026-05-16 04:28:25,493 - INFO - [analyzer.business_report_generator] - Generated report for Khana Peena.
2026-05-16 04:28:25,532 - INFO - [analyzer.business_report_generator] - Generated report for Chinmaya Jobs & Travel services.
2026-05-16 04:28:26,737 - INFO - [analyzer.business_report_generator] - Generated report for Supreme Upper Crust.
2026-05-16 04:28:26,836 - INFO - [analyzer.business_report_generator] - Generated report for Dial A Job.
2026-05-16 04:28:27,697 - INFO - [analyzer.business_report_generator] - Generated report for Mani Mess.
2026-05-16 04:28:27,788 - INFO - [analyzer.business_report_generator] - Generated report for Space International Travel Service Manpower Consultant.
2026-05-16 04:28:28,380 - INFO - [analyzer.business_report_generator] - Generated report for Salkkaram Edavazhi.
2026-05-16 04:28:28,446 - INFO - [analyzer.business_report_generator] - Generated report for Jobcaps HR Consultancy.
2026-05-16 04:28:29,267 - INFO - [analyzer.business_report_generator] - Generated report for Huddles Cafe.
2026-05-16 04:28:29,351 - INFO - [analyzer.business_report_generator] - Generated report for Sujina Manpower Consultants.
2026-05-16 04:28:30,179 - INFO - [analyzer.business_report_generator] - Generated report for Malabar BitEs Restaurant.
2026-05-16 04:28:30,244 - INFO - [analyzer.business_report_generator] - Generated report for C2W.
2026-05-16 04:28:31,019 - INFO - [analyzer.business_report_generator] - Generated report for Cafe Hive.
2026-05-16 04:28:31,164 - INFO - [analyzer.business_report_generator] - Generated report for Lakshya job consultancy.
2026-05-16 04:28:32,151 - INFO - [analyzer.business_report_generator] - Generated report for Neerali Restaurant.
2026-05-16 04:28:32,189 - INFO - [analyzer.business_report_generator] - Generated report for Deepam Employment Service.
2026-05-16 04:28:32,897 - INFO - [analyzer.business_report_generator] - Generated report for Rajila Hotel.
2026-05-16 04:28:33,003 - INFO - [analyzer.business_report_generator] - Generated report for Scintila Recruiter.
2026-05-16 04:28:33,703 - INFO - [analyzer.business_report_generator] - Generated report for Hotel Aruna (Pure veg).
2026-05-16 04:28:33,760 - INFO - [analyzer.business_report_generator] - Generated report for Quick Job Consultancy.
2026-05-16 04:28:34,411 - INFO - [analyzer.business_report_generator] - Generated report for Varnam Seafood Restaurant.
2026-05-16 04:28:34,487 - INFO - [analyzer.business_report_generator] - Generated report for Riya - The Travel Expert | Thiruvananthapuram.
2026-05-16 04:28:35,225 - INFO - [analyzer.business_report_generator] - Generated report for Burj Al Mandi Restaurant.
2026-05-16 04:28:35,302 - INFO - [analyzer.business_report_generator] - Generated report for Attitude Worldwide.
2026-05-16 04:28:35,877 - INFO - [analyzer.business_report_generator] - Generated report for Azad Star at Vazhuthacaud.
2026-05-16 04:28:35,934 - INFO - [analyzer.business_report_generator] - Generated report for Medisol Placements Private Limited :Leading Healthcare recruitment consultancy.
2026-05-16 04:28:36,862 - INFO - [analyzer.business_report_generator] - Generated report for Dindigul Thalappakatti Restaurant.
2026-05-16 04:28:36,919 - INFO - [analyzer.business_report_generator] - Generated report for Smart Job consultancy.
2026-05-16 04:28:37,611 - INFO - [analyzer.business_report_generator] - Generated report for RASOI by RUCHI.
2026-05-16 04:28:37,687 - INFO - [analyzer.business_report_generator] - Generated report for Akbar Travels of India Pvt Ltd - Trivandrum.
2026-05-16 04:28:38,514 - INFO - [analyzer.business_report_generator] - Generated report for North Bites.
2026-05-16 04:28:38,571 - INFO - [analyzer.business_report_generator] - Generated report for KAILAS AGENCIES.
2026-05-16 04:28:39,263 - INFO - [analyzer.business_report_generator] - Generated report for Open House Restaurant.
2026-05-16 04:28:39,320 - INFO - [analyzer.business_report_generator] - Generated report for International Agencies.
2026-05-16 04:28:39,988 - INFO - [analyzer.business_report_generator] - Generated report for Poorna Family Restaurant.
2026-05-16 04:28:40,086 - INFO - [analyzer.business_report_generator] - Generated report for VICTORY AGENCIES.
2026-05-16 04:28:40,871 - INFO - [analyzer.business_report_generator] - Generated report for The Tides.
2026-05-16 04:28:40,961 - INFO - [analyzer.business_report_generator] - Generated report for Guideline job consultancy.
2026-05-16 04:28:41,890 - INFO - [analyzer.business_report_generator] - Generated report for Poomaram Ram's Kitchen.
2026-05-16 04:28:41,953 - INFO - [analyzer.business_report_generator] - Generated report for Careerline Travel Consultant.
2026-05-16 04:28:42,572 - INFO - [analyzer.business_report_generator] - Generated report for Nikunjam Restaurant.
2026-05-16 04:28:42,678 - INFO - [analyzer.business_report_generator] - Generated report for Amina Agencies.
2026-05-16 04:28:43,324 - INFO - [analyzer.business_report_generator] - Generated report for SK Restaurant.
2026-05-16 04:28:43,448 - INFO - [analyzer.business_report_generator] - Generated report for Universal Migration.
2026-05-16 04:28:45,119 - INFO - [analyzer.business_report_generator] - Generated report for Hotel Dimora Thiruvananthapuram.
2026-05-16 04:28:45,181 - INFO - [analyzer.business_report_generator] - Generated report for Metro Agencies.
2026-05-16 04:28:45,853 - INFO - [analyzer.business_report_generator] - Generated report for Sri Aiswariya Vegetarian Restaurant.
2026-05-16 04:28:45,926 - INFO - [analyzer.business_report_generator] - Generated report for Connect 2 Job HR Consultancy services.
2026-05-16 04:28:46,566 - INFO - [analyzer.business_report_generator] - Generated report for Le Capital Seafood & Grills.
2026-05-16 04:28:46,605 - INFO - [analyzer.business_report_generator] - Generated report for M&G Immigration & Study Abroad Consultants | Best Canada Immigration Consultants in Trivandrum | Overseas Education Kerala.
2026-05-16 04:28:47,579 - INFO - [analyzer.business_report_generator] - Generated report for Paradise Family Restaurant.
2026-05-16 04:28:47,641 - INFO - [analyzer.business_report_generator] - Generated report for Airtravel Enterprises India Limited.
2026-05-16 04:28:48,325 - INFO - [analyzer.business_report_generator] - Generated report for Ummees Seafood Restaurant.
2026-05-16 04:28:48,411 - INFO - [analyzer.business_report_generator] - Generated report for Good Way Solutions.
2026-05-16 04:28:49,199 - INFO - [analyzer.business_report_generator] - Generated report for Konkan Café Vivanta Thiruvananthapuram.
2026-05-16 04:28:49,256 - INFO - [analyzer.business_report_generator] - Generated report for Kerala Travels.
2026-05-16 04:28:50,089 - INFO - [analyzer.business_report_generator] - Generated report for Kerala Hotel.
2026-05-16 04:28:50,167 - INFO - [analyzer.business_report_generator] - Generated report for Standard Agencies Hardware.
2026-05-16 04:28:50,876 - INFO - [analyzer.business_report_generator] - Generated report for Hotel Kuttanad.
2026-05-16 04:28:50,965 - INFO - [analyzer.business_report_generator] - Generated report for Ushus Services.
2026-05-16 04:28:51,833 - INFO - [analyzer.business_report_generator] - Generated report for Le Lumiere Restaurant.
2026-05-16 04:28:51,914 - INFO - [analyzer.business_report_generator] - Generated report for VK Agency.
2026-05-16 04:28:52,909 - INFO - [analyzer.business_report_generator] - Generated report for Irani kuzhimandi restaurant.
2026-05-16 04:28:52,944 - INFO - [analyzer.business_report_generator] - Generated report for Pratheeksha Job Consultancy.
2026-05-16 04:28:53,534 - INFO - [analyzer.business_report_generator] - Generated report for Meenamma's Kitchen.
2026-05-16 04:28:53,797 - INFO - [analyzer.business_report_generator] - Generated report for ITJobcell.
2026-05-16 04:28:54,542 - INFO - [analyzer.business_report_generator] - Generated report for Mynt.
2026-05-16 04:28:54,778 - INFO - [analyzer.business_report_generator] - Generated report for ALPHA TOURS AND TRAVEL AGENCY TRIVANDRUM.
2026-05-16 04:28:55,419 - INFO - [analyzer.business_report_generator] - Generated report for Park Malabar Restaurant Trivandrum.
2026-05-16 04:28:55,662 - INFO - [analyzer.business_report_generator] - Generated report for Travel Nivriti.
2026-05-16 04:28:56,360 - INFO - [analyzer.business_report_generator] - Generated report for Gujju's Kitchen.
2026-05-16 04:28:56,530 - INFO - [analyzer.business_report_generator] - Generated report for Destination Designers - Travel and Tour Management Company.
2026-05-16 04:28:57,018 - INFO - [analyzer.business_report_generator] - Generated report for Kuttanadan Puncha Family Restaurant.
2026-05-16 04:28:57,447 - INFO - [analyzer.business_report_generator] - Generated report for Class one Tours and Travels.
2026-05-16 04:28:58,091 - INFO - [analyzer.business_report_generator] - Generated report for SAAYA FAMILY RESTAURANT.
2026-05-16 04:28:59,288 - INFO - [analyzer.business_report_generator] - Generated report for Talent Resource Management.
2026-05-16 04:29:00,380 - INFO - [analyzer.business_report_generator] - Generated report for MANDI MANZIL.
2026-05-16 04:29:00,990 - INFO - [analyzer.business_report_generator] - Generated report for MediaMate Advertising India (P) Ltd.
2026-05-16 04:29:01,875 - INFO - [analyzer.business_report_generator] - Generated report for Ambalapatt Restaurant.
2026-05-16 04:29:02,861 - INFO - [analyzer.business_report_generator] - Generated report for STS Travels Online..
2026-05-16 04:29:03,423 - INFO - [analyzer.business_report_generator] - Generated report for New Heavens Take Away.
2026-05-16 04:29:04,312 - INFO - [analyzer.business_report_generator] - Generated report for Phoenixwings HR Solutions.
2026-05-16 04:29:05,063 - INFO - [analyzer.business_report_generator] - Generated report for The Chef's Studio.
2026-05-16 04:29:06,071 - INFO - [analyzer.business_report_generator] - Generated report for Pflege Career | Best German Consultancy In Kerala.
2026-05-16 04:29:06,851 - INFO - [analyzer.business_report_generator] - Generated report for Jasmine Bay Restaurant.
2026-05-16 04:29:07,650 - INFO - [analyzer.business_report_generator] - Generated report for Career Home.
2026-05-16 04:29:08,514 - INFO - [analyzer.business_report_generator] - Generated report for Oriental Spice.
2026-05-16 04:29:09,364 - INFO - [analyzer.business_report_generator] - Generated report for Universal Manpower Service, Trivandrum.
2026-05-16 04:29:10,075 - INFO - [analyzer.business_report_generator] - Generated report for Ariya Jyothi Vegetarian Restaurant.
2026-05-16 04:29:10,731 - INFO - [analyzer.business_report_generator] - Generated report for Restik Brand.
2026-05-16 04:29:11,277 - INFO - [analyzer.business_report_generator] - Generated report for Al Taza - Trivandrum.
2026-05-16 04:29:11,873 - INFO - [analyzer.business_report_generator] - Generated report for The Write People.
2026-05-16 04:29:12,379 - INFO - [analyzer.business_report_generator] - Generated report for Aasife Biriyani - Kesavadasapuram (Trivandrum).
2026-05-16 04:29:12,990 - INFO - [analyzer.business_report_generator] - Generated report for Pioneer Agencies.
2026-05-16 04:29:13,497 - INFO - [analyzer.business_report_generator] - Generated report for Porotta Hut.
2026-05-16 04:29:14,066 - INFO - [analyzer.business_report_generator] - Generated report for S K S Consultancy.
2026-05-16 04:29:14,664 - INFO - [analyzer.business_report_generator] - Generated report for Akshayam Pure Vegetarian Restaurant.
2026-05-16 04:29:16,381 - INFO - [analyzer.business_report_generator] - Generated report for Texas Tours & Travels.
2026-05-16 04:29:18,788 - INFO - [analyzer.business_report_generator] - Generated report for Saraswathy Agencies.
2026-05-16 04:29:20,405 - INFO - [analyzer.business_report_generator] - Generated report for Supriya Agencies Trivandrum.
2026-05-16 04:29:21,911 - INFO - [analyzer.business_report_generator] - Generated report for Aruna Agencies.
2026-05-16 04:29:22,721 - INFO - [analyzer.business_report_generator] - Generated report for Swiggy Onboarding Office Thiruvananthapuram.
2026-05-16 04:29:23,664 - INFO - [analyzer.business_report_generator] - Generated report for Sree Tours - Taxi Service / Wedding Car For Rent Trivandrum Luxury Marriage Car Hire.
2026-05-16 04:29:24,910 - INFO - [analyzer.business_report_generator] - Generated report for PALAZHY TOURS & TRAVELS PVT. LTD..
2026-05-16 04:29:26,058 - INFO - [analyzer.business_report_generator] - Generated report for PAMA AIR TRAVELS INDIA.
2026-05-16 04:29:27,540 - INFO - [analyzer.business_report_generator] - Generated report for Thalikkunnil Sales Incorporate.
2026-05-16 04:29:28,075 - INFO - [analyzer.business_report_generator] - Generated report for Nava Karthika Agency.
2026-05-16 04:29:28,692 - INFO - [analyzer.business_report_generator] - Generated report for Voyages Kerala.
2026-05-16 04:29:29,308 - INFO - [analyzer.business_report_generator] - Generated report for LLOYDS INSPECTION AGENCY PVT LTD | India Office.
2026-05-16 04:29:30,883 - INFO - [analyzer.business_report_generator] - Generated report for Rajeevam Manpower Consultant.
2026-05-16 04:29:31,427 - INFO - [analyzer.business_report_generator] - Generated report for Ozone Tourism and Travel.
2026-05-16 04:29:32,040 - INFO - [analyzer.business_report_generator] - Generated report for Care Health Insurance.
2026-05-16 04:29:32,485 - INFO - [analyzer.business_report_generator] - Generated report for Thomson Trading Agencies vallakkadavu TVM.
2026-05-16 04:29:32,973 - INFO - [analyzer.business_report_generator] - Generated report for Axis Overseas Careers.
2026-05-16 04:29:33,478 - INFO - [analyzer.business_report_generator] - Generated report for RevolxIT Learning and AI solutions Pvt Ltd(Previously STC Technology).
2026-05-16 04:29:33,891 - INFO - [analyzer.business_report_generator] - Generated report for VETTATH AGENCIES.
2026-05-16 04:29:34,382 - INFO - [analyzer.business_report_generator] - Generated report for Keyar Agencies.
2026-05-16 04:29:34,982 - INFO - [analyzer.business_report_generator] - Generated report for Devi Agencies.
2026-05-16 04:29:35,033 - INFO - [analyzer.business_report_generator] - Generated report for Technopark Trivandrum.
2026-05-16 04:29:35,759 - INFO - [analyzer.business_report_generator] - Generated report for Liberty General Insurance Ltd..
2026-05-16 04:29:36,016 - INFO - [analyzer.business_report_generator] - Generated report for Scipy Technologies Pvt Ltd.
2026-05-16 04:29:36,628 - INFO - [analyzer.business_report_generator] - Generated report for Vigneswara agency lottery shop.
2026-05-16 04:29:36,868 - INFO - [analyzer.business_report_generator] - Generated report for Vinvish Technologies Pvt. Ltd..
2026-05-16 04:29:37,314 - INFO - [analyzer.business_report_generator] - Generated report for ARIES TRAVEL AND HOLIDAYS.
2026-05-16 04:29:37,975 - INFO - [analyzer.business_report_generator] - Generated report for Aavin Milk and Milk Products Authorised Distributor - Quality Agencies.
2026-05-16 04:29:38,695 - INFO - [analyzer.business_report_generator] - Generated report for Pest Control & Cleaning Services.
2026-05-16 04:29:39,328 - INFO - [analyzer.business_report_generator] - Generated report for Heavens.
2026-05-16 04:29:39,963 - INFO - [analyzer.business_report_generator] - Generated report for Kerala Matrimony, part of Matrimony Group - Vazhuthacaud, Trivandrum.
2026-05-16 04:29:40,897 - INFO - [analyzer.business_report_generator] - Generated report for We Care Facility Management Services.
2026-05-16 04:31:16,310 - INFO - [analyzer.business_report_generator] - Generated report for LuLu Mall Thiruvananthapuram.
2026-05-16 04:31:16,596 - INFO - [analyzer.business_report_generator] - Generated report for Variety Mall.
2026-05-16 04:31:16,756 - INFO - [analyzer.business_report_generator] - Generated report for Ramachandran Textiles.
2026-05-16 04:32:50,415 - INFO - [analyzer.business_report_generator] - Generated report for SP Medifort Hospital.
2026-05-16 04:32:50,641 - INFO - [analyzer.business_report_generator] - Generated report for Sree Uthradom Thirunal (SUT) Hospital.
2026-05-16 04:32:50,858 - INFO - [analyzer.business_report_generator] - Generated report for GG Hospital.
2026-05-16 04:34:23,571 - INFO - [analyzer.business_report_generator] - Generated report for Dr Anugra Baburaj Cosmetologist | Skin Care Clinic Trivandrum.
2026-05-16 04:34:23,825 - INFO - [analyzer.business_report_generator] - Generated report for Dr. Yogiraj Centre for Dermatology & Cosmetology Hair transplantation.
2026-05-16 04:34:24,109 - INFO - [analyzer.business_report_generator] - Generated report for Ageless Skin Clinic.
2026-05-16 04:35:44,083 - INFO - [analyzer.business_report_generator] - Generated report for Cafe Jade - All Day Dining (24X7).
2026-05-16 04:35:44,310 - INFO - [analyzer.business_report_generator] - Generated report for Villa Maya.
2026-05-16 04:35:44,569 - INFO - [analyzer.business_report_generator] - Generated report for Paragon Restaurant.
2026-05-16 04:37:03,983 - INFO - [analyzer.business_report_generator] - Generated report for Style PLUS.
2026-05-16 04:37:04,193 - INFO - [analyzer.business_report_generator] - Generated report for Ramachandran Textiles.
2026-05-16 04:37:04,406 - INFO - [analyzer.business_report_generator] - Generated report for Variety Mall.
2026-05-16 04:38:27,724 - INFO - [analyzer.business_report_generator] - Generated report for Worldstar Enterprises, Trivandrum jobs.
2026-05-16 04:38:27,929 - INFO - [analyzer.business_report_generator] - Generated report for Career Home | Placement Service, Facility Management and Job consultancy.
2026-05-16 04:38:28,144 - INFO - [analyzer.business_report_generator] - Generated report for RCD HR SOLUTIONS.
2026-05-16 04:39:30,884 - INFO - [analyzer.business_report_generator] - Generated report for KERALA UNIVERSITY TRANSCRIPT/ATTESTATION SERVICES/ABS TRANSCRIPT/ABSEDUCATIONSERVICE.
2026-05-16 04:39:31,138 - INFO - [analyzer.business_report_generator] - Generated report for My Secretary Services.
2026-05-16 04:39:31,311 - INFO - [analyzer.business_report_generator] - Generated report for Lenovo Service Center - CTDI Globle Infocom.
2026-05-16 04:40:57,266 - INFO - [analyzer.business_report_generator] - Generated report for Travancore Titanium Products Limited.
2026-05-16 04:41:00,301 - INFO - [analyzer.business_report_generator] - Generated report for The India Cements Ltd.
2026-05-16 04:41:00,557 - INFO - [analyzer.business_report_generator] - Generated report for Fresh N Fine Products (India) Pvt. Ltd.
2026-05-16 05:22:22,175 - INFO - [analyzer.business_report_generator] - Generated report for AM Customer Service Point.
2026-05-16 05:22:22,401 - INFO - [analyzer.business_report_generator] - Generated report for SEWA Kerala.
2026-05-16 05:22:22,660 - INFO - [analyzer.business_report_generator] - Generated report for Capital house keeping service.
2026-05-16 05:22:22,861 - INFO - [analyzer.business_report_generator] - Generated report for Apple Authorized Service Centre - F1 Info Services, Trivandrum.
2026-05-16 05:22:23,160 - INFO - [analyzer.business_report_generator] - Generated report for No service.
2026-05-16 05:22:23,361 - INFO - [analyzer.business_report_generator] - Generated report for Clean & Clean Hygiene Services.
2026-05-16 05:22:23,611 - INFO - [analyzer.business_report_generator] - Generated report for Trinity Solutions- Sony Authorized Service Center, Trivandrum.
2026-05-16 05:22:23,853 - INFO - [analyzer.business_report_generator] - Generated report for KERALA UNIVERSITY TRANSCRIPT/ATTESTATION SERVICES/ABS TRANSCRIPT/ABSEDUCATIONSERVICE.
2026-05-16 05:22:24,031 - INFO - [analyzer.business_report_generator] - Generated report for My Secretary Services.
2026-05-16 05:22:24,224 - INFO - [analyzer.business_report_generator] - Generated report for AV SERVICES.
2026-05-16 05:22:24,427 - INFO - [analyzer.business_report_generator] - Generated report for Service Expert.
2026-05-16 05:22:24,644 - INFO - [analyzer.business_report_generator] - Generated report for Home Nursing and House Maid Service Trivandrum.
2026-05-16 05:22:24,781 - INFO - [analyzer.business_report_generator] - Generated report for The Kerala Service Company Ltd.
2026-05-16 05:22:24,975 - INFO - [analyzer.business_report_generator] - Generated report for Total Care Security.
2026-05-16 05:22:25,169 - INFO - [analyzer.business_report_generator] - Generated report for Mr. Handyman.
2026-05-16 05:22:25,362 - INFO - [analyzer.business_report_generator] - Generated report for Lenovo Service Center - CTDI Globle Infocom.
2026-05-16 05:22:25,556 - INFO - [analyzer.business_report_generator] - Generated report for Sameway Maintenance Solutions.
2026-05-16 05:22:25,757 - INFO - [analyzer.business_report_generator] - Generated report for Philips Engineering Services.
2026-05-16 05:22:25,919 - INFO - [analyzer.business_report_generator] - Generated report for Service Consultants.
2026-05-16 05:22:26,137 - INFO - [analyzer.business_report_generator] - Generated report for Vinayaka Services.
2026-05-16 05:22:26,347 - INFO - [analyzer.business_report_generator] - Generated report for Grace Care Solution.
2026-05-16 05:22:26,661 - INFO - [analyzer.business_report_generator] - Generated report for SEO Services in Kerala.
2026-05-16 05:22:26,968 - INFO - [analyzer.business_report_generator] - Generated report for Delta Security Services.
2026-05-16 05:22:27,210 - INFO - [analyzer.business_report_generator] - Generated report for SS Services.
2026-05-16 05:22:27,395 - INFO - [analyzer.business_report_generator] - Generated report for Clean Master.
2026-05-16 05:22:27,524 - INFO - [analyzer.business_report_generator] - Generated report for Green Placement.
2026-05-16 05:22:27,726 - INFO - [analyzer.business_report_generator] - Generated report for Malankara Social Service Society.
2026-05-16 05:22:27,912 - INFO - [analyzer.business_report_generator] - Generated report for 4 M Security & Allied Services Pvt. Ltd.
2026-05-16 05:22:28,105 - INFO - [analyzer.business_report_generator] - Generated report for Kerala Public Service Commission.
2026-05-16 05:22:28,315 - INFO - [analyzer.business_report_generator] - Generated report for Nova Services.
2026-05-16 05:22:28,589 - INFO - [analyzer.business_report_generator] - Generated report for REFILL STATION.
2026-05-16 05:22:28,727 - INFO - [analyzer.business_report_generator] - Generated report for We Care Facility Management Services.
2026-05-16 05:22:28,912 - INFO - [analyzer.business_report_generator] - Generated report for Rentokil Initial Hygiene India - Kerala.
2026-05-16 05:22:29,082 - INFO - [analyzer.business_report_generator] - Generated report for OM ONLINE SERVICES.
2026-05-16 05:22:29,259 - INFO - [analyzer.business_report_generator] - Generated report for ONLINE SERVICES.
2026-05-16 05:22:29,421 - INFO - [analyzer.business_report_generator] - Generated report for Sulabh International Social Service Organisation.
2026-05-16 05:22:29,598 - INFO - [analyzer.business_report_generator] - Generated report for TrueLine Facility Management Service.
2026-05-16 05:22:29,824 - INFO - [analyzer.business_report_generator] - Generated report for DHL Express (India) Pvt. Ltd.
2026-05-16 05:22:30,187 - INFO - [analyzer.business_report_generator] - Generated report for RevolxIT Learning and AI solutions Pvt Ltd(Previously STC Technology).
2026-05-16 05:22:30,615 - INFO - [analyzer.business_report_generator] - Generated report for Civil Service Institute Pala, Trivandrum Campus.
2026-05-16 05:22:31,024 - INFO - [analyzer.business_report_generator] - Generated report for Gate light solutions.
2026-05-16 05:22:31,397 - INFO - [analyzer.business_report_generator] - Generated report for Signs & Marks.
2026-05-16 05:22:31,752 - INFO - [analyzer.business_report_generator] - Generated report for National career service center for differently abled.
2026-05-16 05:22:32,236 - INFO - [analyzer.business_report_generator] - Generated report for smash cleaning company.
2026-05-16 05:22:32,599 - INFO - [analyzer.business_report_generator] - Generated report for SAP Consultancy & Training Services(SAPC).
2026-05-16 05:22:32,994 - INFO - [analyzer.business_report_generator] - Generated report for AVM Facility Management.
2026-05-16 05:22:33,446 - INFO - [analyzer.business_report_generator] - Generated report for BASE LANDS Services & Solutions Consultants.
2026-05-16 05:22:33,970 - INFO - [analyzer.business_report_generator] - Generated report for Thalikkunnil Sales Incorporate.
2026-05-16 05:22:34,478 - INFO - [analyzer.business_report_generator] - Generated report for Manoj Hire Services.
2026-05-16 05:22:34,880 - INFO - [analyzer.business_report_generator] - Generated report for BMG SECURITY SERVICES.
2026-05-16 05:22:35,446 - INFO - [analyzer.business_report_generator] - Generated report for Home Nursing Service.
2026-05-16 05:22:35,769 - INFO - [analyzer.business_report_generator] - Generated report for TidyGlow.
2026-05-16 05:22:36,132 - INFO - [analyzer.business_report_generator] - Generated report for Divya matha Home Nursing services.
2026-05-16 05:22:36,495 - INFO - [analyzer.business_report_generator] - Generated report for FALKEN SECURITY& FACILITY SERVICES PVT LTD.
2026-05-16 05:22:36,858 - INFO - [analyzer.business_report_generator] - Generated report for Uber - Centro de Activación.
2026-05-16 05:22:37,318 - INFO - [analyzer.business_report_generator] - Generated report for LIFE CARE SERVICE HUB.
2026-05-16 05:22:37,698 - INFO - [analyzer.business_report_generator] - Generated report for SI Property (Kerala) Private Ltd.
2026-05-16 05:22:38,019 - INFO - [analyzer.business_report_generator] - Generated report for Pooja Ambulance Service.
2026-05-16 05:22:38,391 - INFO - [analyzer.business_report_generator] - Generated report for SKS CONSULTANCY.
2026-05-16 05:22:42,694 - INFO - [analyzer.business_report_generator] - Generated report for THARAVATTIL Outdoor Catering Service.
2026-05-16 05:22:43,141 - INFO - [analyzer.business_report_generator] - Generated report for Chaithanya Outdoor Catering Services.
2026-05-16 05:22:43,569 - INFO - [analyzer.business_report_generator] - Generated report for Aerobic Bin Of Thiruvananthapuram City Corporation.
2026-05-16 05:22:44,214 - INFO - [analyzer.business_report_generator] - Generated report for Excellent Home Nursing Trivandrum.
2026-05-16 05:22:44,625 - INFO - [analyzer.business_report_generator] - Generated report for Swiggy Onboarding Office Thiruvananthapuram.
2026-05-16 05:22:45,036 - INFO - [analyzer.business_report_generator] - Generated report for Anna Catering Service & Anna Marriage Event.
2026-05-16 05:22:45,407 - INFO - [analyzer.business_report_generator] - Generated report for Oxygen Digital Shop - Pattom.
2026-05-16 05:22:45,835 - INFO - [analyzer.business_report_generator] - Generated report for Universal Manpower Service, Trivandrum.
2026-05-16 05:22:46,157 - INFO - [analyzer.business_report_generator] - Generated report for MANASI TOUR OPERATOR AND COMMON SERVICE CENTRE.
2026-05-16 05:22:46,569 - INFO - [analyzer.business_report_generator] - Generated report for IBIZ Technology | Internet Leased Line | MPLS | CLOUD | WIFI Solution | Sip Trunk.
2026-05-16 05:22:46,939 - INFO - [analyzer.business_report_generator] - Generated report for Delta Services.
2026-05-16 05:22:47,432 - INFO - [analyzer.business_report_generator] - Generated report for Kaigo Home Healthcare.
2026-05-16 05:22:47,754 - INFO - [analyzer.business_report_generator] - Generated report for Centre for Management Development.
2026-05-16 05:22:48,069 - INFO - [analyzer.business_report_generator] - Generated report for common service centre mahindra.
2026-05-16 05:22:48,440 - INFO - [analyzer.business_report_generator] - Generated report for Jeyem Express Cargo.
2026-05-16 05:22:48,803 - INFO - [analyzer.business_report_generator] - Generated report for INTERNATIONAL COURIER.
2026-05-16 05:22:49,415 - INFO - [analyzer.business_report_generator] - Generated report for Smartline Services.
2026-05-16 05:22:49,795 - INFO - [analyzer.business_report_generator] - Generated report for EasyNet Digital.
2026-05-16 05:22:50,174 - INFO - [analyzer.business_report_generator] - Generated report for The Professional Couriers.
2026-05-16 05:22:50,545 - INFO - [analyzer.business_report_generator] - Generated report for Teknokraaft Info Systems.
2026-05-16 05:22:50,907 - INFO - [analyzer.business_report_generator] - Generated report for Care Health Insurance.
2026-05-16 05:22:51,230 - INFO - [analyzer.business_report_generator] - Generated report for Decathlon Sports - Trivandrum.
2026-05-16 05:22:51,601 - INFO - [analyzer.business_report_generator] - Generated report for J Square Mobiles - Main Branch, Sreyas Building, Ulloor.
2026-05-16 05:22:51,973 - INFO - [analyzer.business_report_generator] - Generated report for Prime Weddings and Events - Wedding Event Management Trivandrum.
2026-05-16 05:22:52,408 - INFO - [analyzer.business_report_generator] - Generated report for Medisol Placements Private Limited :Leading Healthcare recruitment consultancy.
2026-05-16 05:22:52,893 - INFO - [analyzer.business_report_generator] - Generated report for Onbyz Automations.
2026-05-16 05:22:53,216 - INFO - [analyzer.business_report_generator] - Generated report for Mythri Home Nursing Service.
2026-05-16 05:22:54,666 - INFO - [analyzer.business_report_generator] - Generated report for Rajeevam Manpower Consultant.
2026-05-16 05:22:55,038 - INFO - [analyzer.business_report_generator] - Generated report for Soorya Catering (Pure Vegetarian).
2026-05-16 05:22:59,450 - INFO - [analyzer.business_report_generator] - Generated report for PAVANA Placement Service.
2026-05-16 05:22:59,822 - INFO - [analyzer.business_report_generator] - Generated report for Thycaud, trivandrum.
2026-05-16 05:23:00,469 - INFO - [analyzer.business_report_generator] - Generated report for Pflege Career | Best German Consultancy In Kerala.
2026-05-16 05:23:00,842 - INFO - [analyzer.business_report_generator] - Generated report for GG Hospital.
2026-05-16 05:23:01,214 - INFO - [analyzer.business_report_generator] - Generated report for Aham Builders Consultants & Developers.
2026-05-16 05:23:01,579 - INFO - [analyzer.business_report_generator] - Generated report for Compu Shoppe.
2026-05-16 05:23:01,942 - INFO - [analyzer.business_report_generator] - Generated report for LLOYDS INSPECTION AGENCY PVT LTD | India Office.
2026-05-16 05:23:02,314 - INFO - [analyzer.business_report_generator] - Generated report for Medi House - Online Shop.
2026-05-16 05:23:02,685 - INFO - [analyzer.business_report_generator] - Generated report for JIO FIBER Trivandrum.
2026-05-16 05:23:03,009 - INFO - [analyzer.business_report_generator] - Generated report for Dell Authorised Service Center Trivandrum.
2026-05-16 05:23:03,380 - INFO - [analyzer.business_report_generator] - Generated report for NLP Training Trivandrum Kerala India.
2026-05-16 05:23:03,809 - INFO - [analyzer.business_report_generator] - Generated report for Shopalyst Technologies Pvt Ltd.
2026-05-16 05:51:07,034 - INFO - [analyzer.business_report_generator] - Generated report for Travancore Titanium Products Limited.
2026-05-16 05:51:07,385 - INFO - [analyzer.business_report_generator] - Generated report for MAHASREEVARI FOOD INDUSTRIES PRIVATE LIMITED.
2026-05-16 05:51:07,729 - INFO - [analyzer.business_report_generator] - Generated report for Dr. FOOD NUTRI INDUSTRIES.
2026-05-16 05:51:08,140 - INFO - [analyzer.business_report_generator] - Generated report for The India Cements Ltd.
2026-05-16 05:51:08,555 - INFO - [analyzer.business_report_generator] - Generated report for Fresh N Fine Products (India) Pvt. Ltd.
2026-05-16 05:51:08,906 - INFO - [analyzer.business_report_generator] - Generated report for Madhuram Food Products.
2026-05-16 05:51:09,249 - INFO - [analyzer.business_report_generator] - Generated report for BRUNCHIES.
2026-05-16 05:51:09,586 - INFO - [analyzer.business_report_generator] - Generated report for INNOVA INDUSTRIES - THE LUXURY FURNISHING FACTORY..
2026-05-16 05:51:10,149 - INFO - [analyzer.business_report_generator] - Generated report for Trivandrum Flour Mills Pvt. Ltd..
2026-05-16 05:51:10,328 - INFO - [analyzer.business_report_generator] - Generated report for Milky Food Industries.
2026-05-16 05:51:10,639 - INFO - [analyzer.business_report_generator] - Generated report for Avittom Food Industries.
2026-05-16 05:51:10,844 - INFO - [analyzer.business_report_generator] - Generated report for Nilamels and Kaimals Foods Private Limited.
2026-05-16 05:51:11,056 - INFO - [analyzer.business_report_generator] - Generated report for THE TRAVANCORE RUBBER AND TEA COMPANY LIMITED.
2026-05-16 05:51:11,179 - INFO - [analyzer.business_report_generator] - Generated report for Zamzam Industries.
2026-05-16 05:51:11,351 - INFO - [analyzer.business_report_generator] - Generated report for Fashion Factory.
2026-05-16 05:51:11,587 - INFO - [analyzer.business_report_generator] - Generated report for Kortas Industries Private Limited.
2026-05-16 05:51:11,759 - INFO - [analyzer.business_report_generator] - Generated report for HLL Lifecare Ltd..
2026-05-16 05:51:12,021 - INFO - [analyzer.business_report_generator] - Generated report for Moderns Food Products.
2026-05-16 05:51:12,184 - INFO - [analyzer.business_report_generator] - Generated report for Syndicate Gym Industries | Gym Equipment Manufacturer Kerala.
2026-05-16 05:51:12,356 - INFO - [analyzer.business_report_generator] - Generated report for Elements Homestead Products Pvt Ltd,Trivandrum.
2026-05-16 05:51:12,528 - INFO - [analyzer.business_report_generator] - Generated report for Coconics Private Limited.
2026-05-16 05:51:12,716 - INFO - [analyzer.business_report_generator] - Generated report for BrahMos Aerospace Thiruvananthapuram Limited.
2026-05-16 05:51:12,887 - INFO - [analyzer.business_report_generator] - Generated report for Bread Factory by Azad at Vazhuthacaud.
2026-05-16 05:51:13,059 - INFO - [analyzer.business_report_generator] - Generated report for Bread Factory by Azad at Kowdiar.
2026-05-16 05:51:13,198 - INFO - [analyzer.business_report_generator] - Generated report for BANATONE TRINITY INDUSTRIES.
2026-05-16 05:51:13,369 - INFO - [analyzer.business_report_generator] - Generated report for Green Factory.
2026-05-16 05:51:13,534 - INFO - [analyzer.business_report_generator] - Generated report for Hykon India Limited.
2026-05-16 05:51:13,755 - INFO - [analyzer.business_report_generator] - Generated report for Bread Factory by Azad at Nalanchira.
2026-05-16 05:51:13,893 - INFO - [analyzer.business_report_generator] - Generated report for English Indian Clays Limited.
2026-05-16 05:51:14,105 - INFO - [analyzer.business_report_generator] - Generated report for MGL Elevators Pvt.Ltd.
2026-05-16 05:51:14,277 - INFO - [analyzer.business_report_generator] - Generated report for Bread factory by Azad at Kumarapuram.
2026-05-16 05:51:14,449 - INFO - [analyzer.business_report_generator] - Generated report for Sree Krishna Oil Mills, Ulloor.
2026-05-16 05:51:14,620 - INFO - [analyzer.business_report_generator] - Generated report for SKP FURNITURE FACTORY OUTLET.
2026-05-16 05:51:14,808 - INFO - [analyzer.business_report_generator] - Generated report for Spice Garden Foods (OPC) Pvt Ltd.
2026-05-16 05:51:14,980 - INFO - [analyzer.business_report_generator] - Generated report for BIOTECH INDIA.
2026-05-16 05:51:15,111 - INFO - [analyzer.business_report_generator] - Generated report for Smart India Food Tech.
2026-05-16 05:51:15,282 - INFO - [analyzer.business_report_generator] - Generated report for Royal Mirra Mills.
2026-05-16 05:51:15,454 - INFO - [analyzer.business_report_generator] - Generated report for Ente Mill Store.
2026-05-16 05:51:15,625 - INFO - [analyzer.business_report_generator] - Generated report for Surplus Factory.
2026-05-16 05:51:15,797 - INFO - [analyzer.business_report_generator] - Generated report for Fabindia Experience Center, Kowdiar, Thiruvananthapuram.
2026-05-16 05:51:15,969 - INFO - [analyzer.business_report_generator] - Generated report for Asian Food Products.
2026-05-16 05:51:16,093 - INFO - [analyzer.business_report_generator] - Generated report for HLL Lifecare.
2026-05-16 05:51:16,263 - INFO - [analyzer.business_report_generator] - Generated report for Aquira Group Of Companies.
2026-05-16 05:51:16,435 - INFO - [analyzer.business_report_generator] - Generated report for TRAVANCORE CHEMICAL INDUSTRIES.
2026-05-16 05:51:16,606 - INFO - [analyzer.business_report_generator] - Generated report for Bread Factory by Azad at Medical College.
2026-05-16 05:51:29,287 - INFO - [analyzer.business_report_generator] - Generated report for Ramachandran Textiles.
2026-05-16 05:51:29,460 - INFO - [analyzer.business_report_generator] - Generated report for Fashion Factory.
2026-05-16 05:51:29,582 - INFO - [analyzer.business_report_generator] - Generated report for Variety Mall.
2026-05-16 05:51:29,754 - INFO - [analyzer.business_report_generator] - Generated report for Reliance SMART Bazaar.
2026-05-16 05:51:29,926 - INFO - [analyzer.business_report_generator] - Generated report for Style PLUS.
2026-05-16 05:51:30,099 - INFO - [analyzer.business_report_generator] - Generated report for LuLu Fashion Store.
2026-05-16 05:51:30,286 - INFO - [analyzer.business_report_generator] - Generated report for RETAIL.ROAD EXPORT SURPLUS.
2026-05-16 05:51:30,458 - INFO - [analyzer.business_report_generator] - Generated report for LuLu Hypermarket Thiruvananthapuram.
2026-05-16 05:51:30,793 - INFO - [analyzer.business_report_generator] - Generated report for We Store Trivandrum.
2026-05-16 05:51:30,956 - INFO - [analyzer.business_report_generator] - Generated report for City Stores.
2026-05-16 05:51:31,128 - INFO - [analyzer.business_report_generator] - Generated report for Bean Town, The Pop-Up Store, Trivandrum.
2026-05-16 05:51:31,291 - INFO - [analyzer.business_report_generator] - Generated report for Mall of Travancore.
2026-05-16 05:51:31,462 - INFO - [analyzer.business_report_generator] - Generated report for Babu Store Wholesale and Retail.
2026-05-16 05:51:31,585 - INFO - [analyzer.business_report_generator] - Generated report for Max.
2026-05-16 05:51:31,756 - INFO - [analyzer.business_report_generator] - Generated report for Family Shopping Centre.
2026-05-16 05:51:31,927 - INFO - [analyzer.business_report_generator] - Generated report for EasyBuy.
2026-05-16 05:51:32,099 - INFO - [analyzer.business_report_generator] - Generated report for Chellam Umbrella Mart.
2026-05-16 05:51:32,272 - INFO - [analyzer.business_report_generator] - Generated report for Jayalakshmi Silks.
2026-05-16 05:51:32,442 - INFO - [analyzer.business_report_generator] - Generated report for Derik Mart Apparels (Thiruvananthapuram).
2026-05-16 05:51:32,564 - INFO - [analyzer.business_report_generator] - Generated report for Prisma Store.
2026-05-16 05:51:32,736 - INFO - [analyzer.business_report_generator] - Generated report for Basics Life. Trivandrum.
2026-05-16 05:51:32,907 - INFO - [analyzer.business_report_generator] - Generated report for Oxygen Digital Shop - Pattom.
2026-05-16 05:51:33,078 - INFO - [analyzer.business_report_generator] - Generated report for PETER ENGLAND SHOWROOM- PULIMOODU, THIRUVANANTHAPURAM.
2026-05-16 05:51:33,249 - INFO - [analyzer.business_report_generator] - Generated report for Allen Solly Store.
2026-05-16 05:51:33,414 - INFO - [analyzer.business_report_generator] - Generated report for Decathlon Sports - Trivandrum.
2026-05-16 05:51:33,535 - INFO - [analyzer.business_report_generator] - Generated report for TRENDS.
2026-05-16 05:51:33,699 - INFO - [analyzer.business_report_generator] - Generated report for Vinayaka Super Market.
2026-05-16 05:51:33,878 - INFO - [analyzer.business_report_generator] - Generated report for MKS Store.
2026-05-16 05:51:34,237 - INFO - [analyzer.business_report_generator] - Generated report for Melel She Square.
2026-05-16 05:51:34,360 - INFO - [analyzer.business_report_generator] - Generated report for More Supermarket.
2026-05-16 05:51:34,547 - INFO - [analyzer.business_report_generator] - Generated report for Balaji Winners Store.
2026-05-16 05:51:34,711 - INFO - [analyzer.business_report_generator] - Generated report for 2PAC Kesavadasapuram Junction Trivandrum.
2026-05-16 05:51:34,874 - INFO - [analyzer.business_report_generator] - Generated report for Amart Stores & Supermarket.
2026-05-16 05:51:35,045 - INFO - [analyzer.business_report_generator] - Generated report for Van Heusen Men & Women Clothing Store, M.G Road - Trivandrum.
2026-05-16 05:51:35,217 - INFO - [analyzer.business_report_generator] - Generated report for PUMA Store.
2026-05-16 05:51:35,388 - INFO - [analyzer.business_report_generator] - Generated report for Avenue Centre Shoppe Multi Branded Shopping Complex.
2026-05-16 05:51:35,575 - INFO - [analyzer.business_report_generator] - Generated report for RMC MULTISHOPPE SUPERMARKET.
2026-05-16 05:51:35,780 - INFO - [analyzer.business_report_generator] - Generated report for Chithra Store.
2026-05-16 05:51:35,943 - INFO - [analyzer.business_report_generator] - Generated report for Sahakarana Super Bazaar.
2026-05-16 05:51:36,066 - INFO - [analyzer.business_report_generator] - Generated report for Godrej Interio - Furniture Store in Palayam, Thiruvananthapuram.
2026-05-16 05:51:36,237 - INFO - [analyzer.business_report_generator] - Generated report for Wildcraft.
2026-05-16 05:51:36,408 - INFO - [analyzer.business_report_generator] - Generated report for Ananth Store.
2026-05-16 05:51:36,580 - INFO - [analyzer.business_report_generator] - Generated report for SONU Shopping Centre.
2026-05-16 05:51:36,784 - INFO - [analyzer.business_report_generator] - Generated report for Buy 'N' Save margin free Bazaar, trivandrum.
2026-05-16 05:51:36,955 - INFO - [analyzer.business_report_generator] - Generated report for Ramraj Cotton - Pattom, Thiruvananthapuram.
2026-05-16 05:51:37,078 - INFO - [analyzer.business_report_generator] - Generated report for Le Panache Trivandrum.
2026-05-16 05:51:37,249 - INFO - [analyzer.business_report_generator] - Generated report for kappa.
2026-05-16 05:51:37,421 - INFO - [analyzer.business_report_generator] - Generated report for Organic India Store.
2026-05-16 05:51:37,657 - INFO - [analyzer.business_report_generator] - Generated report for S.M Stores.
2026-05-16 05:51:37,829 - INFO - [analyzer.business_report_generator] - Generated report for Samsung Experience Store Pattom.
2026-05-16 05:51:37,992 - INFO - [analyzer.business_report_generator] - Generated report for Offer Bazaar.
2026-05-16 05:51:38,114 - INFO - [analyzer.business_report_generator] - Generated report for Giant Margin Free Store.
2026-05-16 05:51:38,286 - INFO - [analyzer.business_report_generator] - Generated report for myG Pattom.
2026-05-16 05:51:38,457 - INFO - [analyzer.business_report_generator] - Generated report for GRIHA WHOLESALE AND RETAIL.
2026-05-16 05:51:38,628 - INFO - [analyzer.business_report_generator] - Generated report for Fashion Tab.
2026-05-16 05:51:38,792 - INFO - [analyzer.business_report_generator] - Generated report for BINARY The Goodlife Store.
2026-05-16 05:51:38,976 - INFO - [analyzer.business_report_generator] - Generated report for Vanaura Organics Store Trivandrum.
2026-05-16 05:51:39,209 - INFO - [analyzer.business_report_generator] - Generated report for Go Colors - MG Road, Trivandrum | Women's Bottom Wear Store.
2026-05-16 05:51:39,372 - INFO - [analyzer.business_report_generator] - Generated report for Ethnic Weaves Boutique.
2026-05-16 05:51:39,495 - INFO - [analyzer.business_report_generator] - Generated report for Louis Philippe - Pattom.
2026-05-16 05:51:39,666 - INFO - [analyzer.business_report_generator] - Generated report for SM STORE.
2026-05-16 05:51:39,838 - INFO - [analyzer.business_report_generator] - Generated report for JS CRAFT STORE.
2026-05-16 05:51:40,010 - INFO - [analyzer.business_report_generator] - Generated report for Pepperfry Kesavadasapuram - Multi Brand Furniture, Mattress & Home Furnishings Shop.
2026-05-16 05:51:40,173 - INFO - [analyzer.business_report_generator] - Generated report for More Supermarket - Marappalam.
2026-05-16 05:51:40,345 - INFO - [analyzer.business_report_generator] - Generated report for Mahadev's Shop 'N' Save.
2026-05-16 05:51:40,509 - INFO - [analyzer.business_report_generator] - Generated report for Lulu Connect.
2026-05-16 05:51:40,680 - INFO - [analyzer.business_report_generator] - Generated report for S S Stores.
2026-05-16 05:51:40,909 - INFO - [analyzer.business_report_generator] - Generated report for Looms & Weaves.
2026-05-16 05:51:41,122 - INFO - [analyzer.business_report_generator] - Generated report for Keerthi Stores, HS Junction, Kachani.
2026-05-16 05:51:41,244 - INFO - [analyzer.business_report_generator] - Generated report for The Haven Supermarket & Apartments.
2026-05-16 05:51:41,408 - INFO - [analyzer.business_report_generator] - Generated report for Connemara Market, Palayam.
2026-05-16 05:51:41,579 - INFO - [analyzer.business_report_generator] - Generated report for 1983 Cricket Store.
2026-05-16 05:51:41,751 - INFO - [analyzer.business_report_generator] - Generated report for Renas Export Surplus.
2026-05-16 05:51:41,947 - INFO - [analyzer.business_report_generator] - Generated report for ONBOARD.
2026-05-16 05:51:42,111 - INFO - [analyzer.business_report_generator] - Generated report for INTUNE.
2026-05-16 05:51:42,233 - INFO - [analyzer.business_report_generator] - Generated report for TRAVEL STORE.
2026-05-16 05:51:42,397 - INFO - [analyzer.business_report_generator] - Generated report for Red Cotton by Geosam.
2026-05-16 05:51:42,560 - INFO - [analyzer.business_report_generator] - Generated report for ANSONS.
2026-05-16 05:51:42,732 - INFO - [analyzer.business_report_generator] - Generated report for Welgate Lifestyle.
2026-05-16 05:51:42,903 - INFO - [analyzer.business_report_generator] - Generated report for Rural Beads- The GI Tagged Store.
2026-05-16 05:51:43,101 - INFO - [analyzer.business_report_generator] - Generated report for Superdry Trivandrum.
2026-05-16 05:51:43,263 - INFO - [analyzer.business_report_generator] - Generated report for Ali Shopping Mall.
2026-05-16 05:51:43,386 - INFO - [analyzer.business_report_generator] - Generated report for Kunnil Hypermarket.
2026-05-16 05:51:43,574 - INFO - [analyzer.business_report_generator] - Generated report for Ramachandran Thirumala.
2026-05-16 05:51:43,746 - INFO - [analyzer.business_report_generator] - Generated report for Nandilath G-Mart.
2026-05-16 05:51:43,942 - INFO - [analyzer.business_report_generator] - Generated report for Salim Store.
2026-05-16 05:51:44,187 - INFO - [analyzer.business_report_generator] - Generated report for Vibe Company.
2026-05-16 05:51:44,350 - INFO - [analyzer.business_report_generator] - Generated report for August.
2026-05-16 05:51:44,523 - INFO - [analyzer.business_report_generator] - Generated report for Supreme Gourmet.
2026-05-16 05:51:44,686 - INFO - [analyzer.business_report_generator] - Generated report for Asha Store.
2026-05-16 05:51:44,808 - INFO - [analyzer.business_report_generator] - Generated report for TVMKart.com | Online Stationery Store in Trivandrum.
2026-05-16 05:51:45,151 - INFO - [analyzer.business_report_generator] - Generated report for All The Plus Size Store.
2026-05-16 05:51:45,356 - INFO - [analyzer.business_report_generator] - Generated report for Bata Shoe Store.
2026-05-16 05:51:45,609 - INFO - [analyzer.business_report_generator] - Generated report for Utsa by Westside - Kuravankonam Thiruvananthapuram.
2026-05-16 05:51:45,854 - INFO - [analyzer.business_report_generator] - Generated report for Pattoor Stores.
2026-05-16 05:51:46,083 - INFO - [analyzer.business_report_generator] - Generated report for Malankara Avenue.
2026-05-16 05:51:46,328 - INFO - [analyzer.business_report_generator] - Generated report for Aasco Grand mart discount bazar.
2026-05-16 05:51:46,573 - INFO - [analyzer.business_report_generator] - Generated report for LOYALCITY Supermarket.
2026-05-16 05:51:46,821 - INFO - [analyzer.business_report_generator] - Generated report for Prestige Xclusive - Pattom, Thiruvananthapuram.
2026-05-16 05:51:47,023 - INFO - [analyzer.business_report_generator] - Generated report for KUNNIL SUPERMARKET THIRUMALA.
2026-05-16 12:24:17,024 - INFO - [analyzer.business_report_generator] - Generated report for Shopalyst Technologies Pvt Ltd.
2026-05-16 12:24:17,411 - INFO - [analyzer.business_report_generator] - Generated report for Septagon Builders and Developers Pvt Ltd.
2026-05-16 12:24:17,589 - INFO - [analyzer.business_report_generator] - Generated report for Preigo Fover Technologies.
2026-05-17 12:14:56,062 - INFO - [analyzer.business_report_generator] - Generated report for i-Cons Technologies.
2026-05-17 12:14:56,487 - INFO - [analyzer.business_report_generator] - Generated report for Global Solutions.
2026-05-17 12:14:56,713 - INFO - [analyzer.business_report_generator] - Generated report for BPO Integra India Private Limited.
2026-05-17 13:37:17,225 - INFO - [analyzer.business_report_generator] - Generated report for DR AKHIL'S SMILE CONCEPTS DENTAL CARE & IMPLANT CENTRE.
2026-05-17 14:02:02,915 - INFO - [analyzer.business_report_generator] - Generated report for DR AKHIL'S SMILE CONCEPTS DENTAL CARE & IMPLANT CENTRE.
2026-05-17 14:02:59,036 - INFO - [analyzer.business_report_generator] - Generated report for DR AKHIL'S SMILE CONCEPTS DENTAL CARE & IMPLANT CENTRE.
2026-05-17 14:03:49,125 - INFO - [analyzer.business_report_generator] - Generated report for DR AKHIL'S SMILE CONCEPTS DENTAL CARE & IMPLANT CENTRE.
2026-05-17 14:25:17,022 - INFO - [analyzer.business_report_generator] - Generated report for DR AKHIL'S SMILE CONCEPTS DENTAL CARE & IMPLANT CENTRE.
